Component: ARM Compiler 5.06 update 6 (build 750) Tool: armlink [4d35ed]

==============================================================================

Section Cross References

    main.o(i.main) refers to kservice.o(i.rt_kprintf) for rt_kprintf
    main.o(i.main) refers to task_userinit.o(i.Task_UserInit) for Task_UserInit
    main.o(i.main) refers to usercode.o(i.UserLogic_Code) for UserLogic_Code
    usercode.o(i.UserLogic_Code) refers to fflti.o(.text) for __aeabi_i2f
    usercode.o(i.UserLogic_Code) refers to fdiv.o(.text) for __aeabi_fdiv
    usercode.o(i.UserLogic_Code) refers to fmul.o(.text) for __aeabi_fmul
    usercode.o(i.UserLogic_Code) refers to f2d.o(.text) for __aeabi_f2d
    usercode.o(i.UserLogic_Code) refers to printfa.o(i.__0printf) for __2printf
    usercode.o(i.UserLogic_Code) refers to bsp_io.o(.data) for JY901S
    task_irq.o(i.EXTI15_10_IRQHandler) refers to task_irq.o(i.Task_EXTI15_10_IRQHandler) for Task_EXTI15_10_IRQHandler
    task_irq.o(i.EXTI9_5_IRQHandler) refers to task_irq.o(i.Task_EXTI9_5_IRQHandler) for Task_EXTI9_5_IRQHandler
    task_irq.o(i.USART1_IRQHandler) refers to drv_hal_uart.o(i.Drv_Uart_DMA_Handler) for Drv_Uart_DMA_Handler
    task_irq.o(i.USART1_IRQHandler) refers to bsp_io.o(.data) for demoUart1
    task_irq.o(i.USART2_IRQHandler) refers to drv_hal_uart.o(i.Drv_Uart_DMA_Handler) for Drv_Uart_DMA_Handler
    task_irq.o(i.USART2_IRQHandler) refers to bsp_io.o(.data) for JY901S
    task_sysinit.o(i.Task_Sys_Init) refers to drv_hal.o(i.Drv_HAL_Init) for Drv_HAL_Init
    task_userinit.o(i.Task_UserInit) refers to drv_hal_gpio.o(i.Drv_GPIO_Init) for Drv_GPIO_Init
    task_userinit.o(i.Task_UserInit) refers to drv_hal_uart.o(i.Drv_Uart_DMAInit) for Drv_Uart_DMAInit
    task_userinit.o(i.Task_UserInit) refers to printfa.o(i.__0printf) for __2printf
    task_userinit.o(i.Task_UserInit) refers to bsp_io.o(.data) for demoGPIO
    task_motor.o(i.Task_Motor_AllStart) refers to fadd.o(.text) for __aeabi_fadd
    task_motor.o(i.Task_Motor_AllStart) refers to ffixui.o(.text) for __aeabi_f2uiz
    task_motor.o(i.Task_Motor_AllStart) refers to task_motor.o(i.Task_Motor_Start) for Task_Motor_Start
    task_motor.o(i.Task_Motor_AllStop) refers to task_motor.o(i.Task_Motor_Stop) for Task_Motor_Stop
    task_motor.o(i.Task_Motor_Init) refers to drv_hal_delay.o(i.Drv_Delay_Ms) for Drv_Delay_Ms
    task_motor.o(i.Task_Motor_Init) refers to drv_hal_pwm.o(i.Drv_PMW_FreqSet) for Drv_PMW_FreqSet
    task_motor.o(i.Task_Motor_Init) refers to bsp_io.o(.data) for tPWMDemo
    task_motor.o(i.Task_Motor_SpeedSet) refers to drv_hal_pwm.o(i.Drv_PMW_FreqSet) for Drv_PMW_FreqSet
    task_motor.o(i.Task_Motor_SpeedSet) refers to bsp_io.o(.data) for tPWMDemo
    task_motor.o(i.Task_Motor_Start) refers to task_motor.o(i.Task_Motor_SpeedSet) for Task_Motor_SpeedSet
    task_motor.o(i.Task_Motor_Stop) refers to drv_hal_pwm.o(i.Drv_PMW_FreqSet) for Drv_PMW_FreqSet
    task_motor.o(i.Task_Motor_Stop) refers to bsp_io.o(.data) for tPWMDemo
    task_steer.o(i.Task_Steer_0Angle) refers to drv_hal_pwm.o(i.Drv_PMW_FreqSet) for Drv_PMW_FreqSet
    task_steer.o(i.Task_Steer_0Angle) refers to bsp_io.o(.data) for tPWMDemo
    task_steer.o(i.Task_Steer_180Angle) refers to drv_hal_pwm.o(i.Drv_PMW_FreqSet) for Drv_PMW_FreqSet
    task_steer.o(i.Task_Steer_180Angle) refers to bsp_io.o(.data) for tPWMDemo
    task_steer.o(i.Task_Steer_90Angle) refers to drv_hal_pwm.o(i.Drv_PMW_FreqSet) for Drv_PMW_FreqSet
    task_steer.o(i.Task_Steer_90Angle) refers to bsp_io.o(.data) for tPWMDemo
    task_steer.o(i.Task_Steer_Angle_Set) refers to drv_hal_pwm.o(i.Drv_PMW_FreqSet) for Drv_PMW_FreqSet
    task_steer.o(i.Task_Steer_Angle_Set) refers to bsp_io.o(.data) for tPWMDemo
    task_steer.o(i.Task_Steer_Init) refers to drv_hal_pwm.o(i.Drv_PMW_FreqSet) for Drv_PMW_FreqSet
    task_steer.o(i.Task_Steer_Init) refers to drv_hal_delay.o(i.Drv_Delay_Ms) for Drv_Delay_Ms
    task_steer.o(i.Task_Steer_Init) refers to bsp_io.o(.data) for tPWMDemo
    task_motionmode.o(i.Task_Horizontal_Heading_Calculation) refers to dflti.o(.text) for __aeabi_i2d
    task_motionmode.o(i.Task_Horizontal_Heading_Calculation) refers to dmul.o(.text) for __aeabi_dmul
    task_motionmode.o(i.Task_Horizontal_Heading_Calculation) refers to ddiv.o(.text) for __aeabi_ddiv
    task_motionmode.o(i.Task_Horizontal_Heading_Calculation) refers to cos.o(i.cos) for cos
    task_motionmode.o(i.Task_Horizontal_Heading_Calculation) refers to dfltui.o(.text) for __aeabi_ui2d
    task_motionmode.o(i.Task_Horizontal_Heading_Calculation) refers to d2f.o(.text) for __aeabi_d2f
    task_motionmode.o(i.Task_Horizontal_Heading_Calculation) refers to task_motionmode.o(.bss) for Pout
    pid.o(i.PID_calc) refers to fadd.o(.text) for __aeabi_fsub
    pid.o(i.PID_calc) refers to fmul.o(.text) for __aeabi_fmul
    pid.o(i.PID_calc) refers to ffixi.o(.text) for __aeabi_f2iz
[...]
    __NVIC_SetPriority                       0x080036f9   Thumb Code    32  stm32f1xx_hal_cortex.o(i.__NVIC_SetPriority)
    i.__rt_ffs                               0x08003720   Section        0  kservice.o(i.__rt_ffs)
    i.__scatterload_copy                     0x0800376c   Section       14  handlers.o(i.__scatterload_copy)
    i.__scatterload_null                     0x0800377a   Section        2  handlers.o(i.__scatterload_null)
    i.__scatterload_zeroinit                 0x0800377c   Section       14  handlers.o(i.__scatterload_zeroinit)
    i._fp_digits                             0x0800378c   Section        0  printfa.o(i._fp_digits)
    _fp_digits                               0x0800378d   Thumb Code   366  printfa.o(i._fp_digits)
    i._printf_core                           0x08003910   Section        0  printfa.o(i._printf_core)
    _printf_core                             0x08003911   Thumb Code  1744  printfa.o(i._printf_core)
    i._printf_post_padding                   0x08003fec   Section        0  printfa.o(i._printf_post_padding)
    _printf_post_padding                     0x08003fed   Thumb Code    36  printfa.o(i._printf_post_padding)
    i._printf_pre_padding                    0x08004010   Section        0  printfa.o(i._printf_pre_padding)
    _printf_pre_padding                      0x08004011   Thumb Code    46  printfa.o(i._printf_pre_padding)
    i._rt_thread_init                        0x08004040   Section        0  thread.o(i._rt_thread_init)
    _rt_thread_init                          0x08004041   Thumb Code   124  thread.o(i._rt_thread_init)
    i._rt_timer_init                         0x080040c4   Section        0  timer.o(i._rt_timer_init)
    _rt_timer_init                           0x080040c5   Thumb Code    66  timer.o(i._rt_timer_init)
    i._rt_timer_remove                       0x08004106   Section        0  timer.o(i._rt_timer_remove)
    _rt_timer_remove                         0x08004107   Thumb Code    28  timer.o(i._rt_timer_remove)
    i._thread_cleanup_execute                0x08004122   Section        0  thread.o(i._thread_cleanup_execute)
    _thread_cleanup_execute                  0x08004123   Thumb Code    28  thread.o(i._thread_cleanup_execute)
    i.fputc                                  0x08004140   Section        0  drv_hal.o(i.fputc)
    i.main                                   0x08004174   Section        0  main.o(i.main)
    i.main_thread_entry                      0x08004194   Section        0  components.o(i.main_thread_entry)
    i.malloc                                 0x080041a4   Section        0  malloc.o(i.malloc)
    i.plug_holes                             0x08004210   Section        0  mem.o(i.plug_holes)
    plug_holes                               0x08004211   Thumb Code   108  mem.o(i.plug_holes)
    i.print_number                           0x08004288   Section        0  kservice.o(i.print_number)
    print_number                             0x08004289   Thumb Code   400  kservice.o(i.print_number)
    i.rt_application_init                    0x08004420   Section        0  components.o(i.rt_application_init)
    i.rt_components_board_init               0x08004450   Section        0  components.o(i.rt_components_board_init)
    i.rt_components_init                     0x0800446c   Section        0  components.o(i.rt_components_init)
    i.rt_enter_critical                      0x08004488   Section        0  scheduler.o(i.rt_enter_critical)
    i.rt_exit_critical                       0x080044a8   Section        0  scheduler.o(i.rt_exit_critical)
    i.rt_free                                0x080044ec   Section        0  mem.o(i.rt_free)
    i.rt_heap_begin_get                      0x080045cc   Section        0  board.o(i.rt_heap_begin_get)
    i.rt_heap_end_get                        0x080045d4   Section        0  board.o(i.rt_heap_end_get)
    i.rt_hw_board_init                       0x080045dc   Section        0  board.o(i.rt_hw_board_init)
    i.rt_hw_console_output                   0x0800466c   Section        0  board.o(i.rt_hw_console_output)
    i.rt_hw_hard_fault_exception             0x080046bc   Section        0  cpuport.o(i.rt_hw_hard_fault_exception)
    i.rt_hw_stack_init                       0x080048bc   Section        0  cpuport.o(i.rt_hw_stack_init)
    i.rt_interrupt_enter                     0x08004908   Section        0  irq.o(i.rt_interrupt_enter)
    i.rt_interrupt_leave                     0x08004928   Section        0  irq.o(i.rt_interrupt_leave)
    i.rt_ipc_list_suspend                    0x08004948   Section        0  ipc.o(i.rt_ipc_list_suspend)
    rt_ipc_list_suspend                      0x08004949   Thumb Code   110  ipc.o(i.rt_ipc_list_suspend)
    i.rt_ipc_object_init                     0x080049b6   Section        0  ipc.o(i.rt_ipc_object_init)
    rt_ipc_object_init                       0x080049b7   Thumb Code    16  ipc.o(i.rt_ipc_object_init)
    i.rt_kprintf                             0x080049c8   Section        0  kservice.o(i.rt_kprintf)
    i.rt_list_init                           0x080049f8   Section        0  scheduler.o(i.rt_list_init)
    rt_list_init                             0x080049f9   Thumb Code     6  scheduler.o(i.rt_list_init)
    i.rt_list_init                           0x080049fe   Section        0  timer.o(i.rt_list_init)
    rt_list_init                             0x080049ff   Thumb Code     6  timer.o(i.rt_list_init)
    i.rt_list_insert_after                   0x08004a04   Section        0  object.o(i.rt_list_insert_after)
    rt_list_insert_after                     0x08004a05   Thumb Code    14  object.o(i.rt_list_insert_after)
    i.rt_list_insert_after                   0x08004a12   Section        0  thread.o(i.rt_list_insert_after)
    rt_list_insert_after                     0x08004a13   Thumb Code    14  thread.o(i.rt_list_insert_after)
    i.rt_list_insert_after                   0x08004a20   Section        0  timer.o(i.rt_list_insert_after)
    rt_list_insert_after                     0x08004a21   Thumb Code    14  timer.o(i.rt_list_insert_after)
    i.rt_list_insert_before                  0x08004a2e   Section        0  ipc.o(i.rt_list_insert_before)
    rt_list_insert_before                    0x08004a2f   Thumb Code    14  ipc.o(i.rt_list_insert_before)
    i.rt_list_isempty                        0x08004a3c   Section        0  ipc.o(i.rt_list_isempty)
    rt_list_isempty                          0x08004a3d   Thumb Code    16  ipc.o(i.rt_list_isempty)
    i.rt_list_isempty                        0x08004a4c   Section        0  timer.o(i.rt_list_isempty)
    rt_list_isempty                          0x08004a4d   Thumb Code    16  timer.o(i.rt_list_isempty)
    i.rt_list_remove                         0x08004a5c   Section        0  object.o(i.rt_list_remove)
    rt_list_remove                           0x08004a5d   Thumb Code    18  object.o(i.rt_list_remove)
    i.rt_list_remove                         0x08004a6e   Section        0  thread.o(i.rt_list_remove)
    rt_list_remove                           0x08004a6f   Thumb Code    18  thread.o(i.rt_list_remove)
    i.rt_list_remove                         0x08004a80   Section        0  timer.o(i.rt_list_remove)
    rt_list_remove                           0x08004a81   Thumb Code    18  timer.o(i.rt_list_remove)
    i.rt_malloc                              0x08004a94   Section        0  mem.o(i.rt_malloc)
    i.rt_memset                              0x08004c00   Section        0  kservice.o(i.rt_memset)
    i.rt_object_allocate                     0x08004c48   Section        0  object.o(i.rt_object_allocate)
    i.rt_object_delete                       0x08004c9c   Section        0  object.o(i.rt_object_delete)
    i.rt_object_detach                       0x08004cc0   Section        0  object.o(i.rt_object_detach)
    i.rt_object_get_information              0x08004ce0   Section        0  object.o(i.rt_object_get_information)
    i.rt_object_init                         0x08004d08   Section        0  object.o(i.rt_object_init)
    i.rt_object_is_systemobject              0x08004d5e   Section        0  object.o(i.rt_object_is_systemobject)
    i.rt_schedule                            0x08004d70   Section        0  scheduler.o(i.rt_schedule)
    i.rt_schedule_insert_thread              0x08004df4   Section        0  scheduler.o(i.rt_schedule_insert_thread)
    i.rt_schedule_remove_thread              0x08004e44   Section        0  scheduler.o(i.rt_schedule_remove_thread)
    i.rt_sem_init                            0x08004e98   Section        0  ipc.o(i.rt_sem_init)
    i.rt_sem_release                         0x08004ebe   Section        0  ipc.o(i.rt_sem_release)
    i.rt_sem_take                            0x08004f1c   Section        0  ipc.o(i.rt_sem_take)
    i.rt_strlen                              0x08004f90   Section        0  kservice.o(i.rt_strlen)
    i.rt_strncpy                             0x08004fa2   Section        0  kservice.o(i.rt_strncpy)
    i.rt_system_heap_init                    0x08004fd8   Section        0  mem.o(i.rt_system_heap_init)
    i.rt_system_scheduler_init               0x080050d0   Section        0  scheduler.o(i.rt_system_scheduler_init)
    i.rt_system_scheduler_start              0x0800511c   Section        0  scheduler.o(i.rt_system_scheduler_start)
    i.rt_system_timer_init                   0x0800514c   Section        0  timer.o(i.rt_system_timer_init)
    i.rt_system_timer_thread_init            0x08005168   Section        0  timer.o(i.rt_system_timer_thread_init)
    i.rt_thread_create                       0x0800516a   Section        0  thread.o(i.rt_thread_create)
    i.rt_thread_exit                         0x080051bc   Section        0  thread.o(i.rt_thread_exit)
    i.rt_thread_idle_entry                   0x08005214   Section        0  idle.o(i.rt_thread_idle_entry)
    rt_thread_idle_entry                     0x08005215   Thumb Code     8  idle.o(i.rt_thread_idle_entry)
    i.rt_thread_idle_excute                  0x0800521c   Section        0  idle.o(i.rt_thread_idle_excute)
    i.rt_thread_idle_init                    0x0800527c   Section        0  idle.o(i.rt_thread_idle_init)
    i.rt_thread_init                         0x080052b8   Section        0  thread.o(i.rt_thread_init)
    i.rt_thread_resume                       0x080052ec   Section        0  thread.o(i.rt_thread_resume)
    i.rt_thread_self                         0x08005328   Section        0  thread.o(i.rt_thread_self)
    i.rt_thread_startup                      0x08005334   Section        0  thread.o(i.rt_thread_startup)
    i.rt_thread_suspend                      0x08005360   Section        0  thread.o(i.rt_thread_suspend)
    i.rt_thread_timeout                      0x080053a4   Section        0  thread.o(i.rt_thread_timeout)
    i.rt_thread_yield                        0x080053c4   Section        0  thread.o(i.rt_thread_yield)
    i.rt_tick_get                            0x08005428   Section        0  clock.o(i.rt_tick_get)
    i.rt_tick_increase                       0x08005434   Section        0  clock.o(i.rt_tick_increase)
    i.rt_timer_check                         0x08005464   Section        0  timer.o(i.rt_timer_check)
    i.rt_timer_control                       0x08005508   Section        0  timer.o(i.rt_timer_control)
    i.rt_timer_detach                        0x0800556a   Section        0  timer.o(i.rt_timer_detach)
    i.rt_timer_init                          0x08005592   Section        0  timer.o(i.rt_timer_init)
    i.rt_timer_start                         0x080055c0   Section        0  timer.o(i.rt_timer_start)
    i.rt_timer_stop                          0x080056ac   Section        0  timer.o(i.rt_timer_stop)
    i.rt_vsnprintf                           0x080056dc   Section        0  kservice.o(i.rt_vsnprintf)
    i.rti_board_end                          0x08005a1c   Section        0  components.o(i.rti_board_end)
    rti_board_end                            0x08005a1d   Thumb Code     4  components.o(i.rti_board_end)
    i.rti_board_start                        0x08005a20   Section        0  components.o(i.rti_board_start)
    rti_board_start                          0x08005a21   Thumb Code     4  components.o(i.rti_board_start)
    i.rti_end                                0x08005a24   Section        0  components.o(i.rti_end)
    rti_end                                  0x08005a25   Thumb Code     4  components.o(i.rti_end)
    i.rti_start                              0x08005a28   Section        0  components.o(i.rti_start)
    rti_start                                0x08005a29   Thumb Code     4  components.o(i.rti_start)
    i.rtthread_startup                       0x08005a2c   Section        0  components.o(i.rtthread_startup)
    i.skip_atoi                              0x08005a52   Section        0  kservice.o(i.skip_atoi)
    skip_atoi                                0x08005a53   Thumb Code    38  kservice.o(i.skip_atoi)
    i.uart_init                              0x08005a78   Section        0  board.o(i.uart_init)
    uart_init                                0x08005a79   Thumb Code   156  board.o(i.uart_init)
    .constdata                               0x08005b24   Section       15  ocd_jy901.o(.constdata)
    .constdata                               0x08005b33   Section      290  kservice.o(.constdata)
    small_digits                             0x08005c33   Data          17  kservice.o(.constdata)
    large_digits                             0x08005c44   Data          17  kservice.o(.constdata)
    .constdata                               0x08005c55   Section       24  system_stm32f1xx.o(.constdata)
    .rti_fn.0                                0x08005c70   Section        4  components.o(.rti_fn.0)
    __tagsym$$used                           0x08005c70   Number         0  components.o(.rti_fn.0)
    .rti_fn.0.end                            0x08005c74   Section        4  components.o(.rti_fn.0.end)
    __tagsym$$used                           0x08005c74   Number         0  components.o(.rti_fn.0.end)
    .rti_fn.1                                0x08005c78   Section        4  board.o(.rti_fn.1)
    __tagsym$$used                           0x08005c78   Number         0  board.o(.rti_fn.1)
    .rti_fn.1.end                            0x08005c7c   Section        4  components.o(.rti_fn.1.end)
    __tagsym$$used                           0x08005c7c   Number         0  components.o(.rti_fn.1.end)
    .rti_fn.6.end                            0x08005c80   Section        4  components.o(.rti_fn.6.end)
    __tagsym$$used                           0x08005c80   Number         0  components.o(.rti_fn.6.end)
    .data                                    0x20000000   Section     2124  bsp_io.o(.data)
    .data                                    0x2000084c   Section        4  drv_hal.o(.data)
    .data                                    0x20000850   Section        4  clock.o(.data)
    rt_tick                                  0x20000850   Data           4  clock.o(.data)
    .data                                    0x20000854   Section        1  irq.o(.data)
    .data                                    0x20000858   Section       24  mem.o(.data)
    heap_ptr                                 0x20000858   Data           4  mem.o(.data)
    heap_end                                 0x2000085c   Data           4  mem.o(.data)
    lfree                                    0x20000860   Data           4  mem.o(.data)
    mem_size_aligned                         0x20000864   Data           4  mem.o(.data)
    used_mem                                 0x20000868   Data           4  mem.o(.data)
    max_mem                                  0x2000086c   Data           4  mem.o(.data)
    .data                                    0x20000870   Section       80  object.o(.data)
    rt_object_container                      0x20000870   Data          80  object.o(.data)
    .data                                    0x200008c0   Section       24  scheduler.o(.data)
    rt_scheduler_lock_nest                   0x200008c4   Data           2  scheduler.o(.data)
    .data                                    0x200008d8   Section       12  timer.o(.data)
    rt_timer_list                            0x200008d8   Data           8  timer.o(.data)
    random_nr                                0x200008e0   Data           4  timer.o(.data)
    .data                                    0x200008e4   Section       16  cpuport.o(.data)
    rt_exception_hook                        0x200008f0   Data           4  cpuport.o(.data)
    .data                                    0x200008f4   Section        9  stm32f1xx_hal.o(.data)
    .data                                    0x20000900   Section        4  system_stm32f1xx.o(.data)
    .data                                    0x20000904   Section        4  mvars.o(.data)
    .data                                    0x20000908   Section        4  mvars.o(.data)
    .bss                                     0x2000090c   Section    15424  board.o(.bss)
    rt_heap                                  0x2000090c   Data       15360  board.o(.bss)
    UartHandle                               0x2000450c   Data          64  board.o(.bss)
    .bss                                     0x2000454c   Section      376  idle.o(.bss)
    idle                                     0x2000454c   Data         120  idle.o(.bss)
    rt_thread_stack                          0x200045c4   Data         256  idle.o(.bss)
    .bss                                     0x200046c4   Section      128  kservice.o(.bss)
    rt_log_buf                               0x200046c4   Data         128  kservice.o(.bss)
    .bss                                     0x20004744   Section       32  mem.o(.bss)
    heap_sem                                 0x20004744   Data          32  mem.o(.bss)
    .bss                                     0x20004764   Section      256  scheduler.o(.bss)
    HEAP                                     0x20004868   Section      512  startup_stm32f103xe.o(HEAP)
    STACK                                    0x20004a68   Section     1024  startup_stm32f103xe.o(STACK)

    Global Symbols

    Symbol Name                              Value     Ov Type        Size  Object(Section)

    BuildAttributes$$THM_ISAv4$P$D$K$B$S$PE$A:L22UL41UL21$X:L11$S22US41US21$IEEE1$IW$USESV6$~STKCKD$USESV7$~SHL$OTIME$ROPI$IEEEX$EBA8$MICROLIB$REQ8$PRES8$EABIv2 0x00000000   Number         0  anon$$obj.o ABSOLUTE
    __ARM_use_no_argv                        0x00000000   Number         0  main.o ABSOLUTE
    __use_no_errno                           0x00000000   Number         0  useno.o ABSOLUTE
    __use_no_exception_handling              0x00000000   Number         0  useno.o ABSOLUTE
    __use_no_fp                              0x00000000   Number         0  useno.o ABSOLUTE
    __use_no_heap                            0x00000000   Number         0  useno.o ABSOLUTE
    __use_no_heap_region                     0x00000000   Number         0  useno.o ABSOLUTE
    __use_no_semihosting                     0x00000000   Number         0  useno.o ABSOLUTE
    __use_no_semihosting_swi                 0x00000000   Number         0  useno.o ABSOLUTE
    __use_no_signal_handling                 0x00000000   Number         0  useno.o ABSOLUTE
    _printf_a                                0x00000000   Number         0  stubs.o ABSOLUTE
    _printf_c                                0x00000000   Number         0  stubs.o ABSOLUTE
    _printf_charcount                        0x00000000   Number         0  stubs.o ABSOLUTE
    _printf_d                                0x00000000   Number         0  stubs.o ABSOLUTE
    _printf_e                                0x00000000   Number         0  stubs.o ABSOLUTE
    _printf_f                                0x00000000   Number         0  stubs.o ABSOLUTE
    _printf_flags                            0x00000000   Number         0  stubs.o ABSOLUTE
    _printf_fp_dec                           0x00000000   Number         0  stubs.o ABSOLUTE
    _printf_fp_hex                           0x00000000   Number         0  stubs.o ABSOLUTE
    _printf_g                                0x00000000   Number         0  stubs.o ABSOLUTE
    _printf_i                                0x00000000   Number         0  stubs.o ABSOLUTE
    _printf_int_dec                          0x00000000   Number         0  stubs.o ABSOLUTE
    _printf_l                                0x00000000   Number         0  stubs.o ABSOLUTE
    _printf_lc                               0x00000000   Number         0  stubs.o ABSOLUTE
    _printf_ll                               0x00000000   Number         0  stubs.o ABSOLUTE
    _printf_lld                              0x00000000   Number         0  stubs.o ABSOLUTE
    _printf_lli                              0x00000000   Number         0  stubs.o ABSOLUTE
    _printf_llo                              0x00000000   Number         0  stubs.o ABSOLUTE
    _printf_llu                              0x00000000   Number         0  stubs.o ABSOLUTE
    _printf_llx                              0x00000000   Number         0  stubs.o ABSOLUTE
    _printf_longlong_dec                     0x00000000   Number         0  stubs.o ABSOLUTE
    _printf_longlong_hex                     0x00000000   Number         0  stubs.o ABSOLUTE
    _printf_longlong_oct                     0x00000000   Number         0  stubs.o ABSOLUTE
    _printf_ls                               0x00000000   Number         0  stubs.o ABSOLUTE
    _printf_mbtowc                           0x00000000   Number         0  stubs.o ABSOLUTE
    _printf_n                                0x00000000   Number         0  stubs.o ABSOLUTE
    _printf_o                                0x00000000   Number         0  stubs.o ABSOLUTE
    _printf_p                                0x00000000   Number         0  stubs.o ABSOLUTE
    _printf_percent                          0x00000000   Number         0  stubs.o ABSOLUTE
    _printf_pre_padding                      0x00000000   Number         0  stubs.o ABSOLUTE
    _printf_return_value                     0x00000000   Number         0  stubs.o ABSOLUTE
    _printf_s                                0x00000000   Number         0  stubs.o ABSOLUTE
    _printf_sizespec                         0x00000000   Number         0  stubs.o ABSOLUTE
    _printf_str                              0x00000000   Number         0  stubs.o ABSOLUTE
    _printf_truncate_signed                  0x00000000   Number         0  stubs.o ABSOLUTE
    _printf_truncate_unsigned                0x00000000   Number         0  stubs.o ABSOLUTE
    _printf_u                                0x00000000   Number         0  stubs.o ABSOLUTE
    _printf_wc                               0x00000000   Number         0  stubs.o ABSOLUTE
    _printf_wctomb                           0x00000000   Number         0  stubs.o ABSOLUTE
    _printf_widthprec                        0x00000000   Number         0  stubs.o ABSOLUTE
    _printf_x                                0x00000000   Number         0  stubs.o ABSOLUTE
    __cpp_initialize__aeabi_                  - Undefined Weak Reference
    __cxa_finalize                            - Undefined Weak Reference
    _clock_init                               - Undefined Weak Reference
    _microlib_exit                            - Undefined Weak Reference
    __Vectors_Size                           0x00000130   Number         0  startup_stm32f103xe.o ABSOLUTE
    __Vectors                                0x08000000   Data           4  startup_stm32f103xe.o(RESET)
    __Vectors_End                            0x08000130   Data           0  startup_stm32f103xe.o(RESET)
    __main                                   0x08000131   Thumb Code     0  entry.o(.ARM.Collect$$$$00000000)
    _main_stk                                0x08000131   Thumb Code     0  entry2.o(.ARM.Collect$$$$00000001)
    _main_scatterload                        0x08000135   Thumb Code     0  entry5.o(.ARM.Collect$$$$00000004)
    __main_after_scatterload                 0x08000139   Thumb Code     0  entry5.o(.ARM.Collect$$$$00000004)
    _main_clock                              0x08000139   Thumb Code     0  entry7b.o(.ARM.Collect$$$$00000008)
    _main_cpp_init                           0x08000139   Thumb Code     0  entry8b.o(.ARM.Collect$$$$0000000A)
    _main_init                               0x08000139   Thumb Code     0  entry9a.o(.ARM.Collect$$$$0000000B)
    __rt_final_cpp                           0x08000141   Thumb Code     0  entry10a.o(.ARM.Collect$$$$0000000D)
    __rt_final_exit                          0x08000141   Thumb Code     0  entry11a.o(.ARM.Collect$$$$0000000F)
    rt_hw_interrupt_disable                  0x08000145   Thumb Code     8  context_rvds.o(.text)
    rt_hw_interrupt_enable                   0x0800014d   Thumb Code     6  context_rvds.o(.text)
    rt_hw_context_switch                     0x08000153   Thumb Code    32  context_rvds.o(.text)
    rt_hw_context_switch_interrupt           0x08000153   Thumb Code     0  context_rvds.o(.text)
    PendSV_Handler                           0x08000173   Thumb Code    60  context_rvds.o(.text)
    rt_hw_context_switch_to                  0x080001af   Thumb Code    56  context_rvds.o(.text)
    rt_hw_interrupt_thread_switch            0x080001e7   Thumb Code     2  context_rvds.o(.text)
    HardFault_Handler                        0x080001e9   Thumb Code    52  context_rvds.o(.text)
    Reset_Handler                            0x08000239   Thumb Code     8  startup_stm32f103xe.o(.text)
    ADC1_2_IRQHandler                        0x08000253   Thumb Code     0  startup_stm32f103xe.o(.text)
    ADC3_IRQHandler                          0x08000253   Thumb Code     0  startup_stm32f103xe.o(.text)
    CAN1_RX1_IRQHandler                      0x08000253   Thumb Code     0  startup_stm32f103xe.o(.text)
    CAN1_SCE_IRQHandler                      0x08000253   Thumb Code     0  startup_stm32f103xe.o(.text)
    DMA1_Channel1_IRQHandler                 0x08000253   Thumb Code     0  startup_stm32f103xe.o(.text)
    DMA1_Channel2_IRQHandler                 0x08000253   Thumb Code     0  startup_stm32f103xe.o(.text)
    DMA1_Channel3_IRQHandler                 0x08000253   Thumb Code     0  startup_stm32f103xe.o(.text)
    DMA1_Channel4_IRQHandler                 0x08000253   Thumb Code     0  startup_stm32f103xe.o(.text)
    DMA1_Channel5_IRQHandler                 0x08000253   Thumb Code     0  startup_stm32f103xe.o(.text)
    DMA1_Channel6_IRQHandler                 0x08000253   Thumb Code     0  startup_stm32f103xe.o(.text)
    DMA1_Channel7_IRQHandler                 0x08000253   Thumb Code     0  startup_stm32f103xe.o(.text)
    DMA2_Channel1_IRQHandler                 0x08000253   Thumb Code     0  startup_stm32f103xe.o(.text)
    DMA2_Channel2_IRQHandler                 0x08000253   Thumb Code     0  startup_stm32f103xe.o(.text)
    DMA2_Channel3_IRQHandler                 0x08000253   Thumb Code     0  startup_stm32f103xe.o(.text)
    DMA2_Channel4_5_IRQHandler               0x08000253   Thumb Code     0  startup_stm32f103xe.o(.text)
    EXTI0_IRQHandler                         0x08000253   Thumb Code     0  startup_stm32f103xe.o(.text)
    EXTI1_IRQHandler                         0x08000253   Thumb Code     0  startup_stm32f103xe.o(.text)
    EXTI2_IRQHandler                         0x08000253   Thumb Code     0  startup_stm32f103xe.o(.text)
    EXTI3_IRQHandler                         0x08000253   Thumb Code     0  startup_stm32f103xe.o(.text)
    EXTI4_IRQHandler                         0x08000253   Thumb Code     0  startup_stm32f103xe.o(.text)
    FLASH_IRQHandler                         0x08000253   Thumb Code     0  startup_stm32f103xe.o(.text)
    FSMC_IRQHandler                          0x08000253   Thumb Code     0  startup_stm32f103xe.o(.text)
    I2C1_ER_IRQHandler                       0x08000253   Thumb Code     0  startup_stm32f103xe.o(.text)
    I2C1_EV_IRQHandler                       0x08000253   Thumb Code     0  startup_stm32f103xe.o(.text)
    I2C2_ER_IRQHandler                       0x08000253   Thumb Code     0  startup_stm32f103xe.o(.text)
    I2C2_EV_IRQHandler                       0x08000253   Thumb Code     0  startup_stm32f103xe.o(.text)
    PVD_IRQHandler                           0x08000253   Thumb Code     0  startup_stm32f103xe.o(.text)
    RCC_IRQHandler                           0x08000253   Thumb Code     0  startup_stm32f103xe.o(.text)
    RTC_Alarm_IRQHandler                     0x08000253   Thumb Code     0  startup_stm32f103xe.o(.text)
    RTC_IRQHandler                           0x08000253   Thumb Code     0  startup_stm32f103xe.o(.text)
    SDIO_IRQHandler                          0x08000253   Thumb Code     0  startup_stm32f103xe.o(.text)
    SPI1_IRQHandler                          0x08000253   Thumb Code     0  startup_stm32f103xe.o(.text)
    SPI2_IRQHandler                          0x08000253   Thumb Code     0  startup_stm32f103xe.o(.text)
    SPI3_IRQHandler                          0x08000253   Thumb Code     0  startup_stm32f103xe.o(.text)
    TAMPER_IRQHandler                        0x08000253   Thumb Code     0  startup_stm32f103xe.o(.text)
    TIM1_BRK_IRQHandler                      0x08000253   Thumb Code     0  startup_stm32f103xe.o(.text)
    TIM1_CC_IRQHandler                       0x08000253   Thumb Code     0  startup_stm32f103xe.o(.text)
    TIM1_TRG_COM_IRQHandler                  0x08000253   Thumb Code     0  startup_stm32f103xe.o(.text)
    TIM1_UP_IRQHandler                       0x08000253   Thumb Code     0  startup_stm32f103xe.o(.text)
    TIM8_BRK_IRQHandler                      0x08000253   Thumb Code     0  startup_stm32f103xe.o(.text)
    TIM8_CC_IRQHandler                       0x08000253   Thumb Code     0  startup_stm32f103xe.o(.text)
    TIM8_TRG_COM_IRQHandler                  0x08000253   Thumb Code     0  startup_stm32f103xe.o(.text)
    TIM8_UP_IRQHandler                       0x08000253   Thumb Code     0  startup_stm32f103xe.o(.text)
    USBWakeUp_IRQHandler                     0x08000253   Thumb Code     0  startup_stm32f103xe.o(.text)
    USB_HP_CAN1_TX_IRQHandler                0x08000253   Thumb Code     0  startup_stm32f103xe.o(.text)
    USB_LP_CAN1_RX0_IRQHandler               0x08000253   Thumb Code     0  startup_stm32f103xe.o(.text)
    WWDG_IRQHandler                          0x08000253   Thumb Code     0  startup_stm32f103xe.o(.text)
    __aeabi_llsr                             0x0800025d   Thumb Code    32  llushr.o(.text)
    _ll_ushift_r                             0x0800025d   Thumb Code     0  llushr.o(.text)
    __aeabi_memset                           0x0800027d   Thumb Code    14  memseta.o(.text)
    __aeabi_memset4                          0x0800027d   Thumb Code     0  memseta.o(.text)
    __aeabi_memset8                          0x0800027d   Thumb Code     0  memseta.o(.text)
    __aeabi_memclr                           0x0800028b   Thumb Code     4  memseta.o(.text)
    __aeabi_memclr4                          0x0800028b   Thumb Code     0  memseta.o(.text)
    __aeabi_memclr8                          0x0800028b   Thumb Code     0  memseta.o(.text)
    _memset$wrapper                          0x0800028f   Thumb Code    18  memseta.o(.text)
    __aeabi_fmul                             0x080002a1   Thumb Code   100  fmul.o(.text)
    __aeabi_fdiv                             0x08000305   Thumb Code   124  fdiv.o(.text)
    __aeabi_dmul                             0x08000381   Thumb Code   228  dmul.o(.text)
    __aeabi_ddiv                             0x08000465   Thumb Code   222  ddiv.o(.text)
    __aeabi_i2f                              0x08000543   Thumb Code    18  fflti.o(.text)
    __aeabi_ui2f                             0x08000555   Thumb Code    10  ffltui.o(.text)
    __aeabi_f2uiz                            0x0800055f   Thumb Code    40  ffixui.o(.text)
    __aeabi_f2d                              0x08000587   Thumb Code    38  f2d.o(.text)
    __aeabi_uidiv                            0x080005ad   Thumb Code     0  uidiv.o(.text)
    __aeabi_uidivmod                         0x080005ad   Thumb Code    44  uidiv.o(.text)
    __aeabi_uldivmod                         0x080005d9   Thumb Code    98  uldiv.o(.text)
    __I$use$fp                               0x0800063b   Thumb Code     0  iusefp.o(.text)
    _float_round                             0x0800063b   Thumb Code    18  fepilogue.o(.text)
    _float_epilogue                          0x0800064d   Thumb Code    92  fepilogue.o(.text)
    _double_round                            0x080006a9   Thumb Code    30  depilogue.o(.text)
    _double_epilogue                         0x080006c7   Thumb Code   156  depilogue.o(.text)
    __aeabi_dadd                             0x08000763   Thumb Code   322  dadd.o(.text)
    __aeabi_dsub                             0x080008a5   Thumb Code     6  dadd.o(.text)
    __aeabi_drsub                            0x080008ab   Thumb Code     6  dadd.o(.text)
    __aeabi_d2ulz                            0x080008b1   Thumb Code    48  dfixul.o(.text)
    __aeabi_cdrcmple                         0x080008e1   Thumb Code    48  cdrcmple.o(.text)
    __scatterload                            0x08000911   Thumb Code    28  init.o(.text)
    __scatterload_rt2                        0x08000911   Thumb Code     0  init.o(.text)
    __aeabi_llsl                             0x08000935   Thumb Code    30  llshl.o(.text)
    _ll_shift_l                              0x08000935   Thumb Code     0  llshl.o(.text)
    __aeabi_lasr                             0x08000953   Thumb Code    36  llsshr.o(.text)
    _ll_sshift_r                             0x08000953   Thumb Code     0  llsshr.o(.text)
    __decompress                             0x08000977   Thumb Code     0  __dczerorl2.o(.text)
    __decompress1                            0x08000977   Thumb Code    86  __dczerorl2.o(.text)
    main                                     0x080009cd   Thumb Code    10  components.o(i.$Sub$$main)
    BusFault_Handler                         0x080009d7   Thumb Code     4  drv_hal.o(i.BusFault_Handler)
    DebugMon_Handler                         0x08000a07   Thumb Code     2  drv_hal.o(i.DebugMon_Handler)
    Drv_Delay_Ms                             0x08000a09   Thumb Code    12  drv_hal_delay.o(i.Drv_Delay_Ms)
    Drv_GPIO_Init                            0x08000a15   Thumb Code    44  drv_hal_gpio.o(i.Drv_GPIO_Init)
    Drv_HAL_Error                            0x08000a41   Thumb Code    24  drv_hal.o(i.Drv_HAL_Error)
    Drv_HAL_Init                             0x08000a9d   Thumb Code    16  drv_hal.o(i.Drv_HAL_Init)
    Drv_IICSoft_Init                         0x08000aad   Thumb Code    14  drv_hal_iic_soft.o(i.Drv_IICSoft_Init)
    Drv_IICSoft_SendByte                     0x08000abb   Thumb Code    86  drv_hal_iic_soft.o(i.Drv_IICSoft_SendByte)
    Drv_IICSoft_Start                        0x08000b11   Thumb Code    48  drv_hal_iic_soft.o(i.Drv_IICSoft_Start)
    Drv_IICSoft_Stop                         0x08000b41   Thumb Code    48  drv_hal_iic_soft.o(i.Drv_IICSoft_Stop)
    Drv_IICSoft_WaitAck                      0x08000b71   Thumb Code    76  drv_hal_iic_soft.o(i.Drv_IICSoft_WaitAck)
    Drv_PWM_Init                             0x08000bbd   Thumb Code    56  drv_hal_pwm.o(i.Drv_PWM_Init)
    Drv_Uart_DMAInit                         0x08000bf5   Thumb Code   104  drv_hal_uart.o(i.Drv_Uart_DMAInit)
    Drv_Uart_DMA_Handler                     0x08000c5d   Thumb Code    82  drv_hal_uart.o(i.Drv_Uart_DMA_Handler)
    Drv_Uart_Transmit                        0x08000caf   Thumb Code    22  drv_hal_uart.o(i.Drv_Uart_Transmit)
    EXTI15_10_IRQHandler                     0x08000cc5   Thumb Code     8  task_irq.o(i.EXTI15_10_IRQHandler)
    EXTI9_5_IRQHandler                       0x08000ccd   Thumb Code     8  task_irq.o(i.EXTI9_5_IRQHandler)
    HAL_DMA_Abort                            0x08000cd5   Thumb Code    86  stm32f1xx_hal_dma.o(i.HAL_DMA_Abort)
    HAL_DMA_Init                             0x08000d2d   Thumb Code   132  stm32f1xx_hal_dma.o(i.HAL_DMA_Init)
    HAL_DMA_Start_IT                         0x08000db9   Thumb Code   156  stm32f1xx_hal_dma.o(i.HAL_DMA_Start_IT)
    HAL_Delay                                0x08000e55   Thumb Code    36  stm32f1xx_hal.o(i.HAL_Delay)
    HAL_GPIO_Init                            0x08000e7d   Thumb Code   792  stm32f1xx_hal_gpio.o(i.HAL_GPIO_Init)
    HAL_GPIO_ReadPin                         0x080011bd   Thumb Code    16  stm32f1xx_hal_gpio.o(i.HAL_GPIO_ReadPin)
    HAL_GPIO_WritePin                        0x080011cd   Thumb Code    12  stm32f1xx_hal_gpio.o(i.HAL_GPIO_WritePin)
    HAL_GetTick                              0x080011d9   Thumb Code     6  stm32f1xx_hal.o(i.HAL_GetTick)
    HAL_Init                                 0x080011e5   Thumb Code    34  stm32f1xx_hal.o(i.HAL_Init)
    HAL_InitTick                             0x0800120d   Thumb Code    64  stm32f1xx_hal.o(i.HAL_InitTick)
    HAL_MspInit                              0x08001259   Thumb Code   132  drv_hal.o(i.HAL_MspInit)
    HAL_NVIC_EnableIRQ                       0x080012e5   Thumb Code    32  stm32f1xx_hal_cortex.o(i.HAL_NVIC_EnableIRQ)
    HAL_NVIC_SetPriority                     0x08001305   Thumb Code   124  stm32f1xx_hal_cortex.o(i.HAL_NVIC_SetPriority)
    HAL_NVIC_SetPriorityGrouping             0x08001381   Thumb Code    32  stm32f1xx_hal_cortex.o(i.HAL_NVIC_SetPriorityGrouping)
    HAL_RCC_ClockConfig                      0x080013a9   Thumb Code   376  stm32f1xx_hal_rcc.o(i.HAL_RCC_ClockConfig)
    HAL_RCC_GetHCLKFreq                      0x08001535   Thumb Code     6  stm32f1xx_hal_rcc.o(i.HAL_RCC_GetHCLKFreq)
    HAL_RCC_GetPCLK1Freq                     0x08001541   Thumb Code    22  stm32f1xx_hal_rcc.o(i.HAL_RCC_GetPCLK1Freq)
    HAL_RCC_GetPCLK2Freq                     0x08001561   Thumb Code    22  stm32f1xx_hal_rcc.o(i.HAL_RCC_GetPCLK2Freq)
    HAL_RCC_GetSysClockFreq                  0x08001581   Thumb Code   116  stm32f1xx_hal_rcc.o(i.HAL_RCC_GetSysClockFreq)
    HAL_RCC_OscConfig                        0x08001615   Thumb Code  1114  stm32f1xx_hal_rcc.o(i.HAL_RCC_OscConfig)
    HAL_SYSTICK_CLKSourceConfig              0x08001a79   Thumb Code    40  stm32f1xx_hal_cortex.o(i.HAL_SYSTICK_CLKSourceConfig)
    HAL_SYSTICK_Config                       0x08001aa1   Thumb Code    52  stm32f1xx_hal_cortex.o(i.HAL_SYSTICK_Config)
    HAL_TIM_PWM_ConfigChannel                0x08001ad5   Thumb Code   252  stm32f1xx_hal_tim.o(i.HAL_TIM_PWM_ConfigChannel)
    HAL_TIM_PWM_Init                         0x08001bd1   Thumb Code   102  stm32f1xx_hal_tim.o(i.HAL_TIM_PWM_Init)
    HAL_TIM_PWM_MspInit                      0x08001c37   Thumb Code     2  stm32f1xx_hal_tim.o(i.HAL_TIM_PWM_MspInit)
    HAL_TIM_PWM_Start                        0x08001c39   Thumb Code   222  stm32f1xx_hal_tim.o(i.HAL_TIM_PWM_Start)
    HAL_UART_DMAStop                         0x08001d2d   Thumb Code   102  stm32f1xx_hal_uart.o(i.HAL_UART_DMAStop)
    HAL_UART_ErrorCallback                   0x08001d93   Thumb Code     2  stm32f1xx_hal_uart.o(i.HAL_UART_ErrorCallback)
    HAL_UART_Init                            0x08001d95   Thumb Code   114  stm32f1xx_hal_uart.o(i.HAL_UART_Init)
    HAL_UART_MspInit                         0x08001e07   Thumb Code     2  stm32f1xx_hal_uart.o(i.HAL_UART_MspInit)
    HAL_UART_Receive_DMA                     0x08001e09   Thumb Code   182  stm32f1xx_hal_uart.o(i.HAL_UART_Receive_DMA)
    HAL_UART_RxCpltCallback                  0x08001ecd   Thumb Code     2  stm32f1xx_hal_uart.o(i.HAL_UART_RxCpltCallback)
    HAL_UART_RxHalfCpltCallback              0x08001ecf   Thumb Code     2  stm32f1xx_hal_uart.o(i.HAL_UART_RxHalfCpltCallback)
    HAL_UART_Transmit                        0x08001ed1   Thumb Code   210  stm32f1xx_hal_uart.o(i.HAL_UART_Transmit)
    MemManage_Handler                        0x08001ff1   Thumb Code     4  drv_hal.o(i.MemManage_Handler)
    NMI_Handler                              0x08001ff5   Thumb Code     4  drv_hal.o(i.NMI_Handler)
    OCD_JY901_DMAInit                        0x08001ff9   Thumb Code    30  ocd_jy901.o(i.OCD_JY901_DMAInit)
    OCD_JY901_RxBaudConfig                   0x08002019   Thumb Code    54  ocd_jy901.o(i.OCD_JY901_RxBaudConfig)
    OCD_JY901_RxSpeedConfig                  0x08002059   Thumb Code    56  ocd_jy901.o(i.OCD_JY901_RxSpeedConfig)
    OCD_JY901_RxTypeConfig                   0x08002099   Thumb Code    68  ocd_jy901.o(i.OCD_JY901_RxTypeConfig)
    OCD_OLED_Clear                           0x080020e5   Thumb Code    74  ocd_oled.o(i.OCD_OLED_Clear)
    OCD_OLED_Init                            0x0800212f   Thumb Code   316  ocd_oled.o(i.OCD_OLED_Init)
    OLED_SetCursorAddrese                    0x0800226b   Thumb Code    50  ocd_oled.o(i.OLED_SetCursorAddrese)
    SVC_Handler                              0x08002311   Thumb Code     2  drv_hal.o(i.SVC_Handler)
    SysTick_Handler                          0x08002dc1   Thumb Code    16  board.o(i.SysTick_Handler)
    SystemCoreClockUpdate                    0x08002dd1   Thumb Code   142  system_stm32f1xx.o(i.SystemCoreClockUpdate)
    SystemInit                               0x08002e75   Thumb Code     2  system_stm32f1xx.o(i.SystemInit)
    TIM2_IRQHandler                          0x08002e77   Thumb Code     2  task_irq.o(i.TIM2_IRQHandler)
    TIM3_IRQHandler                          0x08002e79   Thumb Code     2  task_irq.o(i.TIM3_IRQHandler)
    TIM4_IRQHandler                          0x08002e7b   Thumb Code     2  task_irq.o(i.TIM4_IRQHandler)
    TIM5_IRQHandler                          0x08002e7d   Thumb Code     2  task_irq.o(i.TIM5_IRQHandler)
    TIM6_IRQHandler                          0x08002e7f   Thumb Code     2  task_irq.o(i.TIM6_IRQHandler)
    TIM7_IRQHandler                          0x08002e81   Thumb Code     2  task_irq.o(i.TIM7_IRQHandler)
    TIM_Base_SetConfig                       0x08002e85   Thumb Code   134  stm32f1xx_hal_tim.o(i.TIM_Base_SetConfig)
    TIM_CCxChannelCmd                        0x08002f21   Thumb Code    34  stm32f1xx_hal_tim.o(i.TIM_CCxChannelCmd)
    TIM_OC2_SetConfig                        0x08002fb5   Thumb Code   114  stm32f1xx_hal_tim.o(i.TIM_OC2_SetConfig)
    Task_EXTI15_10_IRQHandler                0x080030fd   Thumb Code     2  task_irq.o(i.Task_EXTI15_10_IRQHandler)
    Task_EXTI9_5_IRQHandler                  0x080030ff   Thumb Code     2  task_irq.o(i.Task_EXTI9_5_IRQHandler)
    Task_UserInit                            0x08003101   Thumb Code    24  task_userinit.o(i.Task_UserInit)
    UART4_IRQHandler                         0x08003135   Thumb Code     2  task_irq.o(i.UART4_IRQHandler)
    UART5_IRQHandler                         0x08003137   Thumb Code     2  task_irq.o(i.UART5_IRQHandler)
    USART1_IRQHandler                        0x08003379   Thumb Code    10  task_irq.o(i.USART1_IRQHandler)
    USART2_IRQHandler                        0x08003389   Thumb Code    10  task_irq.o(i.USART2_IRQHandler)
    USART3_IRQHandler                        0x08003399   Thumb Code     2  task_irq.o(i.USART3_IRQHandler)
    UsageFault_Handler                       0x0800339b   Thumb Code     4  drv_hal.o(i.UsageFault_Handler)
    UserLogic_Code                           0x080033a1   Thumb Code   694  usercode.o(i.UserLogic_Code)
    __0printf                                0x080036c9   Thumb Code    22  printfa.o(i.__0printf)
    __1printf                                0x080036c9   Thumb Code     0  printfa.o(i.__0printf)
    __2printf                                0x080036c9   Thumb Code     0  printfa.o(i.__0printf)
    __c89printf                              0x080036c9   Thumb Code     0  printfa.o(i.__0printf)
    printf                                   0x080036c9   Thumb Code     0  printfa.o(i.__0printf)
    __rt_ffs                                 0x08003721   Thumb Code    70  kservice.o(i.__rt_ffs)
    __scatterload_copy                       0x0800376d   Thumb Code    14  handlers.o(i.__scatterload_copy)
    __scatterload_null                       0x0800377b   Thumb Code     2  handlers.o(i.__scatterload_null)
    __scatterload_zeroinit                   0x0800377d   Thumb Code    14  handlers.o(i.__scatterload_zeroinit)
    fputc                                    0x08004141   Thumb Code    48  drv_hal.o(i.fputc)
    $Super$$main                             0x08004175   Thumb Code    20  main.o(i.main)
    main_thread_entry                        0x08004195   Thumb Code    14  components.o(i.main_thread_entry)
    malloc                                   0x080041a5   Thumb Code    92  malloc.o(i.malloc)
    rt_application_init                      0x08004421   Thumb Code    34  components.o(i.rt_application_init)
    rt_components_board_init                 0x08004451   Thumb Code    20  components.o(i.rt_components_board_init)
    rt_components_init                       0x0800446d   Thumb Code    20  components.o(i.rt_components_init)
    rt_enter_critical                        0x08004489   Thumb Code    28  scheduler.o(i.rt_enter_critical)
    rt_exit_critical                         0x080044a9   Thumb Code    60  scheduler.o(i.rt_exit_critical)
    rt_free                                  0x080044ed   Thumb Code   128  mem.o(i.rt_free)
    rt_heap_begin_get                        0x080045cd   Thumb Code     4  board.o(i.rt_heap_begin_get)
    rt_heap_end_get                          0x080045d5   Thumb Code     4  board.o(i.rt_heap_end_get)
    rt_hw_board_init                         0x080045dd   Thumb Code    88  board.o(i.rt_hw_board_init)
    rt_hw_console_output                     0x0800466d   Thumb Code    74  board.o(i.rt_hw_console_output)
    rt_hw_hard_fault_exception               0x080046bd   Thumb Code   190  cpuport.o(i.rt_hw_hard_fault_exception)
    rt_hw_stack_init                         0x080048bd   Thumb Code    70  cpuport.o(i.rt_hw_stack_init)
    rt_interrupt_enter                       0x08004909   Thumb Code    26  irq.o(i.rt_interrupt_enter)
    rt_interrupt_leave                       0x08004929   Thumb Code    26  irq.o(i.rt_interrupt_leave)
    rt_kprintf                               0x080049c9   Thumb Code    44  kservice.o(i.rt_kprintf)
    rt_malloc                                0x08004a95   Thumb Code   336  mem.o(i.rt_malloc)
    rt_memset                                0x08004c01   Thumb Code    72  kservice.o(i.rt_memset)
    rt_object_allocate                       0x08004c49   Thumb Code    84  object.o(i.rt_object_allocate)
    rt_object_delete                         0x08004c9d   Thumb Code    36  object.o(i.rt_object_delete)
    rt_object_detach                         0x08004cc1   Thumb Code    30  object.o(i.rt_object_detach)
    rt_object_get_information                0x08004ce1   Thumb Code    36  object.o(i.rt_object_get_information)
    rt_object_init                           0x08004d09   Thumb Code    86  object.o(i.rt_object_init)
    rt_object_is_systemobject                0x08004d5f   Thumb Code    18  object.o(i.rt_object_is_systemobject)
    rt_schedule                              0x08004d71   Thumb Code   106  scheduler.o(i.rt_schedule)
    rt_schedule_insert_thread                0x08004df5   Thumb Code    72  scheduler.o(i.rt_schedule_insert_thread)
    rt_schedule_remove_thread                0x08004e45   Thumb Code    76  scheduler.o(i.rt_schedule_remove_thread)
    rt_sem_init                              0x08004e99   Thumb Code    38  ipc.o(i.rt_sem_init)
    rt_sem_release                           0x08004ebf   Thumb Code    94  ipc.o(i.rt_sem_release)
    rt_sem_take                              0x08004f1d   Thumb Code   116  ipc.o(i.rt_sem_take)
    rt_strlen                                0x08004f91   Thumb Code    18  kservice.o(i.rt_strlen)
    rt_strncpy                               0x08004fa3   Thumb Code    52  kservice.o(i.rt_strncpy)
    rt_system_heap_init                      0x08004fd9   Thumb Code   160  mem.o(i.rt_system_heap_init)
    rt_system_scheduler_init                 0x080050d1   Thumb Code    52  scheduler.o(i.rt_system_scheduler_init)
    rt_system_scheduler_start                0x0800511d   Thumb Code    36  scheduler.o(i.rt_system_scheduler_start)
    rt_system_timer_init                     0x0800514d   Thumb Code    24  timer.o(i.rt_system_timer_init)
    rt_system_timer_thread_init              0x08005169   Thumb Code     2  timer.o(i.rt_system_timer_thread_init)
    rt_thread_create                         0x0800516b   Thumb Code    80  thread.o(i.rt_thread_create)
    rt_thread_exit                           0x080051bd   Thumb Code    78  thread.o(i.rt_thread_exit)
    rt_thread_idle_excute                    0x0800521d   Thumb Code    92  idle.o(i.rt_thread_idle_excute)
    rt_thread_idle_init                      0x0800527d   Thumb Code    38  idle.o(i.rt_thread_idle_init)
    rt_thread_init                           0x080052b9   Thumb Code    52  thread.o(i.rt_thread_init)
    rt_thread_resume                         0x080052ed   Thumb Code    60  thread.o(i.rt_thread_resume)
    rt_thread_self                           0x08005329   Thumb Code     6  thread.o(i.rt_thread_self)
    rt_thread_startup                        0x08005335   Thumb Code    44  thread.o(i.rt_thread_startup)
    rt_thread_suspend                        0x08005361   Thumb Code    68  thread.o(i.rt_thread_suspend)
    rt_thread_timeout                        0x080053a5   Thumb Code    32  thread.o(i.rt_thread_timeout)
    rt_thread_yield                          0x080053c5   Thumb Code    92  thread.o(i.rt_thread_yield)
    rt_tick_get                              0x08005429   Thumb Code     6  clock.o(i.rt_tick_get)
    rt_tick_increase                         0x08005435   Thumb Code    42  clock.o(i.rt_tick_increase)
    rt_timer_check                           0x08005465   Thumb Code   160  timer.o(i.rt_timer_check)
    rt_timer_control                         0x08005509   Thumb Code    98  timer.o(i.rt_timer_control)
    rt_timer_detach                          0x0800556b   Thumb Code    40  timer.o(i.rt_timer_detach)
    rt_timer_init                            0x08005593   Thumb Code    46  timer.o(i.rt_timer_init)
    rt_timer_start                           0x080055c1   Thumb Code   226  timer.o(i.rt_timer_start)
    rt_timer_stop                            0x080056ad   Thumb Code    48  timer.o(i.rt_timer_stop)
    rt_vsnprintf                             0x080056dd   Thumb Code   824  kservice.o(i.rt_vsnprintf)
    rtthread_startup                         0x08005a2d   Thumb Code    38  components.o(i.rtthread_startup)
    ucpUnlockCmd                             0x08005b24   Data           5  ocd_jy901.o(.constdata)
    ucpSleepCmd                              0x08005b29   Data           5  ocd_jy901.o(.constdata)
    ucpOutputOnceCmd                         0x08005b2e   Data           5  ocd_jy901.o(.constdata)
    __lowest_bit_bitmap                      0x08005b33   Data         256  kservice.o(.constdata)
    AHBPrescTable                            0x08005c55   Data          16  system_stm32f1xx.o(.constdata)
    APBPrescTable                            0x08005c65   Data           8  system_stm32f1xx.o(.constdata)
    __rt_init_rti_start                      0x08005c70   Data           4  components.o(.rti_fn.0)
    __rt_init_rti_board_start                0x08005c74   Data           4  components.o(.rti_fn.0.end)
    __rt_init_uart_init                      0x08005c78   Data           4  board.o(.rti_fn.1)
    __rt_init_rti_board_end                  0x08005c7c   Data           4  components.o(.rti_fn.1.end)
    __rt_init_rti_end                        0x08005c80   Data           4  components.o(.rti_fn.6.end)
    Region$$Table$$Base                      0x08005c84   Number         0  anon$$obj.o(Region$$Table)
    Region$$Table$$Limit                     0x08005ca4   Number         0  anon$$obj.o(Region$$Table)
    tPWMDemo                                 0x20000000   Data        1088  bsp_io.o(.data)
    tOLED                                    0x20000440   Data          48  bsp_io.o(.data)
    demoADC                                  0x20000470   Data          88  bsp_io.o(.data)
    demoGPIO                                 0x200004c8   Data          48  bsp_io.o(.data)
    demoUart1                                0x200004f8   Data         272  bsp_io.o(.data)
    demoUart2                                0x20000608   Data         272  bsp_io.o(.data)
    JY901S                                   0x20000718   Data         308  bsp_io.o(.data)
    __stdout                                 0x2000084c   Data           4  drv_hal.o(.data)
    rt_interrupt_nest                        0x20000854   Data           1  irq.o(.data)
    rt_thread_ready_priority_group           0x200008c0   Data           4  scheduler.o(.data)
    rt_current_thread                        0x200008c8   Data           4  scheduler.o(.data)
    rt_current_priority                      0x200008cc   Data           1  scheduler.o(.data)
    rt_thread_defunct                        0x200008d0   Data           8  scheduler.o(.data)
    rt_interrupt_from_thread                 0x200008e4   Data           4  cpuport.o(.data)
    rt_interrupt_to_thread                   0x200008e8   Data           4  cpuport.o(.data)
    rt_thread_switch_interrupt_flag          0x200008ec   Data           4  cpuport.o(.data)
    uwTick                                   0x200008f4   Data           4  stm32f1xx_hal.o(.data)
    uwTickPrio                               0x200008f8   Data           4  stm32f1xx_hal.o(.data)
    uwTickFreq                               0x200008fc   Data           1  stm32f1xx_hal.o(.data)
    SystemCoreClock                          0x20000900   Data           4  system_stm32f1xx.o(.data)
    __microlib_freelist                      0x20000904   Data           4  mvars.o(.data)
    __microlib_freelist_initialised          0x20000908   Data           4  mvars.o(.data)
    rt_thread_priority_table                 0x20004764   Data         256  scheduler.o(.bss)
    __heap_base                              0x20004868   Data           0  startup_stm32f103xe.o(HEAP)
    __heap_limit                             0x20004a68   Data           0  startup_stm32f103xe.o(HEAP)
    __initial_sp                             0x20004e68   Data           0  startup_stm32f103xe.o(STACK)



==============================================================================

Memory Map of the image

  Image Entry point : 0x08000131

  Load Region LR_IROM1 (Base: 0x08000000, Size: 0x000065b0, Max: 0x00040000, ABSOLUTE, COMPRESSED[0x00005dd0])

    Execution Region ER_IROM1 (Exec base: 0x08000000, Load base: 0x08000000, Size: 0x00005ca4, Max: 0x00040000, ABSOLUTE)

    Exec Addr    Load Addr    Size         Type   Attr      Idx    E Section Name        Object

    0x08000000   0x08000000   0x00000130   Data   RO         7247    RESET               startup_stm32f103xe.o
    0x08000130   0x08000130   0x00000000   Code   RO         7260  * .ARM.Collect$$$$00000000  mc_w.l(entry.o)
    0x08000130   0x08000130   0x00000004   Code   RO         7620    .ARM.Collect$$$$00000001  mc_w.l(entry2.o)
    0x08000134   0x08000134   0x00000004   Code   RO         7623    .ARM.Collect$$$$00000004  mc_w.l(entry5.o)
    0x08000138   0x08000138   0x00000000   Code   RO         7625    .ARM.Collect$$$$00000008  mc_w.l(entry7b.o)
    0x08000138   0x08000138   0x00000000   Code   RO         7627    .ARM.Collect$$$$0000000A  mc_w.l(entry8b.o)
    0x08000138   0x08000138   0x00000008   Code   RO         7628    .ARM.Collect$$$$0000000B  mc_w.l(entry9a.o)
    0x08000140   0x08000140   0x00000000   Code   RO         7630    .ARM.Collect$$$$0000000D  mc_w.l(entry10a.o)
    0x08000140   0x08000140   0x00000000   Code   RO         7632    .ARM.Collect$$$$0000000F  mc_w.l(entry11a.o)
    0x08000140   0x08000140   0x00000004   Code   RO         7621    .ARM.Collect$$$$00002712  mc_w.l(entry2.o)
    0x08000144   0x08000144   0x000000f4   Code   RO         3527    .text               context_rvds.o
    0x08000238   0x08000238   0x00000024   Code   RO         7248    .text               startup_stm32f103xe.o
    0x0800025c   0x0800025c   0x00000020   Code   RO         7263    .text               mc_w.l(llushr.o)
    0x0800027c   0x0800027c   0x00000024   Code   RO         7267    .text               mc_w.l(memseta.o)
    0x080002a0   0x080002a0   0x00000064   Code   RO         7568    .text               mf_w.l(fmul.o)
    0x08000304   0x08000304   0x0000007c   Code   RO         7570    .text               mf_w.l(fdiv.o)
    0x08000380   0x08000380   0x000000e4   Code   RO         7572    .text               mf_w.l(dmul.o)
    0x08000464   0x08000464   0x000000de   Code   RO         7574    .text               mf_w.l(ddiv.o)
    0x08000542   0x08000542   0x00000012   Code   RO         7576    .text               mf_w.l(fflti.o)
    0x08000554   0x08000554   0x0000000a   Code   RO         7578    .text               mf_w.l(ffltui.o)
    0x0800055e   0x0800055e   0x00000028   Code   RO         7586    .text               mf_w.l(ffixui.o)
    0x08000586   0x08000586   0x00000026   Code   RO         7588    .text               mf_w.l(f2d.o)
    0x080005ac   0x080005ac   0x0000002c   Code   RO         7634    .text               mc_w.l(uidiv.o)
    0x080005d8   0x080005d8   0x00000062   Code   RO         7636    .text               mc_w.l(uldiv.o)
    0x0800063a   0x0800063a   0x00000000   Code   RO         7647    .text               mc_w.l(iusefp.o)
    0x0800063a   0x0800063a   0x0000006e   Code   RO         7648    .text               mf_w.l(fepilogue.o)
    0x080006a8   0x080006a8   0x000000ba   Code   RO         7650    .text               mf_w.l(depilogue.o)
    0x08000762   0x08000762   0x0000014e   Code   RO         7652    .text               mf_w.l(dadd.o)
    0x080008b0   0x080008b0   0x00000030   Code   RO         7654    .text               mf_w.l(dfixul.o)
    0x080008e0   0x080008e0   0x00000030   Code   RO         7656    .text               mf_w.l(cdrcmple.o)
    0x08000910   0x08000910   0x00000024   Code   RO         7662    .text               mc_w.l(init.o)
    0x08000934   0x08000934   0x0000001e   Code   RO         7664    .text               mc_w.l(llshl.o)
    0x08000952   0x08000952   0x00000024   Code   RO         7666    .text               mc_w.l(llsshr.o)
    0x08000976   0x08000976   0x00000056   Code   RO         7680    .text               mc_w.l(__dczerorl2.o)
    0x080009cc   0x080009cc   0x0000000a   Code   RO         2548    i.$Sub$$main        components.o
    0x080009d6   0x080009d6   0x00000004   Code   RO         1774    i.BusFault_Handler  drv_hal.o
    0x080009da   0x080009da   0x0000002c   Code   RO         4196    i.DMA_SetConfig     stm32f1xx_hal_dma.o
    0x08000a06   0x08000a06   0x00000002   Code   RO         1775    i.DebugMon_Handler  drv_hal.o
    0x08000a08   0x08000a08   0x0000000c   Code   RO         1968    i.Drv_Delay_Ms      drv_hal_delay.o
    0x08000a14   0x08000a14   0x0000002c   Code   RO         1994    i.Drv_GPIO_Init     drv_hal_gpio.o
    0x08000a40   0x08000a40   0x0000005c   Code   RO         1776    i.Drv_HAL_Error     drv_hal.o
    0x08000a9c   0x08000a9c   0x00000010   Code   RO         1778    i.Drv_HAL_Init      drv_hal.o
    0x08000aac   0x08000aac   0x0000000e   Code   RO         2084    i.Drv_IICSoft_Init  drv_hal_iic_soft.o
    0x08000aba   0x08000aba   0x00000056   Code   RO         2086    i.Drv_IICSoft_SendByte  drv_hal_iic_soft.o
    0x08000b10   0x08000b10   0x00000030   Code   RO         2087    i.Drv_IICSoft_Start  drv_hal_iic_soft.o
    0x08000b40   0x08000b40   0x00000030   Code   RO         2088    i.Drv_IICSoft_Stop  drv_hal_iic_soft.o
    0x08000b70   0x08000b70   0x0000004c   Code   RO         2089    i.Drv_IICSoft_WaitAck  drv_hal_iic_soft.o
    0x08000bbc   0x08000bbc   0x00000038   Code   RO         2190    i.Drv_PWM_Init      drv_hal_pwm.o
    0x08000bf4   0x08000bf4   0x00000068   Code   RO         2359    i.Drv_Uart_DMAInit  drv_hal_uart.o
    0x08000c5c   0x08000c5c   0x00000052   Code   RO         2360    i.Drv_Uart_DMA_Handler  drv_hal_uart.o
    0x08000cae   0x08000cae   0x00000016   Code   RO         2364    i.Drv_Uart_Transmit  drv_hal_uart.o
    0x08000cc4   0x08000cc4   0x00000008   Code   RO          278    i.EXTI15_10_IRQHandler  task_irq.o
    0x08000ccc   0x08000ccc   0x00000008   Code   RO          279    i.EXTI9_5_IRQHandler  task_irq.o
    0x08000cd4   0x08000cd4   0x00000056   Code   RO         4197    i.HAL_DMA_Abort     stm32f1xx_hal_dma.o
    0x08000d2a   0x08000d2a   0x00000002   PAD
    0x08000d2c   0x08000d2c   0x0000008c   Code   RO         4203    i.HAL_DMA_Init      stm32f1xx_hal_dma.o
    0x08000db8   0x08000db8   0x0000009c   Code   RO         4207    i.HAL_DMA_Start_IT  stm32f1xx_hal_dma.o
    0x08000e54   0x08000e54   0x00000028   Code   RO         3541    i.HAL_Delay         stm32f1xx_hal.o
    0x08000e7c   0x08000e7c   0x00000340   Code   RO         4593    i.HAL_GPIO_Init     stm32f1xx_hal_gpio.o
    0x080011bc   0x080011bc   0x00000010   Code   RO         4595    i.HAL_GPIO_ReadPin  stm32f1xx_hal_gpio.o
    0x080011cc   0x080011cc   0x0000000c   Code   RO         4597    i.HAL_GPIO_WritePin  stm32f1xx_hal_gpio.o
    0x080011d8   0x080011d8   0x0000000c   Code   RO         3545    i.HAL_GetTick       stm32f1xx_hal.o
    0x080011e4   0x080011e4   0x00000028   Code   RO         3552    i.HAL_Init          stm32f1xx_hal.o
    0x0800120c   0x0800120c   0x0000004c   Code   RO         3553    i.HAL_InitTick      stm32f1xx_hal.o
    0x08001258   0x08001258   0x0000008c   Code   RO         1784    i.HAL_MspInit       drv_hal.o
    0x080012e4   0x080012e4   0x00000020   Code   RO         4022    i.HAL_NVIC_EnableIRQ  stm32f1xx_hal_cortex.o
    0x08001304   0x08001304   0x0000007c   Code   RO         4028    i.HAL_NVIC_SetPriority  stm32f1xx_hal_cortex.o
    0x08001380   0x08001380   0x00000028   Code   RO         4029    i.HAL_NVIC_SetPriorityGrouping  stm32f1xx_hal_cortex.o
    0x080013a8   0x080013a8   0x0000018c   Code   RO         5028    i.HAL_RCC_ClockConfig  stm32f1xx_hal_rcc.o
    0x08001534   0x08001534   0x0000000c   Code   RO         5033    i.HAL_RCC_GetHCLKFreq  stm32f1xx_hal_rcc.o
    0x08001540   0x08001540   0x00000020   Code   RO         5035    i.HAL_RCC_GetPCLK1Freq  stm32f1xx_hal_rcc.o
    0x08001560   0x08001560   0x00000020   Code   RO         5036    i.HAL_RCC_GetPCLK2Freq  stm32f1xx_hal_rcc.o
    0x08001580   0x08001580   0x00000094   Code   RO         5037    i.HAL_RCC_GetSysClockFreq  stm32f1xx_hal_rcc.o
    0x08001614   0x08001614   0x00000464   Code   RO         5040    i.HAL_RCC_OscConfig  stm32f1xx_hal_rcc.o
    0x08001a78   0x08001a78   0x00000028   Code   RO         4031    i.HAL_SYSTICK_CLKSourceConfig  stm32f1xx_hal_cortex.o
    0x08001aa0   0x08001aa0   0x00000034   Code   RO         4033    i.HAL_SYSTICK_Config  stm32f1xx_hal_cortex.o
    0x08001ad4   0x08001ad4   0x000000fc   Code   RO         5656    i.HAL_TIM_PWM_ConfigChannel  stm32f1xx_hal_tim.o
    0x08001bd0   0x08001bd0   0x00000066   Code   RO         5659    i.HAL_TIM_PWM_Init  stm32f1xx_hal_tim.o
    0x08001c36   0x08001c36   0x00000002   Code   RO         5661    i.HAL_TIM_PWM_MspInit  stm32f1xx_hal_tim.o
    0x08001c38   0x08001c38   0x000000f4   Code   RO         5664    i.HAL_TIM_PWM_Start  stm32f1xx_hal_tim.o
    0x08001d2c   0x08001d2c   0x00000066   Code   RO         6585    i.HAL_UART_DMAStop  stm32f1xx_hal_uart.o
    0x08001d92   0x08001d92   0x00000002   Code   RO         6587    i.HAL_UART_ErrorCallback  stm32f1xx_hal_uart.o
    0x08001d94   0x08001d94   0x00000072   Code   RO         6591    i.HAL_UART_Init     stm32f1xx_hal_uart.o
    0x08001e06   0x08001e06   0x00000002   Code   RO         6593    i.HAL_UART_MspInit  stm32f1xx_hal_uart.o
    0x08001e08   0x08001e08   0x000000c4   Code   RO         6595    i.HAL_UART_Receive_DMA  stm32f1xx_hal_uart.o
    0x08001ecc   0x08001ecc   0x00000002   Code   RO         6597    i.HAL_UART_RxCpltCallback  stm32f1xx_hal_uart.o
    0x08001ece   0x08001ece   0x00000002   Code   RO         6598    i.HAL_UART_RxHalfCpltCallback  stm32f1xx_hal_uart.o
    0x08001ed0   0x08001ed0   0x000000d2   Code   RO         6599    i.HAL_UART_Transmit  stm32f1xx_hal_uart.o
    0x08001fa2   0x08001fa2   0x00000026   Code   RO         2090    i.IICSoft_SDA_InputMode  drv_hal_iic_soft.o
    0x08001fc8   0x08001fc8   0x00000028   Code   RO         2091    i.IICSoft_SDA_OutputMode  drv_hal_iic_soft.o
    0x08001ff0   0x08001ff0   0x00000004   Code   RO         1785    i.MemManage_Handler  drv_hal.o
    0x08001ff4   0x08001ff4   0x00000004   Code   RO         1786    i.NMI_Handler       drv_hal.o
    0x08001ff8   0x08001ff8   0x0000001e   Code   RO         1034    i.OCD_JY901_DMAInit  ocd_jy901.o
    0x08002016   0x08002016   0x00000002   PAD
    0x08002018   0x08002018   0x00000040   Code   RO         1038    i.OCD_JY901_RxBaudConfig  ocd_jy901.o
    0x08002058   0x08002058   0x00000040   Code   RO         1039    i.OCD_JY901_RxSpeedConfig  ocd_jy901.o
    0x08002098   0x08002098   0x0000004c   Code   RO         1040    i.OCD_JY901_RxTypeConfig  ocd_jy901.o
    0x080020e4   0x080020e4   0x0000004a   Code   RO         1239    i.OCD_OLED_Clear    ocd_oled.o
    0x0800212e   0x0800212e   0x0000013c   Code   RO         1242    i.OCD_OLED_Init     ocd_oled.o
    0x0800226a   0x0800226a   0x00000032   Code   RO         1249    i.OLED_SetCursorAddrese  ocd_oled.o
    0x0800229c   0x0800229c   0x0000004c   Code   RO         1251    i.OLED_WR_Byte      ocd_oled.o
    0x080022e8   0x080022e8   0x00000028   Code   RO         5041    i.RCC_Delay         stm32f1xx_hal_rcc.o
    0x08002310   0x08002310   0x00000002   Code   RO         1787    i.SVC_Handler       drv_hal.o
    0x08002312   0x08002312   0x00000002   PAD
    0x08002314   0x08002314   0x000000d0   Code   RO         2001    i.S_GPIO_CLKEnable  drv_hal_gpio.o
    0x080023e4   0x080023e4   0x0000000e   Code   RO         2004    i.S_GPIO_ParamConfig  drv_hal_gpio.o
    0x080023f2   0x080023f2   0x00000066   Code   RO         1788    i.S_HAL_CLKConfig   drv_hal.o
    0x08002458   0x08002458   0x00000026   Code   RO         1789    i.S_HAL_RTTCLKInit  drv_hal.o
    0x0800247e   0x0800247e   0x00000010   Code   RO         2094    i.S_IICSoft_READ_SDA  drv_hal_iic_soft.o
    0x0800248e   0x0800248e   0x00000012   Code   RO         2095    i.S_IICSoft_SCL_H   drv_hal_iic_soft.o
    0x080024a0   0x080024a0   0x00000012   Code   RO         2096    i.S_IICSoft_SCL_L   drv_hal_iic_soft.o
    0x080024b2   0x080024b2   0x00000012   Code   RO         2097    i.S_IICSoft_SDA_H   drv_hal_iic_soft.o
    0x080024c4   0x080024c4   0x00000012   Code   RO         2098    i.S_IICSoft_SDA_L   drv_hal_iic_soft.o
    0x080024d6   0x080024d6   0x00000016   Code   RO         2099    i.S_IIC_DelayUs     drv_hal_iic_soft.o
    0x080024ec   0x080024ec   0x0000000a   Code   RO         1042    i.S_JY901_Delay     ocd_jy901.o
    0x080024f6   0x080024f6   0x00000002   PAD
    0x080024f8   0x080024f8   0x0000004c   Code   RO         1043    i.S_JY901_SaveConfig  ocd_jy901.o
    0x08002544   0x08002544   0x00000014   Code   RO         1044    i.S_JY901_UnLock    ocd_jy901.o
    0x08002558   0x08002558   0x000000f4   Code   RO         2191    i.S_PWM_CLKEnable   drv_hal_pwm.o
    0x0800264c   0x0800264c   0x00000234   Code   RO         2192    i.S_PWM_GPIOConfig  drv_hal_pwm.o
    0x08002880   0x08002880   0x000000b8   Code   RO         2193    i.S_PWM_PramConfig  drv_hal_pwm.o
    0x08002938   0x08002938   0x000000d0   Code   RO         2365    i.S_UART_CLKEnable  drv_hal_uart.o
    0x08002a08   0x08002a08   0x000000b8   Code   RO         2366    i.S_UART_DMA_CLKEnable  drv_hal_uart.o
    0x08002ac0   0x08002ac0   0x00000150   Code   RO         2367    i.S_UART_GPIOConfig  drv_hal_uart.o
    0x08002c10   0x08002c10   0x00000002   Code   RO         2368    i.S_Uart_CLKConfig  drv_hal_uart.o
    0x08002c12   0x08002c12   0x00000002   PAD
    0x08002c14   0x08002c14   0x00000038   Code   RO         2369    i.S_Uart_DMAParamConfig  drv_hal_uart.o
    0x08002c4c   0x08002c4c   0x0000008c   Code   RO         2370    i.S_Uart_DMA_NVICConfig  drv_hal_uart.o
    0x08002cd8   0x08002cd8   0x000000b0   Code   RO         2371    i.S_Uart_NVICConfig  drv_hal_uart.o
    0x08002d88   0x08002d88   0x00000038   Code   RO         2372    i.S_Uart_ParamConfig  drv_hal_uart.o
    0x08002dc0   0x08002dc0   0x00000010   Code   RO         2453    i.SysTick_Handler   board.o
    0x08002dd0   0x08002dd0   0x000000a4   Code   RO         7211    i.SystemCoreClockUpdate  system_stm32f1xx.o
    0x08002e74   0x08002e74   0x00000002   Code   RO         7212    i.SystemInit        system_stm32f1xx.o
    0x08002e76   0x08002e76   0x00000002   Code   RO          280    i.TIM2_IRQHandler   task_irq.o
    0x08002e78   0x08002e78   0x00000002   Code   RO          281    i.TIM3_IRQHandler   task_irq.o
    0x08002e7a   0x08002e7a   0x00000002   Code   RO          282    i.TIM4_IRQHandler   task_irq.o
    0x08002e7c   0x08002e7c   0x00000002   Code   RO          283    i.TIM5_IRQHandler   task_irq.o
    0x08002e7e   0x08002e7e   0x00000002   Code   RO          284    i.TIM6_IRQHandler   task_irq.o
    0x08002e80   0x08002e80   0x00000002   Code   RO          285    i.TIM7_IRQHandler   task_irq.o
    0x08002e82   0x08002e82   0x00000002   PAD
    0x08002e84   0x08002e84   0x0000009c   Code   RO         5677    i.TIM_Base_SetConfig  stm32f1xx_hal_tim.o
    0x08002f20   0x08002f20   0x00000022   Code   RO         5678    i.TIM_CCxChannelCmd  stm32f1xx_hal_tim.o
    0x08002f42   0x08002f42   0x00000002   PAD
    0x08002f44   0x08002f44   0x00000070   Code   RO         5690    i.TIM_OC1_SetConfig  stm32f1xx_hal_tim.o
    0x08002fb4   0x08002fb4   0x0000007c   Code   RO         5691    i.TIM_OC2_SetConfig  stm32f1xx_hal_tim.o
    0x08003030   0x08003030   0x00000078   Code   RO         5692    i.TIM_OC3_SetConfig  stm32f1xx_hal_tim.o
    0x080030a8   0x080030a8   0x00000054   Code   RO         5693    i.TIM_OC4_SetConfig  stm32f1xx_hal_tim.o
    0x080030fc   0x080030fc   0x00000002   Code   RO          286    i.Task_EXTI15_10_IRQHandler  task_irq.o
    0x080030fe   0x080030fe   0x00000002   Code   RO          287    i.Task_EXTI9_5_IRQHandler  task_irq.o
    0x08003100   0x08003100   0x00000034   Code   RO          422    i.Task_UserInit     task_userinit.o
    0x08003134   0x08003134   0x00000002   Code   RO          290    i.UART4_IRQHandler  task_irq.o
    0x08003136   0x08003136   0x00000002   Code   RO          291    i.UART5_IRQHandler  task_irq.o
    0x08003138   0x08003138   0x00000050   Code   RO         6605    i.UART_DMAError     stm32f1xx_hal_uart.o
    0x08003188   0x08003188   0x00000046   Code   RO         6606    i.UART_DMAReceiveCplt  stm32f1xx_hal_uart.o
    0x080031ce   0x080031ce   0x0000000e   Code   RO         6608    i.UART_DMARxHalfCplt  stm32f1xx_hal_uart.o
    0x080031dc   0x080031dc   0x00000020   Code   RO         6614    i.UART_EndRxTransfer  stm32f1xx_hal_uart.o
    0x080031fc   0x080031fc   0x00000014   Code   RO         6616    i.UART_EndTxTransfer  stm32f1xx_hal_uart.o
    0x08003210   0x08003210   0x000000fc   Code   RO         6618    i.UART_SetConfig    stm32f1xx_hal_uart.o
    0x0800330c   0x0800330c   0x0000006c   Code   RO         6620    i.UART_WaitOnFlagUntilTimeout  stm32f1xx_hal_uart.o
    0x08003378   0x08003378   0x00000010   Code   RO          292    i.USART1_IRQHandler  task_irq.o
    0x08003388   0x08003388   0x00000010   Code   RO          293    i.USART2_IRQHandler  task_irq.o
    0x08003398   0x08003398   0x00000002   Code   RO          294    i.USART3_IRQHandler  task_irq.o
    0x0800339a   0x0800339a   0x00000004   Code   RO         1790    i.UsageFault_Handler  drv_hal.o
    0x0800339e   0x0800339e   0x00000002   PAD
    0x080033a0   0x080033a0   0x00000328   Code   RO          207    i.UserLogic_Code    usercode.o
    0x080036c8   0x080036c8   0x00000020   Code   RO         7510    i.__0printf         mc_w.l(printfa.o)
    0x080036e8   0x080036e8   0x00000010   Code   RO         4035    i.__NVIC_GetPriorityGrouping  stm32f1xx_hal_cortex.o
    0x080036f8   0x080036f8   0x00000028   Code   RO         4036    i.__NVIC_SetPriority  stm32f1xx_hal_cortex.o
    0x08003720   0x08003720   0x0000004c   Code   RO         2766    i.__rt_ffs          kservice.o
    0x0800376c   0x0800376c   0x0000000e   Code   RO         7674    i.__scatterload_copy  mc_w.l(handlers.o)
    0x0800377a   0x0800377a   0x00000002   Code   RO         7675    i.__scatterload_null  mc_w.l(handlers.o)
    0x0800377c   0x0800377c   0x0000000e   Code   RO         7676    i.__scatterload_zeroinit  mc_w.l(handlers.o)
    0x0800378a   0x0800378a   0x00000002   PAD
    0x0800378c   0x0800378c   0x00000184   Code   RO         7517    i._fp_digits        mc_w.l(printfa.o)
    0x08003910   0x08003910   0x000006dc   Code   RO         7518    i._printf_core      mc_w.l(printfa.o)
    0x08003fec   0x08003fec   0x00000024   Code   RO         7519    i._printf_post_padding  mc_w.l(printfa.o)
    0x08004010   0x08004010   0x0000002e   Code   RO         7520    i._printf_pre_padding  mc_w.l(printfa.o)
    0x0800403e   0x0800403e   0x00000002   PAD
    0x08004040   0x08004040   0x00000084   Code   RO         3244    i._rt_thread_init   thread.o
    0x080040c4   0x080040c4   0x00000042   Code   RO         3376    i._rt_timer_init    timer.o
    0x08004106   0x08004106   0x0000001c   Code   RO         3377    i._rt_timer_remove  timer.o
    0x08004122   0x08004122   0x0000001c   Code   RO         3245    i._thread_cleanup_execute  thread.o
    0x0800413e   0x0800413e   0x00000002   PAD
    0x08004140   0x08004140   0x00000034   Code   RO         1792    i.fputc             drv_hal.o
    0x08004174   0x08004174   0x00000020   Code   RO            4    i.main              main.o
    0x08004194   0x08004194   0x0000000e   Code   RO         2549    i.main_thread_entry  components.o
    0x080041a2   0x080041a2   0x00000002   PAD
    0x080041a4   0x080041a4   0x0000006c   Code   RO         7539    i.malloc            mc_w.l(malloc.o)
    0x08004210   0x08004210   0x00000078   Code   RO         2943    i.plug_holes        mem.o
    0x08004288   0x08004288   0x00000198   Code   RO         2768    i.print_number      kservice.o
    0x08004420   0x08004420   0x00000030   Code   RO         2550    i.rt_application_init  components.o
    0x08004450   0x08004450   0x0000001c   Code   RO         2551    i.rt_components_board_init  components.o
    0x0800446c   0x0800446c   0x0000001c   Code   RO         2552    i.rt_components_init  components.o
    0x08004488   0x08004488   0x00000020   Code   RO         3172    i.rt_enter_critical  scheduler.o
    0x080044a8   0x080044a8   0x00000044   Code   RO         3173    i.rt_exit_critical  scheduler.o
    0x080044ec   0x080044ec   0x000000e0   Code   RO         2945    i.rt_free           mem.o
    0x080045cc   0x080045cc   0x00000008   Code   RO         2454    i.rt_heap_begin_get  board.o
    0x080045d4   0x080045d4   0x00000008   Code   RO         2455    i.rt_heap_end_get   board.o
    0x080045dc   0x080045dc   0x00000090   Code   RO         2456    i.rt_hw_board_init  board.o
    0x0800466c   0x0800466c   0x00000050   Code   RO         2457    i.rt_hw_console_output  board.o
    0x080046bc   0x080046bc   0x00000200   Code   RO         3491    i.rt_hw_hard_fault_exception  cpuport.o
    0x080048bc   0x080048bc   0x0000004c   Code   RO         3492    i.rt_hw_stack_init  cpuport.o
    0x08004908   0x08004908   0x00000020   Code   RO         2739    i.rt_interrupt_enter  irq.o
    0x08004928   0x08004928   0x00000020   Code   RO         2741    i.rt_interrupt_leave  irq.o
    0x08004948   0x08004948   0x0000006e   Code   RO         2658    i.rt_ipc_list_suspend  ipc.o
    0x080049b6   0x080049b6   0x00000010   Code   RO         2659    i.rt_ipc_object_init  ipc.o
    0x080049c6   0x080049c6   0x00000002   PAD
    0x080049c8   0x080049c8   0x00000030   Code   RO         2772    i.rt_kprintf        kservice.o
    0x080049f8   0x080049f8   0x00000006   Code   RO         3174    i.rt_list_init      scheduler.o
    0x080049fe   0x080049fe   0x00000006   Code   RO         3378    i.rt_list_init      timer.o
    0x08004a04   0x08004a04   0x0000000e   Code   RO         3084    i.rt_list_insert_after  object.o
    0x08004a12   0x08004a12   0x0000000e   Code   RO         3246    i.rt_list_insert_after  thread.o
    0x08004a20   0x08004a20   0x0000000e   Code   RO         3379    i.rt_list_insert_after  timer.o
    0x08004a2e   0x08004a2e   0x0000000e   Code   RO         2660    i.rt_list_insert_before  ipc.o
    0x08004a3c   0x08004a3c   0x00000010   Code   RO         2661    i.rt_list_isempty   ipc.o
    0x08004a4c   0x08004a4c   0x00000010   Code   RO         3380    i.rt_list_isempty   timer.o
    0x08004a5c   0x08004a5c   0x00000012   Code   RO         3085    i.rt_list_remove    object.o
    0x08004a6e   0x08004a6e   0x00000012   Code   RO         3247    i.rt_list_remove    thread.o
    0x08004a80   0x08004a80   0x00000012   Code   RO         3381    i.rt_list_remove    timer.o
    0x08004a92   0x08004a92   0x00000002   PAD
    0x08004a94   0x08004a94   0x0000016c   Code   RO         2946    i.rt_malloc         mem.o
    0x08004c00   0x08004c00   0x00000048   Code   RO         2778    i.rt_memset         kservice.o
    0x08004c48   0x08004c48   0x00000054   Code   RO         3086    i.rt_object_allocate  object.o
    0x08004c9c   0x08004c9c   0x00000024   Code   RO         3087    i.rt_object_delete  object.o
    0x08004cc0   0x08004cc0   0x0000001e   Code   RO         3088    i.rt_object_detach  object.o
    0x08004cde   0x08004cde   0x00000002   PAD
    0x08004ce0   0x08004ce0   0x00000028   Code   RO         3090    i.rt_object_get_information  object.o
    0x08004d08   0x08004d08   0x00000056   Code   RO         3094    i.rt_object_init    object.o
    0x08004d5e   0x08004d5e   0x00000012   Code   RO         3095    i.rt_object_is_systemobject  object.o
    0x08004d70   0x08004d70   0x00000084   Code   RO         3175    i.rt_schedule       scheduler.o
    0x08004df4   0x08004df4   0x00000050   Code   RO         3176    i.rt_schedule_insert_thread  scheduler.o
    0x08004e44   0x08004e44   0x00000054   Code   RO         3177    i.rt_schedule_remove_thread  scheduler.o
    0x08004e98   0x08004e98   0x00000026   Code   RO         2666    i.rt_sem_init       ipc.o
    0x08004ebe   0x08004ebe   0x0000005e   Code   RO         2667    i.rt_sem_release    ipc.o
    0x08004f1c   0x08004f1c   0x00000074   Code   RO         2668    i.rt_sem_take       ipc.o
    0x08004f90   0x08004f90   0x00000012   Code   RO         2786    i.rt_strlen         kservice.o
    0x08004fa2   0x08004fa2   0x00000034   Code   RO         2788    i.rt_strncpy        kservice.o
    0x08004fd6   0x08004fd6   0x00000002   PAD
    0x08004fd8   0x08004fd8   0x000000f8   Code   RO         2949    i.rt_system_heap_init  mem.o
    0x080050d0   0x080050d0   0x0000004c   Code   RO         3178    i.rt_system_scheduler_init  scheduler.o
    0x0800511c   0x0800511c   0x00000030   Code   RO         3179    i.rt_system_scheduler_start  scheduler.o
    0x0800514c   0x0800514c   0x0000001c   Code   RO         3382    i.rt_system_timer_init  timer.o
    0x08005168   0x08005168   0x00000002   Code   RO         3383    i.rt_system_timer_thread_init  timer.o
    0x0800516a   0x0800516a   0x00000050   Code   RO         3249    i.rt_thread_create  thread.o
    0x080051ba   0x080051ba   0x00000002   PAD
    0x080051bc   0x080051bc   0x00000058   Code   RO         3254    i.rt_thread_exit    thread.o
    0x08005214   0x08005214   0x00000008   Code   RO         2622    i.rt_thread_idle_entry  idle.o
    0x0800521c   0x0800521c   0x00000060   Code   RO         2623    i.rt_thread_idle_excute  idle.o
    0x0800527c   0x0800527c   0x0000003c   Code   RO         2625    i.rt_thread_idle_init  idle.o
    0x080052b8   0x080052b8   0x00000034   Code   RO         3256    i.rt_thread_init    thread.o
    0x080052ec   0x080052ec   0x0000003c   Code   RO         3258    i.rt_thread_resume  thread.o
    0x08005328   0x08005328   0x0000000c   Code   RO         3259    i.rt_thread_self    thread.o
    0x08005334   0x08005334   0x0000002c   Code   RO         3261    i.rt_thread_startup  thread.o
    0x08005360   0x08005360   0x00000044   Code   RO         3262    i.rt_thread_suspend  thread.o
    0x080053a4   0x080053a4   0x00000020   Code   RO         3263    i.rt_thread_timeout  thread.o
    0x080053c4   0x080053c4   0x00000064   Code   RO         3264    i.rt_thread_yield   thread.o
    0x08005428   0x08005428   0x0000000c   Code   RO         2512    i.rt_tick_get       clock.o
    0x08005434   0x08005434   0x00000030   Code   RO         2513    i.rt_tick_increase  clock.o
    0x08005464   0x08005464   0x000000a4   Code   RO         3384    i.rt_timer_check    timer.o
    0x08005508   0x08005508   0x00000062   Code   RO         3385    i.rt_timer_control  timer.o
    0x0800556a   0x0800556a   0x00000028   Code   RO         3388    i.rt_timer_detach   timer.o
    0x08005592   0x08005592   0x0000002e   Code   RO         3389    i.rt_timer_init     timer.o
    0x080055c0   0x080055c0   0x000000ec   Code   RO         3392    i.rt_timer_start    timer.o
    0x080056ac   0x080056ac   0x00000030   Code   RO         3393    i.rt_timer_stop     timer.o
    0x080056dc   0x080056dc   0x00000340   Code   RO         2791    i.rt_vsnprintf      kservice.o
    0x08005a1c   0x08005a1c   0x00000004   Code   RO         2553    i.rti_board_end     components.o
    0x08005a20   0x08005a20   0x00000004   Code   RO         2554    i.rti_board_start   components.o
    0x08005a24   0x08005a24   0x00000004   Code   RO         2555    i.rti_end           components.o
    0x08005a28   0x08005a28   0x00000004   Code   RO         2556    i.rti_start         components.o
    0x08005a2c   0x08005a2c   0x00000026   Code   RO         2557    i.rtthread_startup  components.o
    0x08005a52   0x08005a52   0x00000026   Code   RO         2793    i.skip_atoi         kservice.o
    0x08005a78   0x08005a78   0x000000ac   Code   RO         2458    i.uart_init         board.o
    0x08005b24   0x08005b24   0x0000000f   Data   RO         1045    .constdata          ocd_jy901.o
    0x08005b33   0x08005b33   0x00000122   Data   RO         2795    .constdata          kservice.o
    0x08005c55   0x08005c55   0x00000018   Data   RO         7213    .constdata          system_stm32f1xx.o
    0x08005c6d   0x08005c6d   0x00000003   PAD
    0x08005c70   0x08005c70   0x00000004   Data   RO         2558    .rti_fn.0           components.o
    0x08005c74   0x08005c74   0x00000004   Data   RO         2559    .rti_fn.0.end       components.o
    0x08005c78   0x08005c78   0x00000004   Data   RO         2460    .rti_fn.1           board.o
    0x08005c7c   0x08005c7c   0x00000004   Data   RO         2560    .rti_fn.1.end       components.o
    0x08005c80   0x08005c80   0x00000004   Data   RO         2561    .rti_fn.6.end       components.o
    0x08005c84   0x08005c84   0x00000020   Data   RO         7672    Region$$Table       anon$$obj.o


    Execution Region RW_IRAM1 (Exec base: 0x20000000, Load base: 0x08005ca4, Size: 0x00004e68, Max: 0x0000c000, ABSOLUTE, COMPRESSED[0x0000012c])

    Exec Addr    Load Addr    Size         Type   Attr      Idx    E Section Name        Object

    0x20000000   COMPRESSED   0x0000084c   Data   RW          609    .data               bsp_io.o
    0x2000084c   COMPRESSED   0x00000004   Data   RW         1794    .data               drv_hal.o
    0x20000850   COMPRESSED   0x00000004   Data   RW         2515    .data               clock.o
    0x20000854   COMPRESSED   0x00000001   Data   RW         2742    .data               irq.o
    0x20000855   COMPRESSED   0x00000003   PAD
    0x20000858   COMPRESSED   0x00000018   Data   RW         2951    .data               mem.o
    0x20000870   COMPRESSED   0x00000050   Data   RW         3097    .data               object.o
    0x200008c0   COMPRESSED   0x00000018   Data   RW         3181    .data               scheduler.o
    0x200008d8   COMPRESSED   0x0000000c   Data   RW         3394    .data               timer.o
    0x200008e4   COMPRESSED   0x00000010   Data   RW         3493    .data               cpuport.o
    0x200008f4   COMPRESSED   0x00000009   Data   RW         3559    .data               stm32f1xx_hal.o
    0x200008fd   COMPRESSED   0x00000003   PAD
    0x20000900   COMPRESSED   0x00000004   Data   RW         7214    .data               system_stm32f1xx.o
    0x20000904   COMPRESSED   0x00000004   Data   RW         7638    .data               mc_w.l(mvars.o)
    0x20000908   COMPRESSED   0x00000004   Data   RW         7639    .data               mc_w.l(mvars.o)
    0x2000090c        -       0x00003c40   Zero   RW         2459    .bss                board.o
    0x2000454c        -       0x00000178   Zero   RW         2626    .bss                idle.o
    0x200046c4        -       0x00000080   Zero   RW         2794    .bss                kservice.o
    0x20004744        -       0x00000020   Zero   RW         2950    .bss                mem.o
    0x20004764        -       0x00000100   Zero   RW         3180    .bss                scheduler.o
    0x20004864   COMPRESSED   0x00000004   PAD
    0x20004868        -       0x00000200   Zero   RW         7246    HEAP                startup_stm32f103xe.o
    0x20004a68        -       0x00000400   Zero   RW         7245    STACK               startup_stm32f103xe.o


==============================================================================

Image component sizes


      Code (inc. data)   RO Data    RW Data    ZI Data      Debug   Object Name

       428         86          4          0      15424       3976   board.o
         0          0          0       2124          0        785   bsp_io.o
        60         12          0          4          0       1117   clock.o
       182         30         16          0          0       5648   components.o
       244         28          0          0          0        776   context_rvds.o
       588        328          0         16          0       3306   cpuport.o
       460         80          0          4          0       7318   drv_hal.o
        12          0          0          0          0        483   drv_hal_delay.o
       266         24          0          0          0       2068   drv_hal_gpio.o
       460          0          0          0          0       7079   drv_hal_iic_soft.o
      1048         86          0          0          0       3775   drv_hal_pwm.o
      1366        174          0          0          0       6798   drv_hal_uart.o
       164         26          0          0        376       5046   idle.o
       404          0          0          0          0       7489   ipc.o
        64         12          0          1          0       1582   irq.o
      1544         26        290          0        128       8186   kservice.o
        32         12          0          0          0     508379   main.o
       956        224          0         24         32       3840   mem.o
       326          4          0         80          0       8104   object.o
       340         40         15          0          0       4288   ocd_jy901.o
       516          0          0          0          0       2877   ocd_oled.o
       526         90          0         24        256       8282   scheduler.o
        36          8        304          0       1536        888   startup_stm32f103xe.o
       168         28          0          9          0       6171   stm32f1xx_hal.o
       344         22          0          0          0      30021   stm32f1xx_hal_cortex.o
       426          8          0          0          0       3410   stm32f1xx_hal_dma.o
       860         40          0          0          0       3459   stm32f1xx_hal_gpio.o
      1784        110          0          0          0       6128   stm32f1xx_hal_rcc.o
      1230         80          0          0          0       7670   stm32f1xx_hal_tim.o
      1206         18          0          0          0      10246   stm32f1xx_hal_uart.o
       166         22         24          4          0       2143   system_stm32f1xx.o
        70         12          0          0          0       6320   task_irq.o
        52         28          0          0          0        452   task_userinit.o
       728         32          0          0          0      10863   thread.o
       810         24          0         12          0      11276   timer.o
       808        114          0          0          0       3097   usercode.o

    ----------------------------------------------------------------------
     18704       1828        688       2308      17756     703346   Object Totals
         0          0         32          0          0          0   (incl. Generated)
        30          0          3          6          4          0   (incl. Padding)

    ----------------------------------------------------------------------

      Code (inc. data)   RO Data    RW Data    ZI Data      Debug   Library Member Name

        86          0          0          0          0          0   __dczerorl2.o
         0          0          0          0          0          0   entry.o
         0          0          0          0          0          0   entry10a.o
         0          0          0          0          0          0   entry11a.o
         8          4          0          0          0          0   entry2.o
         4          0          0          0          0          0   entry5.o
         0          0          0          0          0          0   entry7b.o
         0          0          0          0          0          0   entry8b.o
         8          4          0          0          0          0   entry9a.o
        30          0          0          0          0          0   handlers.o
        36          8          0          0          0         68   init.o
         0          0          0          0          0          0   iusefp.o
        30          0          0          0          0         68   llshl.o
        36          0          0          0          0         68   llsshr.o
        32          0          0          0          0         68   llushr.o
       108         16          0          0          0         84   malloc.o
        36          0          0          0          0        108   memseta.o
         0          0          0          8          0          0   mvars.o
      2258         90          0          0          0        452   printfa.o
        44          0          0          0          0         80   uidiv.o
        98          0          0          0          0         92   uldiv.o
        48          0          0          0          0         68   cdrcmple.o
       334          0          0          0          0        148   dadd.o
       222          0          0          0          0        100   ddiv.o
       186          0          0          0          0        176   depilogue.o
        48          0          0          0          0         68   dfixul.o
       228          0          0          0          0         96   dmul.o
        38          0          0          0          0         68   f2d.o
       124          0          0          0          0         88   fdiv.o
       110          0          0          0          0        168   fepilogue.o
        40          0          0          0          0         68   ffixui.o
        18          0          0          0          0         68   fflti.o
        10          0          0          0          0         68   ffltui.o
       100          0          0          0          0         76   fmul.o

    ----------------------------------------------------------------------
      4324        122          0          8          0       2348   Library Totals
         4          0          0          0          0          0   (incl. Padding)

    ----------------------------------------------------------------------

      Code (inc. data)   RO Data    RW Data    ZI Data      Debug   Library Name

      2814        122          0          8          0       1088   mc_w.l
      1506          0          0          0          0       1260   mf_w.l

    ----------------------------------------------------------------------
      4324        122          0          8          0       2348   Library Totals

    ----------------------------------------------------------------------

==============================================================================


      Code (inc. data)   RO Data    RW Data    ZI Data      Debug   

     23028       1950        688       2316      17756     693862   Grand Totals
     23028       1950        688        300      17756     693862   ELF Image Totals (compressed)
     23028       1950        688        300          0          0   ROM Totals

==============================================================================

    Total RO  Size (Code + RO Data)                23716 (  23.16kB)
    Total RW  Size (RW Data + ZI Data)             20072 (  19.60kB)
    Total ROM Size (Code + RO Data + RW Data)      24016 (  23.45kB)

==============================================================================

