Component: ARM Compiler 5.06 update 6 (build 750) Tool: armlink [4d35ed]

==============================================================================

Section Cross References

    main.o(i.main) refers to task_userinit.o(i.Task_UserInit) for Task_UserInit
    main.o(i.main) refers to kservice.o(i.rt_kprintf) for rt_kprintf
    main.o(i.main) refers to usercode.o(i.UserLogic_Code) for UserLogic_Code
    usercode.o(i.UserLogic_Code) refers to ipc.o(i.rt_sem_create) for rt_sem_create
    usercode.o(i.UserLogic_Code) refers to ipc.o(i.rt_mq_create) for rt_mq_create
    usercode.o(i.UserLogic_Code) refers to thread.o(i.rt_thread_create) for rt_thread_create
    usercode.o(i.UserLogic_Code) refers to thread.o(i.rt_thread_startup) for rt_thread_startup
    usercode.o(i.UserLogic_Code) refers to usercode.o(.data) for JY901S_Sem
    usercode.o(i.UserLogic_Code) refers to threadpool.o(i.TestThread) for TestThread
    usercode.o(i.UserLogic_Code) refers to threadpool.o(i.ReportDataThread) for ReportDataThread
    usercode.o(i.UserLogic_Code) refers to threadpool.o(i.JY901Thread) for JY901Thread
    usercode.o(i.UserLogic_Code) refers to threadpool.o(i.MS5837Thread) for MS5837Thread
    usercode.o(i.UserLogic_Code) refers to threadpool.o(i.AD4111Thread) for AD4111Thread
    usercode.o(i.UserLogic_Code) refers to threadpool.o(i.IPCcmdThread) for IPCcmdThread
    usercode.o(i.UserLogic_Code) refers to threadpool.o(i.IMX6ULLThread) for IMX6ULLThread
    usercode.o(i.UserLogic_Code) refers to threadpool.o(i.DS1337Thread) for DS1337Thread
    usercode.o(i.UserLogic_Code) refers to threadpool.o(i.HandleModeThread) for HandleModeThread
    usercode.o(i.UserLogic_Code) refers to threadpool.o(i.AutoModeThread) for AutoModeThread
    threadpool.o(i.AD4111Thread) refers to task_ad4111.o(i.Task_AD4111_Sync) for Task_AD4111_Sync
    threadpool.o(i.AD4111Thread) refers to task_ad4111.o(i.Task_AD4111_Handle) for Task_AD4111_Handle
    threadpool.o(i.AD4111Thread) refers to drv_hal_delay.o(i.Drv_Delay_Ms) for Drv_Delay_Ms
    threadpool.o(i.AutoModeThread) refers to thread.o(i.rt_thread_self) for rt_thread_self
    threadpool.o(i.AutoModeThread) refers to thread.o(i.rt_thread_suspend) for rt_thread_suspend
    threadpool.o(i.AutoModeThread) refers to scheduler.o(i.rt_schedule) for rt_schedule
    threadpool.o(i.AutoModeThread) refers to ipc.o(i.rt_mq_recv) for rt_mq_recv
    threadpool.o(i.AutoModeThread) refers to printfa.o(i.__0printf) for __2printf
    threadpool.o(i.AutoModeThread) refers to scheduler.o(i.rt_enter_critical) for rt_enter_critical
    threadpool.o(i.AutoModeThread) refers to thread.o(i.rt_thread_resume) for rt_thread_resume
    threadpool.o(i.AutoModeThread) refers to scheduler.o(i.rt_exit_critical) for rt_exit_critical
    threadpool.o(i.AutoModeThread) refers to drv_hal_delay.o(i.Drv_Delay_Ms) for Drv_Delay_Ms
    threadpool.o(i.AutoModeThread) refers to thread.o(i.rt_thread_yield) for rt_thread_yield
    threadpool.o(i.AutoModeThread) refers to usercode.o(.data) for AutoModemq
    threadpool.o(i.DS1337Thread) refers to task_ds1337.o(i.Task_DS1337_Handle) for Task_DS1337_Handle
    threadpool.o(i.DS1337Thread) refers to drv_hal_delay.o(i.Drv_Delay_Ms) for Drv_Delay_Ms
    threadpool.o(i.HandleModeThread) refers to ipc.o(i.rt_mq_recv) for rt_mq_recv
    threadpool.o(i.HandleModeThread) refers to printfa.o(i.__0printf) for __2printf
    threadpool.o(i.HandleModeThread) refers to scheduler.o(i.rt_enter_critical) for rt_enter_critical
    threadpool.o(i.HandleModeThread) refers to thread.o(i.rt_thread_self) for rt_thread_self
    threadpool.o(i.HandleModeThread) refers to thread.o(i.rt_thread_suspend) for rt_thread_suspend
    threadpool.o(i.HandleModeThread) refers to thread.o(i.rt_thread_resume) for rt_thread_resume
    threadpool.o(i.HandleModeThread) refers to scheduler.o(i.rt_exit_critical) for rt_exit_critical
    threadpool.o(i.HandleModeThread) refers to scheduler.o(i.rt_schedule) for rt_schedule
    threadpool.o(i.HandleModeThread) refers to drv_hal_delay.o(i.Drv_Delay_Ms) for Drv_Delay_Ms
    threadpool.o(i.HandleModeThread) refers to thread.o(i.rt_thread_yield) for rt_thread_yield
    threadpool.o(i.HandleModeThread) refers to usercode.o(.data) for HandleModemq
    threadpool.o(i.IMX6ULLThread) refers to task_imx6ull.o(i.Task_IMX6ULL_Handle) for Task_IMX6ULL_Handle
    threadpool.o(i.IMX6ULLThread) refers to drv_hal_delay.o(i.Drv_Delay_Ms) for Drv_Delay_Ms
    threadpool.o(i.IPCcmdThread) refers to task_ipccmd.o(i.Task_IPCcmd_Handle) for Task_IPCcmd_Handle
    threadpool.o(i.IPCcmdThread) refers to drv_hal_delay.o(i.Drv_Delay_Ms) for Drv_Delay_Ms
    threadpool.o(i.JY901Thread) refers to task_jy901.o(i.Task_JY901_Handle) for Task_JY901_Handle
    threadpool.o(i.JY901Thread) refers to drv_hal_delay.o(i.Drv_Delay_Ms) for Drv_Delay_Ms
    threadpool.o(i.MS5837Thread) refers to task_ms5837.o(i.Task_MS5837_Handle) for Task_MS5837_Handle
[...]
    Drv_HAL_Error                            0x08002141   Thumb Code    24  drv_hal.o(i.Drv_HAL_Error)
    Drv_HAL_Init                             0x0800219d   Thumb Code    16  drv_hal.o(i.Drv_HAL_Init)
    Drv_HAL_PrintLog                         0x080021ad   Thumb Code    54  drv_hal.o(i.Drv_HAL_PrintLog)
    Drv_IICSoft_Init                         0x08002201   Thumb Code    14  drv_hal_iic_soft.o(i.Drv_IICSoft_Init)
    Drv_IICSoft_ReadByte                     0x0800220f   Thumb Code    90  drv_hal_iic_soft.o(i.Drv_IICSoft_ReadByte)
    Drv_IICSoft_SendByte                     0x08002269   Thumb Code    86  drv_hal_iic_soft.o(i.Drv_IICSoft_SendByte)
    Drv_IICSoft_Start                        0x080022bf   Thumb Code    48  drv_hal_iic_soft.o(i.Drv_IICSoft_Start)
    Drv_IICSoft_Stop                         0x080022ef   Thumb Code    48  drv_hal_iic_soft.o(i.Drv_IICSoft_Stop)
    Drv_IICSoft_WaitAck                      0x0800231f   Thumb Code    76  drv_hal_iic_soft.o(i.Drv_IICSoft_WaitAck)
    Drv_PWM_HighLvTimeSet                    0x0800236d   Thumb Code    72  drv_hal_pwm.o(i.Drv_PWM_HighLvTimeSet)
    Drv_PWM_Init                             0x080023d1   Thumb Code    88  drv_hal_pwm.o(i.Drv_PWM_Init)
    Drv_SPI_Init                             0x0800242d   Thumb Code    24  drv_hal_spi.o(i.Drv_SPI_Init)
    Drv_SPI_Transmit                         0x08002445   Thumb Code    24  drv_hal_spi.o(i.Drv_SPI_Transmit)
    Drv_SPI_TransmitReceive                  0x0800245d   Thumb Code    36  drv_hal_spi.o(i.Drv_SPI_TransmitReceive)
    Drv_Uart_DMAInit                         0x08002481   Thumb Code   150  drv_hal_uart.o(i.Drv_Uart_DMAInit)
    Drv_Uart_DMA_IRQHandler                  0x08002517   Thumb Code    34  drv_hal_uart.o(i.Drv_Uart_DMA_IRQHandler)
    Drv_Uart_DMA_RxHandler                   0x08002539   Thumb Code    82  drv_hal_uart.o(i.Drv_Uart_DMA_RxHandler)
    Drv_Uart_IRQHandler                      0x0800258b   Thumb Code    12  drv_hal_uart.o(i.Drv_Uart_IRQHandler)
    Drv_Uart_Receive_DMA                     0x08002597   Thumb Code    52  drv_hal_uart.o(i.Drv_Uart_Receive_DMA)
    Drv_Uart_Transmit                        0x080025cb   Thumb Code    22  drv_hal_uart.o(i.Drv_Uart_Transmit)
    Drv_Uart_Transmit_DMA                    0x080025e1   Thumb Code    40  drv_hal_uart.o(i.Drv_Uart_Transmit_DMA)
    EXTI15_10_IRQHandler                     0x08002609   Thumb Code     2  task_irq.o(i.EXTI15_10_IRQHandler)
    EXTI9_5_IRQHandler                       0x0800260b   Thumb Code     2  task_irq.o(i.EXTI9_5_IRQHandler)
    HAL_DMA_Abort                            0x0800260d   Thumb Code    86  stm32f1xx_hal_dma.o(i.HAL_DMA_Abort)
    HAL_DMA_Abort_IT                         0x08002665   Thumb Code   414  stm32f1xx_hal_dma.o(i.HAL_DMA_Abort_IT)
    HAL_DMA_GetState                         0x0800280d   Thumb Code     8  stm32f1xx_hal_dma.o(i.HAL_DMA_GetState)
    HAL_DMA_IRQHandler                       0x08002815   Thumb Code   910  stm32f1xx_hal_dma.o(i.HAL_DMA_IRQHandler)
    HAL_DMA_Init                             0x08002bad   Thumb Code   132  stm32f1xx_hal_dma.o(i.HAL_DMA_Init)
    HAL_DMA_Start_IT                         0x08002c39   Thumb Code   156  stm32f1xx_hal_dma.o(i.HAL_DMA_Start_IT)
    HAL_GPIO_Init                            0x08002cd5   Thumb Code   792  stm32f1xx_hal_gpio.o(i.HAL_GPIO_Init)
    HAL_GPIO_ReadPin                         0x08003015   Thumb Code    16  stm32f1xx_hal_gpio.o(i.HAL_GPIO_ReadPin)
    HAL_GPIO_WritePin                        0x08003025   Thumb Code    12  stm32f1xx_hal_gpio.o(i.HAL_GPIO_WritePin)
    HAL_GetTick                              0x08003031   Thumb Code     6  stm32f1xx_hal.o(i.HAL_GetTick)
    HAL_Init                                 0x0800303d   Thumb Code    34  stm32f1xx_hal.o(i.HAL_Init)
    HAL_InitTick                             0x08003065   Thumb Code    64  stm32f1xx_hal.o(i.HAL_InitTick)
    HAL_MspInit                              0x080030b1   Thumb Code   158  drv_hal.o(i.HAL_MspInit)
    HAL_NVIC_EnableIRQ                       0x08003159   Thumb Code    32  stm32f1xx_hal_cortex.o(i.HAL_NVIC_EnableIRQ)
    HAL_NVIC_SetPriority                     0x08003179   Thumb Code   124  stm32f1xx_hal_cortex.o(i.HAL_NVIC_SetPriority)
    HAL_NVIC_SetPriorityGrouping             0x080031f5   Thumb Code    32  stm32f1xx_hal_cortex.o(i.HAL_NVIC_SetPriorityGrouping)
    HAL_RCC_ClockConfig                      0x0800321d   Thumb Code   376  stm32f1xx_hal_rcc.o(i.HAL_RCC_ClockConfig)
    HAL_RCC_GetHCLKFreq                      0x080033a9   Thumb Code     6  stm32f1xx_hal_rcc.o(i.HAL_RCC_GetHCLKFreq)
    HAL_RCC_GetPCLK1Freq                     0x080033b5   Thumb Code    22  stm32f1xx_hal_rcc.o(i.HAL_RCC_GetPCLK1Freq)
    HAL_RCC_GetPCLK2Freq                     0x080033d5   Thumb Code    22  stm32f1xx_hal_rcc.o(i.HAL_RCC_GetPCLK2Freq)
    HAL_RCC_GetSysClockFreq                  0x080033f5   Thumb Code   116  stm32f1xx_hal_rcc.o(i.HAL_RCC_GetSysClockFreq)
    HAL_RCC_OscConfig                        0x08003489   Thumb Code  1114  stm32f1xx_hal_rcc.o(i.HAL_RCC_OscConfig)
    HAL_SPI_Init                             0x080038ed   Thumb Code   190  stm32f1xx_hal_spi.o(i.HAL_SPI_Init)
    HAL_SPI_MspInit                          0x080039ab   Thumb Code     2  stm32f1xx_hal_spi.o(i.HAL_SPI_MspInit)
    HAL_SPI_Transmit                         0x080039ad   Thumb Code   430  stm32f1xx_hal_spi.o(i.HAL_SPI_Transmit)
    HAL_SPI_TransmitReceive                  0x08003b5b   Thumb Code   554  stm32f1xx_hal_spi.o(i.HAL_SPI_TransmitReceive)
    HAL_SYSTICK_CLKSourceConfig              0x08003d85   Thumb Code    40  stm32f1xx_hal_cortex.o(i.HAL_SYSTICK_CLKSourceConfig)
    HAL_SYSTICK_Config                       0x08003dad   Thumb Code    52  stm32f1xx_hal_cortex.o(i.HAL_SYSTICK_Config)
    HAL_TIM_PWM_ConfigChannel                0x08003de1   Thumb Code   252  stm32f1xx_hal_tim.o(i.HAL_TIM_PWM_ConfigChannel)
    HAL_TIM_PWM_Init                         0x08003edd   Thumb Code   102  stm32f1xx_hal_tim.o(i.HAL_TIM_PWM_Init)
    HAL_TIM_PWM_MspInit                      0x08003f43   Thumb Code     2  stm32f1xx_hal_tim.o(i.HAL_TIM_PWM_MspInit)
    HAL_TIM_PWM_Start                        0x08003f45   Thumb Code   222  stm32f1xx_hal_tim.o(i.HAL_TIM_PWM_Start)
    HAL_UART_DMAStop                         0x08004039   Thumb Code   102  stm32f1xx_hal_uart.o(i.HAL_UART_DMAStop)
    HAL_UART_ErrorCallback                   0x0800409f   Thumb Code     2  stm32f1xx_hal_uart.o(i.HAL_UART_ErrorCallback)
    HAL_UART_IRQHandler                      0x080040a1   Thumb Code   334  stm32f1xx_hal_uart.o(i.HAL_UART_IRQHandler)
    HAL_UART_Init                            0x080041f5   Thumb Code   114  stm32f1xx_hal_uart.o(i.HAL_UART_Init)
    HAL_UART_MspInit                         0x08004267   Thumb Code     2  stm32f1xx_hal_uart.o(i.HAL_UART_MspInit)
    HAL_UART_Receive_DMA                     0x08004269   Thumb Code   182  stm32f1xx_hal_uart.o(i.HAL_UART_Receive_DMA)
    HAL_UART_RxCpltCallback                  0x0800432d   Thumb Code     2  stm32f1xx_hal_uart.o(i.HAL_UART_RxCpltCallback)
    HAL_UART_RxHalfCpltCallback              0x0800432f   Thumb Code     2  stm32f1xx_hal_uart.o(i.HAL_UART_RxHalfCpltCallback)
    HAL_UART_Transmit                        0x08004331   Thumb Code   210  stm32f1xx_hal_uart.o(i.HAL_UART_Transmit)
    HAL_UART_Transmit_DMA                    0x08004405   Thumb Code   142  stm32f1xx_hal_uart.o(i.HAL_UART_Transmit_DMA)
    HAL_UART_TxCpltCallback                  0x080044a1   Thumb Code     2  stm32f1xx_hal_uart.o(i.HAL_UART_TxCpltCallback)
    HAL_UART_TxHalfCpltCallback              0x080044a3   Thumb Code     2  stm32f1xx_hal_uart.o(i.HAL_UART_TxHalfCpltCallback)
    HandleModeThread                         0x080044a5   Thumb Code   112  threadpool.o(i.HandleModeThread)
    IMX6ULLThread                            0x08004549   Thumb Code    14  threadpool.o(i.IMX6ULLThread)
    IPCcmdThread                             0x08004557   Thumb Code    14  threadpool.o(i.IPCcmdThread)
    JY901Thread                              0x08004565   Thumb Code    16  threadpool.o(i.JY901Thread)
    MS5837Thread                             0x08004575   Thumb Code    16  threadpool.o(i.MS5837Thread)
    MemManage_Handler                        0x08004585   Thumb Code     4  drv_hal.o(i.MemManage_Handler)
    NMI_Handler                              0x08004589   Thumb Code     4  drv_hal.o(i.NMI_Handler)
    OCD_AD24BIT_Init                         0x0800458d   Thumb Code   276  ocd_ad24bit.o(i.OCD_AD24BIT_Init)
    OCD_AD24bit_GetResult                    0x080046a5   Thumb Code   494  ocd_ad24bit.o(i.OCD_AD24bit_GetResult)
    OCD_DS3231_Init                          0x080048a5   Thumb Code    54  ocd_ds3231.o(i.OCD_DS3231_Init)
    OCD_DS3231_TimeGetHex                    0x080048db   Thumb Code    94  ocd_ds3231.o(i.OCD_DS3231_TimeGetHex)
    OCD_DS3231_TimeSetHex                    0x08004939   Thumb Code   140  ocd_ds3231.o(i.OCD_DS3231_TimeSetHex)
    OCD_JY901_AxisConfig                     0x080049c5   Thumb Code    32  ocd_jy901.o(i.OCD_JY901_AxisConfig)
    OCD_JY901_DMAInit                        0x080049ed   Thumb Code    56  ocd_jy901.o(i.OCD_JY901_DMAInit)
    OCD_JY901_DataConversion                 0x08004a25   Thumb Code   498  ocd_jy901.o(i.OCD_JY901_DataConversion)
    OCD_JY901_DataProcess                    0x08004c21   Thumb Code   260  ocd_jy901.o(i.OCD_JY901_DataProcess)
    OCD_JY901_GyroAutoCorrect                0x08004d25   Thumb Code    28  ocd_jy901.o(i.OCD_JY901_GyroAutoCorrect)
    OCD_JY901_OrientConfig                   0x08004d49   Thumb Code    32  ocd_jy901.o(i.OCD_JY901_OrientConfig)
    OCD_JY901_RxBaudConfig                   0x08004d71   Thumb Code    30  ocd_jy901.o(i.OCD_JY901_RxBaudConfig)
    OCD_JY901_RxSpeedConfig                  0x08004d99   Thumb Code    32  ocd_jy901.o(i.OCD_JY901_RxSpeedConfig)
    OCD_JY901_RxTypeConfig                   0x08004dc1   Thumb Code    44  ocd_jy901.o(i.OCD_JY901_RxTypeConfig)
    OCD_MS5837_GetData                       0x08004df5   Thumb Code   906  ocd_ms5837.o(i.OCD_MS5837_GetData)
    OCD_MS5837_Init                          0x080051c5   Thumb Code    52  ocd_ms5837.o(i.OCD_MS5837_Init)
    ReportDataThread                         0x08005221   Thumb Code    10  threadpool.o(i.ReportDataThread)
    SVC_Handler                              0x0800532d   Thumb Code     2  drv_hal.o(i.SVC_Handler)
    SysTick_Handler                          0x08007685   Thumb Code    16  board.o(i.SysTick_Handler)
    SystemCoreClockUpdate                    0x08007695   Thumb Code   142  system_stm32f1xx.o(i.SystemCoreClockUpdate)
    SystemInit                               0x08007739   Thumb Code     2  system_stm32f1xx.o(i.SystemInit)
    TIM2_IRQHandler                          0x0800773b   Thumb Code     2  task_irq.o(i.TIM2_IRQHandler)
    TIM3_IRQHandler                          0x0800773d   Thumb Code     2  task_irq.o(i.TIM3_IRQHandler)
    TIM4_IRQHandler                          0x0800773f   Thumb Code     2  task_irq.o(i.TIM4_IRQHandler)
    TIM5_IRQHandler                          0x08007741   Thumb Code     2  task_irq.o(i.TIM5_IRQHandler)
    TIM6_IRQHandler                          0x08007743   Thumb Code     2  task_irq.o(i.TIM6_IRQHandler)
    TIM7_IRQHandler                          0x08007745   Thumb Code     2  task_irq.o(i.TIM7_IRQHandler)
    TIM_Base_SetConfig                       0x08007749   Thumb Code   134  stm32f1xx_hal_tim.o(i.TIM_Base_SetConfig)
    TIM_CCxChannelCmd                        0x080077e5   Thumb Code    34  stm32f1xx_hal_tim.o(i.TIM_CCxChannelCmd)
    TIM_OC2_SetConfig                        0x08007879   Thumb Code   114  stm32f1xx_hal_tim.o(i.TIM_OC2_SetConfig)
    Task_AD4111_Handle                       0x080079c1   Thumb Code   254  task_ad4111.o(i.Task_AD4111_Handle)
    Task_AD4111_Sync                         0x08007ad5   Thumb Code    24  task_ad4111.o(i.Task_AD4111_Sync)
    Task_DS1337_Handle                       0x08007af1   Thumb Code    26  task_ds1337.o(i.Task_DS1337_Handle)
    Task_DS1337_SYNC                         0x08007b19   Thumb Code    56  task_ds1337.o(i.Task_DS1337_SYNC)
    Task_IMX6ULL_Handle                      0x08007b55   Thumb Code   154  task_imx6ull.o(i.Task_IMX6ULL_Handle)
    Task_IPCcmd_Handle                       0x08007c61   Thumb Code   746  task_ipccmd.o(i.Task_IPCcmd_Handle)
    Task_JY901_Handle                        0x08007fc5   Thumb Code   162  task_jy901.o(i.Task_JY901_Handle)
    Task_MS5837_Handle                       0x08008075   Thumb Code    46  task_ms5837.o(i.Task_MS5837_Handle)
    Task_MotorSys_Init                       0x080080b1   Thumb Code    20  task_motorsys.o(i.Task_MotorSys_Init)
    Task_MotorSys_Steer_Angle_Set            0x080080c9   Thumb Code    48  task_motorsys.o(i.Task_MotorSys_Steer_Angle_Set)
    Task_MotorSys_Thruster_SpeedSet          0x080080fd   Thumb Code    24  task_motorsys.o(i.Task_MotorSys_Thruster_SpeedSet)
    Task_ReportData_Handle                   0x08008119   Thumb Code    50  task_reportdata.o(i.Task_ReportData_Handle)
    Task_Test_Handle                         0x08008155   Thumb Code     8  task_test.o(i.Task_Test_Handle)
    Task_UserInit                            0x0800815d   Thumb Code   114  task_userinit.o(i.Task_UserInit)
    TestThread                               0x0800822d   Thumb Code    10  threadpool.o(i.TestThread)
    UART4_IRQHandler                         0x08008239   Thumb Code    24  task_irq.o(i.UART4_IRQHandler)
    UART5_IRQHandler                         0x08008255   Thumb Code     2  task_irq.o(i.UART5_IRQHandler)
    USART1_IRQHandler                        0x08008611   Thumb Code    32  task_irq.o(i.USART1_IRQHandler)
    USART2_IRQHandler                        0x08008639   Thumb Code    26  task_irq.o(i.USART2_IRQHandler)
    USART3_IRQHandler                        0x0800865d   Thumb Code    32  task_irq.o(i.USART3_IRQHandler)
    UsageFault_Handler                       0x08008685   Thumb Code     4  drv_hal.o(i.UsageFault_Handler)
    UserLogic_Code                           0x08008689   Thumb Code   322  usercode.o(i.UserLogic_Code)
    __0printf                                0x08008905   Thumb Code    22  printfa.o(i.__0printf)
    __1printf                                0x08008905   Thumb Code     0  printfa.o(i.__0printf)
    __2printf                                0x08008905   Thumb Code     0  printfa.o(i.__0printf)
    __c89printf                              0x08008905   Thumb Code     0  printfa.o(i.__0printf)
    printf                                   0x08008905   Thumb Code     0  printfa.o(i.__0printf)
    __0vsnprintf                             0x08008925   Thumb Code    40  printfa.o(i.__0vsnprintf)
    __1vsnprintf                             0x08008925   Thumb Code     0  printfa.o(i.__0vsnprintf)
    __2vsnprintf                             0x08008925   Thumb Code     0  printfa.o(i.__0vsnprintf)
    __c89vsnprintf                           0x08008925   Thumb Code     0  printfa.o(i.__0vsnprintf)
    vsnprintf                                0x08008925   Thumb Code     0  printfa.o(i.__0vsnprintf)
    __aeabi_errno_addr                       0x08008989   Thumb Code     4  errno.o(i.__aeabi_errno_addr)
    __rt_errno_addr                          0x08008989   Thumb Code     0  errno.o(i.__aeabi_errno_addr)
    __mathlib_narrow                         0x08008991   Thumb Code    16  narrow.o(i.__mathlib_narrow)
    __mathlib_tofloat                        0x080089a1   Thumb Code   184  narrow.o(i.__mathlib_tofloat)
    __read_errno                             0x08008a5d   Thumb Code     6  errno.o(i.__read_errno)
    __rt_ffs                                 0x08008a69   Thumb Code    70  kservice.o(i.__rt_ffs)
    __scatterload_copy                       0x08008ab5   Thumb Code    14  handlers.o(i.__scatterload_copy)
    __scatterload_null                       0x08008ac3   Thumb Code     2  handlers.o(i.__scatterload_null)
    __scatterload_zeroinit                   0x08008ac5   Thumb Code    14  handlers.o(i.__scatterload_zeroinit)
    __set_errno                              0x08008ad5   Thumb Code     6  errno.o(i.__set_errno)
    _is_digit                                0x08008c65   Thumb Code    14  scanf_fp.o(i._is_digit)
    atof                                     0x080094d1   Thumb Code    42  atof.o(i.atof)
    fputc                                    0x080094fd   Thumb Code    48  drv_hal.o(i.fputc)
    free                                     0x08009531   Thumb Code    76  malloc.o(i.free)
    frexp                                    0x08009581   Thumb Code    80  frexp.o(i.frexp)
    $Super$$main                             0x080095d9   Thumb Code    20  main.o(i.main)
    main_thread_entry                        0x080095fd   Thumb Code    14  components.o(i.main_thread_entry)
    malloc                                   0x0800960d   Thumb Code    92  malloc.o(i.malloc)
    rt_application_init                      0x08009889   Thumb Code    34  components.o(i.rt_application_init)
    rt_components_board_init                 0x080098b9   Thumb Code    20  components.o(i.rt_components_board_init)
    rt_components_init                       0x080098d5   Thumb Code    20  components.o(i.rt_components_init)
    rt_enter_critical                        0x080098f1   Thumb Code    28  scheduler.o(i.rt_enter_critical)
    rt_exit_critical                         0x08009911   Thumb Code    60  scheduler.o(i.rt_exit_critical)
    rt_free                                  0x08009955   Thumb Code   146  mem.o(i.rt_free)
    rt_heap_begin_get                        0x08009a4d   Thumb Code     4  board.o(i.rt_heap_begin_get)
    rt_heap_end_get                          0x08009a55   Thumb Code     4  board.o(i.rt_heap_end_get)
    rt_hw_board_init                         0x08009a5d   Thumb Code    52  board.o(i.rt_hw_board_init)
    rt_hw_console_output                     0x08009a91   Thumb Code    74  board.o(i.rt_hw_console_output)
    rt_hw_hard_fault_exception               0x08009ae1   Thumb Code   190  cpuport.o(i.rt_hw_hard_fault_exception)
    rt_hw_stack_init                         0x08009ce1   Thumb Code    70  cpuport.o(i.rt_hw_stack_init)
    rt_interrupt_enter                       0x08009d2d   Thumb Code    42  irq.o(i.rt_interrupt_enter)
    rt_interrupt_leave                       0x08009d61   Thumb Code    42  irq.o(i.rt_interrupt_leave)
    rt_kprintf                               0x08009e29   Thumb Code    44  kservice.o(i.rt_kprintf)
    rt_malloc                                0x08009ef9   Thumb Code   360  mem.o(i.rt_malloc)
    rt_memcpy                                0x0800a081   Thumb Code   124  kservice.o(i.rt_memcpy)
    rt_memset                                0x0800a0fd   Thumb Code    72  kservice.o(i.rt_memset)
    rt_mq_create                             0x0800a145   Thumb Code   136  ipc.o(i.rt_mq_create)
    rt_mq_recv                               0x0800a1cd   Thumb Code   344  ipc.o(i.rt_mq_recv)
    rt_mq_send                               0x0800a32d   Thumb Code    22  ipc.o(i.rt_mq_send)
    rt_mq_send_wait                          0x0800a345   Thumb Code   320  ipc.o(i.rt_mq_send_wait)
    rt_object_allocate                       0x0800a489   Thumb Code   102  object.o(i.rt_object_allocate)
    rt_object_delete                         0x0800a4f5   Thumb Code    54  object.o(i.rt_object_delete)
    rt_object_detach                         0x0800a531   Thumb Code    48  object.o(i.rt_object_detach)
    rt_object_get_information                0x0800a565   Thumb Code    36  object.o(i.rt_object_get_information)
    rt_object_init                           0x0800a58d   Thumb Code   104  object.o(i.rt_object_init)
    rt_object_is_systemobject                0x0800a5f9   Thumb Code    18  object.o(i.rt_object_is_systemobject)
    rt_schedule                              0x0800a60d   Thumb Code   126  scheduler.o(i.rt_schedule)
    rt_schedule_insert_thread                0x0800a6a9   Thumb Code    72  scheduler.o(i.rt_schedule_insert_thread)
    rt_schedule_remove_thread                0x0800a6f9   Thumb Code    76  scheduler.o(i.rt_schedule_remove_thread)
    rt_sem_create                            0x0800a74d   Thumb Code    42  ipc.o(i.rt_sem_create)
    rt_sem_init                              0x0800a777   Thumb Code    38  ipc.o(i.rt_sem_init)
    rt_sem_release                           0x0800a79d   Thumb Code   100  ipc.o(i.rt_sem_release)
    rt_sem_take                              0x0800a805   Thumb Code   152  ipc.o(i.rt_sem_take)
    rt_show_version                          0x0800a8a5   Thumb Code    38  kservice.o(i.rt_show_version)
    rt_soft_timer_check                      0x0800a955   Thumb Code   214  timer.o(i.rt_soft_timer_check)
    rt_strcmp                                0x0800aa3d   Thumb Code    28  kservice.o(i.rt_strcmp)
    rt_strlen                                0x0800aa59   Thumb Code    18  kservice.o(i.rt_strlen)
    rt_strncpy                               0x0800aa6b   Thumb Code    52  kservice.o(i.rt_strncpy)
    rt_system_heap_init                      0x0800aaa1   Thumb Code   160  mem.o(i.rt_system_heap_init)
    rt_system_scheduler_init                 0x0800ab99   Thumb Code    52  scheduler.o(i.rt_system_scheduler_init)
    rt_system_scheduler_start                0x0800abe5   Thumb Code    36  scheduler.o(i.rt_system_scheduler_start)
    rt_system_timer_init                     0x0800ac15   Thumb Code    24  timer.o(i.rt_system_timer_init)
    rt_system_timer_thread_init              0x0800ac31   Thumb Code    58  timer.o(i.rt_system_timer_thread_init)
    rt_thread_create                         0x0800ac85   Thumb Code    80  thread.o(i.rt_thread_create)
    rt_thread_delay                          0x0800acd5   Thumb Code    12  thread.o(i.rt_thread_delay)
    rt_thread_exit                           0x0800ace1   Thumb Code    78  thread.o(i.rt_thread_exit)
    rt_thread_idle_excute                    0x0800ad61   Thumb Code    92  idle.o(i.rt_thread_idle_excute)
    rt_thread_idle_init                      0x0800adc1   Thumb Code    38  idle.o(i.rt_thread_idle_init)
    rt_thread_init                           0x0800adfd   Thumb Code    52  thread.o(i.rt_thread_init)
    rt_thread_mdelay                         0x0800ae31   Thumb Code    20  thread.o(i.rt_thread_mdelay)
    rt_thread_resume                         0x0800ae45   Thumb Code    78  thread.o(i.rt_thread_resume)
    rt_thread_self                           0x0800ae99   Thumb Code     6  thread.o(i.rt_thread_self)
    rt_thread_sleep                          0x0800aea5   Thumb Code    62  thread.o(i.rt_thread_sleep)
    rt_thread_startup                        0x0800aee9   Thumb Code    44  thread.o(i.rt_thread_startup)
    rt_thread_suspend                        0x0800af15   Thumb Code    86  thread.o(i.rt_thread_suspend)
    rt_thread_timeout                        0x0800af71   Thumb Code    32  thread.o(i.rt_thread_timeout)
    rt_thread_yield                          0x0800afd5   Thumb Code    92  thread.o(i.rt_thread_yield)
    rt_tick_from_millisecond                 0x0800b039   Thumb Code    56  clock.o(i.rt_tick_from_millisecond)
    rt_tick_get                              0x0800b071   Thumb Code     6  clock.o(i.rt_tick_get)
    rt_tick_increase                         0x0800b07d   Thumb Code    42  clock.o(i.rt_tick_increase)
    rt_timer_check                           0x0800b0ad   Thumb Code   196  timer.o(i.rt_timer_check)
    rt_timer_control                         0x0800b17d   Thumb Code    98  timer.o(i.rt_timer_control)
    rt_timer_detach                          0x0800b1df   Thumb Code    40  timer.o(i.rt_timer_detach)
    rt_timer_init                            0x0800b207   Thumb Code    46  timer.o(i.rt_timer_init)
    rt_timer_start                           0x0800b261   Thumb Code   296  timer.o(i.rt_timer_start)
    rt_timer_stop                            0x0800b3a1   Thumb Code    66  timer.o(i.rt_timer_stop)
    rt_vsnprintf                             0x0800b3e9   Thumb Code   824  kservice.o(i.rt_vsnprintf)
    rtthread_startup                         0x0800b739   Thumb Code    42  components.o(i.rtthread_startup)
    strtod                                   0x0800b789   Thumb Code    28  strtod.o(i.strtod)
    strtof                                   0x0800b7a5   Thumb Code    20  strtof.o(i.strtof)
    ucpUnlockCmd                             0x0800b873   Data           5  ocd_jy901.o(.constdata)
    ucpSleepCmd                              0x0800b878   Data           5  ocd_jy901.o(.constdata)
    ucpOutputOnceCmd                         0x0800b87d   Data           5  ocd_jy901.o(.constdata)
    AHBPrescTable                            0x0800b882   Data          16  system_stm32f1xx.o(.constdata)
    APBPrescTable                            0x0800b892   Data           8  system_stm32f1xx.o(.constdata)
    __lowest_bit_bitmap                      0x0800b89a   Data         256  kservice.o(.constdata)
    __ctype_table                            0x0800b9bc   Data         129  ctype_o.o(.constdata)
    __rt_init_rti_start                      0x0800ba44   Data           4  components.o(.rti_fn.0)
    __rt_init_rti_board_start                0x0800ba48   Data           4  components.o(.rti_fn.0.end)
    __rt_init_uart_init                      0x0800ba4c   Data           4  board.o(.rti_fn.1)
    __rt_init_rti_board_end                  0x0800ba50   Data           4  components.o(.rti_fn.1.end)
    __rt_init_rti_end                        0x0800ba54   Data           4  components.o(.rti_fn.6.end)
    Region$$Table$$Base                      0x0800ba58   Number         0  anon$$obj.o(Region$$Table)
    Region$$Table$$Limit                     0x0800ba78   Number         0  anon$$obj.o(Region$$Table)
    TestThread_t                             0x20000004   Data           4  usercode.o(.data)
    ReportDataThread_t                       0x20000008   Data           4  usercode.o(.data)
    JY901Thread_t                            0x2000000c   Data           4  usercode.o(.data)
    MS5837Thread_t                           0x20000010   Data           4  usercode.o(.data)
    AD4111Thread_t                           0x20000014   Data           4  usercode.o(.data)
    IPCcmdThread_t                           0x20000018   Data           4  usercode.o(.data)
    IMX6ULLThread_t                          0x2000001c   Data           4  usercode.o(.data)
    DS1337Thread_t                           0x20000020   Data           4  usercode.o(.data)
    AutoModeThread_t                         0x20000024   Data           4  usercode.o(.data)
    HandleModeThread_t                       0x20000028   Data           4  usercode.o(.data)
    JY901S_Sem                               0x2000002c   Data           4  usercode.o(.data)
    CmdFromIPC_Sem                           0x20000030   Data           4  usercode.o(.data)
    AutoModemq                               0x20000034   Data           4  usercode.o(.data)
    HandleModemq                             0x20000038   Data           4  usercode.o(.data)
    LED                                      0x20000044   Data          72  config.o(.data)
    SYNC                                     0x2000008c   Data          24  config.o(.data)
    Uart1                                    0x200000a4   Data         296  config.o(.data)
    JY901S                                   0x200001cc   Data         416  config.o(.data)
    Uart3                                    0x2000036c   Data         296  config.o(.data)
    Uart4                                    0x20000494   Data         296  config.o(.data)
    AD4111_1                                 0x200005c0   Data         584  config.o(.data)
    AD4111_2                                 0x20000808   Data         584  config.o(.data)
    PWM                                      0x20000a50   Data        1496  config.o(.data)
    MS5837                                   0x20001028   Data         104  config.o(.data)
    DS1337                                   0x20001090   Data          48  config.o(.data)
    A_1_HighLvTime                           0x200010c4   Data           2  task_reportdata.o(.data)
    B_1_HighLvTime                           0x200010c6   Data           2  task_reportdata.o(.data)
    C_1_HighLvTime                           0x200010c8   Data           2  task_reportdata.o(.data)
    D_1_HighLvTime                           0x200010ca   Data           2  task_reportdata.o(.data)
    A_2_HighLvTime                           0x200010cc   Data           2  task_reportdata.o(.data)
    B_2_HighLvTime                           0x200010ce   Data           2  task_reportdata.o(.data)
    C_2_HighLvTime                           0x200010d0   Data           2  task_reportdata.o(.data)
    D_2_HighLvTime                           0x200010d2   Data           2  task_reportdata.o(.data)
    dT                                       0x200010f4   Data           4  ocd_ms5837.o(.data)
    TEMP                                     0x200010f8   Data           4  ocd_ms5837.o(.data)
    OFF                                      0x20001100   Data           8  ocd_ms5837.o(.data)
    SENS                                     0x20001108   Data           8  ocd_ms5837.o(.data)
    D1_Press                                 0x20001110   Data           4  ocd_ms5837.o(.data)
    D2_Temp                                  0x20001114   Data           4  ocd_ms5837.o(.data)
    OFFi                                     0x20001118   Data           4  ocd_ms5837.o(.data)
    SENSi                                    0x2000111c   Data           4  ocd_ms5837.o(.data)
    Ti                                       0x20001120   Data           4  ocd_ms5837.o(.data)
    OFF2                                     0x20001128   Data           8  ocd_ms5837.o(.data)
    SENS2                                    0x20001130   Data           8  ocd_ms5837.o(.data)
    __stdout                                 0x2000113c   Data           4  drv_hal.o(.data)
    uwTick                                   0x20001144   Data           4  stm32f1xx_hal.o(.data)
    uwTickPrio                               0x20001148   Data           4  stm32f1xx_hal.o(.data)
    uwTickFreq                               0x2000114c   Data           1  stm32f1xx_hal.o(.data)
    SystemCoreClock                          0x20001150   Data           4  system_stm32f1xx.o(.data)
    rt_interrupt_nest                        0x20001160   Data           1  irq.o(.data)
    rt_object_trytake_hook                   0x2000121c   Data           4  object.o(.data)
    rt_object_take_hook                      0x20001220   Data           4  object.o(.data)
    rt_object_put_hook                       0x20001224   Data           4  object.o(.data)
    rt_thread_ready_priority_group           0x20001228   Data           4  scheduler.o(.data)
    rt_current_thread                        0x20001230   Data           4  scheduler.o(.data)
    rt_current_priority                      0x20001234   Data           1  scheduler.o(.data)
    rt_thread_defunct                        0x20001238   Data           8  scheduler.o(.data)
    rt_interrupt_from_thread                 0x20001270   Data           4  cpuport.o(.data)
    rt_interrupt_to_thread                   0x20001274   Data           4  cpuport.o(.data)
    rt_thread_switch_interrupt_flag          0x20001278   Data           4  cpuport.o(.data)
    ad24bit_regs                             0x20001280   Data         660  ocd_ad24bit.o(.data)
    __microlib_freelist                      0x20001518   Data           4  mvars.o(.data)
    __microlib_freelist_initialised          0x2000151c   Data           4  mvars.o(.data)
    ReportDataBuffer                         0x20001524   Data         138  task_reportdata.o(.bss)
    GPS                                      0x2000162c   Data          20  task_imx6ull.o(.bss)
    rt_thread_priority_table                 0x200055b0   Data         256  scheduler.o(.bss)
    __heap_base                              0x20005930   Data           0  startup_stm32f103xe.o(HEAP)
    __heap_limit                             0x20006930   Data           0  startup_stm32f103xe.o(HEAP)
    __initial_sp                             0x20006d30   Data           0  startup_stm32f103xe.o(STACK)



==============================================================================

Memory Map of the image

  Image Entry point : 0x08000131

  Load Region LR_IROM1 (Base: 0x08000000, Size: 0x0000cf9c, Max: 0x00040000, ABSOLUTE, COMPRESSED[0x0000bdc8])

    Execution Region ER_IROM1 (Exec base: 0x08000000, Load base: 0x08000000, Size: 0x0000ba78, Max: 0x00040000, ABSOLUTE)

    Exec Addr    Load Addr    Size         Type   Attr      Idx    E Section Name        Object

    0x08000000   0x08000000   0x00000130   Data   RO         7629    RESET               startup_stm32f103xe.o
    0x08000130   0x08000130   0x00000000   Code   RO         9324  * .ARM.Collect$$$$00000000  mc_w.l(entry.o)
    0x08000130   0x08000130   0x00000004   Code   RO         9692    .ARM.Collect$$$$00000001  mc_w.l(entry2.o)
    0x08000134   0x08000134   0x00000004   Code   RO         9695    .ARM.Collect$$$$00000004  mc_w.l(entry5.o)
    0x08000138   0x08000138   0x00000000   Code   RO         9697    .ARM.Collect$$$$00000008  mc_w.l(entry7b.o)
    0x08000138   0x08000138   0x00000000   Code   RO         9699    .ARM.Collect$$$$0000000A  mc_w.l(entry8b.o)
    0x08000138   0x08000138   0x00000008   Code   RO         9700    .ARM.Collect$$$$0000000B  mc_w.l(entry9a.o)
    0x08000140   0x08000140   0x00000000   Code   RO         9702    .ARM.Collect$$$$0000000D  mc_w.l(entry10a.o)
    0x08000140   0x08000140   0x00000000   Code   RO         9704    .ARM.Collect$$$$0000000F  mc_w.l(entry11a.o)
    0x08000140   0x08000140   0x00000004   Code   RO         9693    .ARM.Collect$$$$00002712  mc_w.l(entry2.o)
    0x08000144   0x08000144   0x00000024   Code   RO         7630    .text               startup_stm32f103xe.o
    0x08000168   0x08000168   0x000000f4   Code   RO         9041    .text               context_rvds.o
    0x0800025c   0x0800025c   0x00000062   Code   RO         9327    .text               mc_w.l(ldiv.o)
    0x080002be   0x080002be   0x00000020   Code   RO         9329    .text               mc_w.l(llushr.o)
    0x080002de   0x080002de   0x00000024   Code   RO         9331    .text               mc_w.l(memcpya.o)
    0x08000302   0x08000302   0x00000024   Code   RO         9333    .text               mc_w.l(memseta.o)
    0x08000326   0x08000326   0x0000001c   Code   RO         9339    .text               mc_w.l(strcmp.o)
    0x08000342   0x08000342   0x0000001e   Code   RO         9343    .text               mc_w.l(strncmp.o)
    0x08000360   0x08000360   0x00000044   Code   RO         9345    .text               mc_w.l(strtok.o)
    0x080003a4   0x080003a4   0x0000001c   Code   RO         9642    .text               mc_w.l(calloc.o)
    0x080003c0   0x080003c0   0x00000038   Code   RO         9644    .text               mc_w.l(__0sscanf.o)
    0x080003f8   0x080003f8   0x0000014c   Code   RO         9646    .text               mc_w.l(_scanf_int.o)
    0x08000544   0x08000544   0x000000e0   Code   RO         9648    .text               mc_w.l(_scanf_str.o)
    0x08000624   0x08000624   0x00000360   Code   RO         9650    .text               mc_w.l(scanf_fp.o)
    0x08000984   0x08000984   0x0000001a   Code   RO         9654    .text               mc_w.l(atoi.o)
    0x0800099e   0x0800099e   0x000000b0   Code   RO         9656    .text               mf_w.l(fadd.o)
    0x08000a4e   0x08000a4e   0x00000064   Code   RO         9658    .text               mf_w.l(fmul.o)
    0x08000ab2   0x08000ab2   0x0000007c   Code   RO         9660    .text               mf_w.l(fdiv.o)
    0x08000b2e   0x08000b2e   0x0000014e   Code   RO         9662    .text               mf_w.l(dadd.o)
    0x08000c7c   0x08000c7c   0x000000e4   Code   RO         9664    .text               mf_w.l(dmul.o)
    0x08000d60   0x08000d60   0x000000de   Code   RO         9666    .text               mf_w.l(ddiv.o)
    0x08000e3e   0x08000e3e   0x00000012   Code   RO         9668    .text               mf_w.l(fflti.o)
    0x08000e50   0x08000e50   0x0000000a   Code   RO         9670    .text               mf_w.l(ffltui.o)
    0x08000e5a   0x08000e5a   0x0000002c   Code   RO         9672    .text               mf_w.l(ffltl.o)
    0x08000e86   0x08000e86   0x0000001a   Code   RO         9674    .text               mf_w.l(dfltui.o)
    0x08000ea0   0x08000ea0   0x00000028   Code   RO         9678    .text               mf_w.l(ffixui.o)
    0x08000ec8   0x08000ec8   0x00000032   Code   RO         9680    .text               mf_w.l(dfixui.o)
    0x08000efa   0x08000efa   0x00000026   Code   RO         9682    .text               mf_w.l(f2d.o)
    0x08000f20   0x08000f20   0x00000030   Code   RO         9684    .text               mf_w.l(cdcmple.o)
    0x08000f50   0x08000f50   0x00000038   Code   RO         9686    .text               mf_w.l(d2f.o)
    0x08000f88   0x08000f88   0x00000014   Code   RO         9688    .text               mf_w.l(cfcmple.o)
    0x08000f9c   0x08000f9c   0x0000002c   Code   RO         9706    .text               mc_w.l(uidiv.o)
    0x08000fc8   0x08000fc8   0x00000062   Code   RO         9708    .text               mc_w.l(uldiv.o)
    0x0800102a   0x0800102a   0x0000001e   Code   RO         9710    .text               mc_w.l(llshl.o)
    0x08001048   0x08001048   0x00000024   Code   RO         9712    .text               mc_w.l(llsshr.o)
    0x0800106c   0x0800106c   0x0000001c   Code   RO         9723    .text               mc_w.l(_chval.o)
    0x08001088   0x08001088   0x00000028   Code   RO         9725    .text               mc_w.l(scanf_char.o)
    0x080010b0   0x080010b0   0x00000040   Code   RO         9727    .text               mc_w.l(_sgetc.o)
    0x080010f0   0x080010f0   0x0000009c   Code   RO         9729    .text               mc_w.l(strtod.o)
    0x0800118c   0x0800118c   0x0000001a   Code   RO         9731    .text               mc_w.l(strtof.o)
    0x080011a6   0x080011a6   0x00000070   Code   RO         9733    .text               mc_w.l(strtol.o)
    0x08001216   0x08001216   0x00000000   Code   RO         9735    .text               mc_w.l(iusefp.o)
    0x08001216   0x08001216   0x0000006e   Code   RO         9736    .text               mf_w.l(fepilogue.o)
    0x08001284   0x08001284   0x000000ba   Code   RO         9738    .text               mf_w.l(depilogue.o)
    0x0800133e   0x0800133e   0x00000018   Code   RO         9740    .text               mf_w.l(dfltul.o)
    0x08001356   0x08001356   0x00000030   Code   RO         9742    .text               mf_w.l(dfixul.o)
    0x08001386   0x08001386   0x00000002   PAD
    0x08001388   0x08001388   0x00000030   Code   RO         9744    .text               mf_w.l(cdrcmple.o)
    0x080013b8   0x080013b8   0x00000024   Code   RO         9752    .text               mc_w.l(init.o)
    0x080013dc   0x080013dc   0x00000008   Code   RO         9756    .text               mc_w.l(ctype_o.o)
    0x080013e4   0x080013e4   0x00000012   Code   RO         9778    .text               mc_w.l(isspace_o.o)
    0x080013f6   0x080013f6   0x00000002   PAD
    0x080013f8   0x080013f8   0x0000032c   Code   RO         9784    .text               mc_w.l(_scanf.o)
    0x08001724   0x08001724   0x0000009e   Code   RO         9786    .text               mc_w.l(_strtoul.o)
    0x080017c2   0x080017c2   0x00000004   Code   RO         9795    .text               mf_w.l(fpstat.o)
    0x080017c6   0x080017c6   0x0000002e   Code   RO         9797    .text               mf_w.l(dscalb.o)
    0x080017f4   0x080017f4   0x00000056   Code   RO         9807    .text               mc_w.l(__dczerorl2.o)
    0x0800184a   0x0800184a   0x0000000a   Code   RO         7733    i.$Sub$$main        components.o
    0x08001854   0x08001854   0x00000042   Code   RO         9048    i.AD24BIT_ComputeCRC8  ocd_ad24bit-1K_SYNC.lib(ocd_ad24bit.o)
    0x08001896   0x08001896   0x00000016   Code   RO         9050    i.AD24BIT_ComputeXOR8  ocd_ad24bit-1K_SYNC.lib(ocd_ad24bit.o)
    0x080018ac   0x080018ac   0x000002c8   Code   RO         9051    i.AD24BIT_Config_ChannelRegister  ocd_ad24bit-1K_SYNC.lib(ocd_ad24bit.o)
    0x08001b74   0x08001b74   0x00000048   Code   RO         9052    i.AD24BIT_GetReg    ocd_ad24bit-1K_SYNC.lib(ocd_ad24bit.o)
    0x08001bbc   0x08001bbc   0x00000038   Code   RO         9053    i.AD24BIT_IDCheck   ocd_ad24bit-1K_SYNC.lib(ocd_ad24bit.o)
    0x08001bf4   0x08001bf4   0x00000136   Code   RO         9055    i.AD24BIT_ReadRegister  ocd_ad24bit-1K_SYNC.lib(ocd_ad24bit.o)
    0x08001d2a   0x08001d2a   0x00000026   Code   RO         9056    i.AD24BIT_Reset     ocd_ad24bit-1K_SYNC.lib(ocd_ad24bit.o)
    0x08001d50   0x08001d50   0x00000052   Code   RO         9057    i.AD24BIT_UpdateCRCSetting  ocd_ad24bit-1K_SYNC.lib(ocd_ad24bit.o)
    0x08001da2   0x08001da2   0x00000066   Code   RO         9058    i.AD24BIT_WaitForReady  ocd_ad24bit-1K_SYNC.lib(ocd_ad24bit.o)
    0x08001e08   0x08001e08   0x000000ca   Code   RO         9059    i.AD24BIT_WriteRegister  ocd_ad24bit-1K_SYNC.lib(ocd_ad24bit.o)
    0x08001ed2   0x08001ed2   0x00000014   Code   RO          362    i.AD4111Thread      threadpool.o
    0x08001ee6   0x08001ee6   0x00000002   PAD
    0x08001ee8   0x08001ee8   0x00000050   Code   RO          755    i.AD_Acquisition    task_ad4111.o
    0x08001f38   0x08001f38   0x000000b0   Code   RO          363    i.AutoModeThread    threadpool.o
    0x08001fe8   0x08001fe8   0x00000004   Code   RO         2426    i.BusFault_Handler  drv_hal.o
    0x08001fec   0x08001fec   0x00000010   Code   RO          442    i.DMA1_Channel2_IRQHandler  task_irq.o
    0x08001ffc   0x08001ffc   0x00000010   Code   RO          443    i.DMA1_Channel4_IRQHandler  task_irq.o
    0x0800200c   0x0800200c   0x0000002c   Code   RO         4578    i.DMA_SetConfig     stm32f1xx_hal_dma.o
    0x08002038   0x08002038   0x00000010   Code   RO          364    i.DS1337Thread      threadpool.o
    0x08002048   0x08002048   0x00000002   Code   RO         2427    i.DebugMon_Handler  drv_hal.o
    0x0800204a   0x0800204a   0x0000000c   Code   RO         2757    i.Drv_Delay_Ms      drv_hal_delay.o
    0x08002056   0x08002056   0x00000050   Code   RO         2758    i.Drv_Delay_Us      drv_hal_delay.o
    0x080020a6   0x080020a6   0x00000002   PAD
    0x080020a8   0x080020a8   0x00000074   Code   RO         2829    i.Drv_GPIO_Init     drv_hal_gpio.o
    0x0800211c   0x0800211c   0x00000012   Code   RO         2833    i.Drv_GPIO_Reset    drv_hal_gpio.o
    0x0800212e   0x0800212e   0x00000012   Code   RO         2834    i.Drv_GPIO_Set      drv_hal_gpio.o
    0x08002140   0x08002140   0x0000005c   Code   RO         2428    i.Drv_HAL_Error     drv_hal.o
    0x0800219c   0x0800219c   0x00000010   Code   RO         2430    i.Drv_HAL_Init      drv_hal.o
    0x080021ac   0x080021ac   0x00000054   Code   RO         2432    i.Drv_HAL_PrintLog  drv_hal.o
    0x08002200   0x08002200   0x0000000e   Code   RO         2927    i.Drv_IICSoft_Init  drv_hal_iic_soft.o
    0x0800220e   0x0800220e   0x0000005a   Code   RO         2928    i.Drv_IICSoft_ReadByte  drv_hal_iic_soft.o
    0x08002268   0x08002268   0x00000056   Code   RO         2929    i.Drv_IICSoft_SendByte  drv_hal_iic_soft.o
    0x080022be   0x080022be   0x00000030   Code   RO         2930    i.Drv_IICSoft_Start  drv_hal_iic_soft.o
    0x080022ee   0x080022ee   0x00000030   Code   RO         2931    i.Drv_IICSoft_Stop  drv_hal_iic_soft.o
    0x0800231e   0x0800231e   0x0000004c   Code   RO         2932    i.Drv_IICSoft_WaitAck  drv_hal_iic_soft.o
    0x0800236a   0x0800236a   0x00000002   PAD
    0x0800236c   0x0800236c   0x00000064   Code   RO         3034    i.Drv_PWM_HighLvTimeSet  drv_hal_pwm.o
    0x080023d0   0x080023d0   0x0000005c   Code   RO         3035    i.Drv_PWM_Init      drv_hal_pwm.o
    0x0800242c   0x0800242c   0x00000018   Code   RO         3146    i.Drv_SPI_Init      drv_hal_spi.o
    0x08002444   0x08002444   0x00000018   Code   RO         3148    i.Drv_SPI_Transmit  drv_hal_spi.o
    0x0800245c   0x0800245c   0x00000024   Code   RO         3149    i.Drv_SPI_TransmitReceive  drv_hal_spi.o
    0x08002480   0x08002480   0x00000096   Code   RO         3328    i.Drv_Uart_DMAInit  drv_hal_uart.o
    0x08002516   0x08002516   0x00000022   Code   RO         3329    i.Drv_Uart_DMA_IRQHandler  drv_hal_uart.o
    0x08002538   0x08002538   0x00000052   Code   RO         3330    i.Drv_Uart_DMA_RxHandler  drv_hal_uart.o
    0x0800258a   0x0800258a   0x0000000c   Code   RO         3332    i.Drv_Uart_IRQHandler  drv_hal_uart.o
    0x08002596   0x08002596   0x00000034   Code   RO         3336    i.Drv_Uart_Receive_DMA  drv_hal_uart.o
    0x080025ca   0x080025ca   0x00000016   Code   RO         3338    i.Drv_Uart_Transmit  drv_hal_uart.o
    0x080025e0   0x080025e0   0x00000028   Code   RO         3339    i.Drv_Uart_Transmit_DMA  drv_hal_uart.o
    0x08002608   0x08002608   0x00000002   Code   RO          444    i.EXTI15_10_IRQHandler  task_irq.o
    0x0800260a   0x0800260a   0x00000002   Code   RO          445    i.EXTI9_5_IRQHandler  task_irq.o
    0x0800260c   0x0800260c   0x00000056   Code   RO         4579    i.HAL_DMA_Abort     stm32f1xx_hal_dma.o
    0x08002662   0x08002662   0x00000002   PAD
    0x08002664   0x08002664   0x000001a8   Code   RO         4580    i.HAL_DMA_Abort_IT  stm32f1xx_hal_dma.o
    0x0800280c   0x0800280c   0x00000008   Code   RO         4583    i.HAL_DMA_GetState  stm32f1xx_hal_dma.o
    0x08002814   0x08002814   0x00000398   Code   RO         4584    i.HAL_DMA_IRQHandler  stm32f1xx_hal_dma.o
    0x08002bac   0x08002bac   0x0000008c   Code   RO         4585    i.HAL_DMA_Init      stm32f1xx_hal_dma.o
    0x08002c38   0x08002c38   0x0000009c   Code   RO         4589    i.HAL_DMA_Start_IT  stm32f1xx_hal_dma.o
    0x08002cd4   0x08002cd4   0x00000340   Code   RO         4975    i.HAL_GPIO_Init     stm32f1xx_hal_gpio.o
    0x08003014   0x08003014   0x00000010   Code   RO         4977    i.HAL_GPIO_ReadPin  stm32f1xx_hal_gpio.o
    0x08003024   0x08003024   0x0000000c   Code   RO         4979    i.HAL_GPIO_WritePin  stm32f1xx_hal_gpio.o
    0x08003030   0x08003030   0x0000000c   Code   RO         3519    i.HAL_GetTick       stm32f1xx_hal.o
    0x0800303c   0x0800303c   0x00000028   Code   RO         3526    i.HAL_Init          stm32f1xx_hal.o
    0x08003064   0x08003064   0x0000004c   Code   RO         3527    i.HAL_InitTick      stm32f1xx_hal.o
    0x080030b0   0x080030b0   0x000000a8   Code   RO         2436    i.HAL_MspInit       drv_hal.o
    0x08003158   0x08003158   0x00000020   Code   RO         4212    i.HAL_NVIC_EnableIRQ  stm32f1xx_hal_cortex.o
    0x08003178   0x08003178   0x0000007c   Code   RO         4218    i.HAL_NVIC_SetPriority  stm32f1xx_hal_cortex.o
    0x080031f4   0x080031f4   0x00000028   Code   RO         4219    i.HAL_NVIC_SetPriorityGrouping  stm32f1xx_hal_cortex.o
    0x0800321c   0x0800321c   0x0000018c   Code   RO         5410    i.HAL_RCC_ClockConfig  stm32f1xx_hal_rcc.o
    0x080033a8   0x080033a8   0x0000000c   Code   RO         5415    i.HAL_RCC_GetHCLKFreq  stm32f1xx_hal_rcc.o
    0x080033b4   0x080033b4   0x00000020   Code   RO         5417    i.HAL_RCC_GetPCLK1Freq  stm32f1xx_hal_rcc.o
    0x080033d4   0x080033d4   0x00000020   Code   RO         5418    i.HAL_RCC_GetPCLK2Freq  stm32f1xx_hal_rcc.o
    0x080033f4   0x080033f4   0x00000094   Code   RO         5419    i.HAL_RCC_GetSysClockFreq  stm32f1xx_hal_rcc.o
    0x08003488   0x08003488   0x00000464   Code   RO         5422    i.HAL_RCC_OscConfig  stm32f1xx_hal_rcc.o
    0x080038ec   0x080038ec   0x000000be   Code   RO         5635    i.HAL_SPI_Init      stm32f1xx_hal_spi.o
    0x080039aa   0x080039aa   0x00000002   Code   RO         5637    i.HAL_SPI_MspInit   stm32f1xx_hal_spi.o
    0x080039ac   0x080039ac   0x000001ae   Code   RO         5643    i.HAL_SPI_Transmit  stm32f1xx_hal_spi.o
    0x08003b5a   0x08003b5a   0x0000022a   Code   RO         5644    i.HAL_SPI_TransmitReceive  stm32f1xx_hal_spi.o
    0x08003d84   0x08003d84   0x00000028   Code   RO         4221    i.HAL_SYSTICK_CLKSourceConfig  stm32f1xx_hal_cortex.o
    0x08003dac   0x08003dac   0x00000034   Code   RO         4223    i.HAL_SYSTICK_Config  stm32f1xx_hal_cortex.o
    0x08003de0   0x08003de0   0x000000fc   Code   RO         6038    i.HAL_TIM_PWM_ConfigChannel  stm32f1xx_hal_tim.o
    0x08003edc   0x08003edc   0x00000066   Code   RO         6041    i.HAL_TIM_PWM_Init  stm32f1xx_hal_tim.o
    0x08003f42   0x08003f42   0x00000002   Code   RO         6043    i.HAL_TIM_PWM_MspInit  stm32f1xx_hal_tim.o
    0x08003f44   0x08003f44   0x000000f4   Code   RO         6046    i.HAL_TIM_PWM_Start  stm32f1xx_hal_tim.o
    0x08004038   0x08004038   0x00000066   Code   RO         6967    i.HAL_UART_DMAStop  stm32f1xx_hal_uart.o
    0x0800409e   0x0800409e   0x00000002   Code   RO         6969    i.HAL_UART_ErrorCallback  stm32f1xx_hal_uart.o
    0x080040a0   0x080040a0   0x00000154   Code   RO         6972    i.HAL_UART_IRQHandler  stm32f1xx_hal_uart.o
    0x080041f4   0x080041f4   0x00000072   Code   RO         6973    i.HAL_UART_Init     stm32f1xx_hal_uart.o
    0x08004266   0x08004266   0x00000002   Code   RO         6975    i.HAL_UART_MspInit  stm32f1xx_hal_uart.o
    0x08004268   0x08004268   0x000000c4   Code   RO         6977    i.HAL_UART_Receive_DMA  stm32f1xx_hal_uart.o
    0x0800432c   0x0800432c   0x00000002   Code   RO         6979    i.HAL_UART_RxCpltCallback  stm32f1xx_hal_uart.o
    0x0800432e   0x0800432e   0x00000002   Code   RO         6980    i.HAL_UART_RxHalfCpltCallback  stm32f1xx_hal_uart.o
    0x08004330   0x08004330   0x000000d2   Code   RO         6981    i.HAL_UART_Transmit  stm32f1xx_hal_uart.o
    0x08004402   0x08004402   0x00000002   PAD
    0x08004404   0x08004404   0x0000009c   Code   RO         6982    i.HAL_UART_Transmit_DMA  stm32f1xx_hal_uart.o
    0x080044a0   0x080044a0   0x00000002   Code   RO         6984    i.HAL_UART_TxCpltCallback  stm32f1xx_hal_uart.o
    0x080044a2   0x080044a2   0x00000002   Code   RO         6985    i.HAL_UART_TxHalfCpltCallback  stm32f1xx_hal_uart.o
    0x080044a4   0x080044a4   0x000000a4   Code   RO          365    i.HandleModeThread  threadpool.o
    0x08004548   0x08004548   0x0000000e   Code   RO          366    i.IMX6ULLThread     threadpool.o
    0x08004556   0x08004556   0x0000000e   Code   RO          367    i.IPCcmdThread      threadpool.o
    0x08004564   0x08004564   0x00000010   Code   RO          368    i.JY901Thread       threadpool.o
    0x08004574   0x08004574   0x00000010   Code   RO          369    i.MS5837Thread      threadpool.o
    0x08004584   0x08004584   0x00000004   Code   RO         2437    i.MemManage_Handler  drv_hal.o
    0x08004588   0x08004588   0x00000004   Code   RO         2438    i.NMI_Handler       drv_hal.o
    0x0800458c   0x0800458c   0x00000118   Code   RO         9060    i.OCD_AD24BIT_Init  ocd_ad24bit-1K_SYNC.lib(ocd_ad24bit.o)
    0x080046a4   0x080046a4   0x00000200   Code   RO         9061    i.OCD_AD24bit_GetResult  ocd_ad24bit-1K_SYNC.lib(ocd_ad24bit.o)
    0x080048a4   0x080048a4   0x00000036   Code   RO         1195    i.OCD_DS3231_Init   ocd_ds3231.o
    0x080048da   0x080048da   0x0000005e   Code   RO         1197    i.OCD_DS3231_TimeGetHex  ocd_ds3231.o
    0x08004938   0x08004938   0x0000008c   Code   RO         1199    i.OCD_DS3231_TimeSetHex  ocd_ds3231.o
    0x080049c4   0x080049c4   0x00000028   Code   RO         1275    i.OCD_JY901_AxisConfig  ocd_jy901.o
    0x080049ec   0x080049ec   0x00000038   Code   RO         1277    i.OCD_JY901_DMAInit  ocd_jy901.o
    0x08004a24   0x08004a24   0x000001fc   Code   RO         1278    i.OCD_JY901_DataConversion  ocd_jy901.o
    0x08004c20   0x08004c20   0x00000104   Code   RO         1279    i.OCD_JY901_DataProcess  ocd_jy901.o
    0x08004d24   0x08004d24   0x00000024   Code   RO         1280    i.OCD_JY901_GyroAutoCorrect  ocd_jy901.o
    0x08004d48   0x08004d48   0x00000028   Code   RO         1281    i.OCD_JY901_OrientConfig  ocd_jy901.o
    0x08004d70   0x08004d70   0x00000028   Code   RO         1284    i.OCD_JY901_RxBaudConfig  ocd_jy901.o
    0x08004d98   0x08004d98   0x00000028   Code   RO         1285    i.OCD_JY901_RxSpeedConfig  ocd_jy901.o
    0x08004dc0   0x08004dc0   0x00000034   Code   RO         1286    i.OCD_JY901_RxTypeConfig  ocd_jy901.o
    0x08004df4   0x08004df4   0x000003d0   Code   RO         1487    i.OCD_MS5837_GetData  ocd_ms5837.o
    0x080051c4   0x080051c4   0x00000034   Code   RO         1488    i.OCD_MS5837_Init   ocd_ms5837.o
    0x080051f8   0x080051f8   0x00000028   Code   RO         5423    i.RCC_Delay         stm32f1xx_hal_rcc.o
    0x08005220   0x08005220   0x0000000a   Code   RO          370    i.ReportDataThread  threadpool.o
    0x0800522a   0x0800522a   0x00000028   Code   RO         5673    i.SPI_EndRxTxTransaction  stm32f1xx_hal_spi.o
    0x08005252   0x08005252   0x00000002   PAD
    0x08005254   0x08005254   0x000000d8   Code   RO         5678    i.SPI_WaitFlagStateUntilTimeout  stm32f1xx_hal_spi.o
    0x0800532c   0x0800532c   0x00000002   Code   RO         2439    i.SVC_Handler       drv_hal.o
    0x0800532e   0x0800532e   0x0000001a   Code   RO         9063    i.S_AD24BIT_Delay   ocd_ad24bit-1K_SYNC.lib(ocd_ad24bit.o)
    0x08005348   0x08005348   0x00000016   Code   RO         1200    i.S_DS3231_DelayUs  ocd_ds3231.o
    0x0800535e   0x0800535e   0x00000076   Code   RO         1201    i.S_DS3231_ReadByte  ocd_ds3231.o
    0x080053d4   0x080053d4   0x00000062   Code   RO         1203    i.S_DS3231_WriteByte  ocd_ds3231.o
    0x08005436   0x08005436   0x00000002   PAD
    0x08005438   0x08005438   0x00000120   Code   RO         2837    i.S_GPIO_CLKEnable  drv_hal_gpio.o
    0x08005558   0x08005558   0x000000f2   Code   RO         2839    i.S_GPIO_NVICParamConfig  drv_hal_gpio.o
    0x0800564a   0x0800564a   0x0000000e   Code   RO         2840    i.S_GPIO_ParamConfig  drv_hal_gpio.o
    0x08005658   0x08005658   0x00000066   Code   RO         2440    i.S_HAL_CLKConfig   drv_hal.o
    0x080056be   0x080056be   0x00000026   Code   RO         2441    i.S_HAL_RTTCLKInit  drv_hal.o
    0x080056e4   0x080056e4   0x0000000c   Code   RO         2933    i.S_IICSoft_DelayUs  drv_hal_iic_soft.o
    0x080056f0   0x080056f0   0x00000010   Code   RO         2934    i.S_IICSoft_READ_SDA  drv_hal_iic_soft.o
    0x08005700   0x08005700   0x00000012   Code   RO         2935    i.S_IICSoft_SCL_H   drv_hal_iic_soft.o
    0x08005712   0x08005712   0x00000012   Code   RO         2936    i.S_IICSoft_SCL_L   drv_hal_iic_soft.o
    0x08005724   0x08005724   0x00000012   Code   RO         2937    i.S_IICSoft_SDA_H   drv_hal_iic_soft.o
    0x08005736   0x08005736   0x00000026   Code   RO         2938    i.S_IICSoft_SDA_InputMode  drv_hal_iic_soft.o
    0x0800575c   0x0800575c   0x00000012   Code   RO         2939    i.S_IICSoft_SDA_L   drv_hal_iic_soft.o
    0x0800576e   0x0800576e   0x00000028   Code   RO         2940    i.S_IICSoft_SDA_OutputMode  drv_hal_iic_soft.o
    0x08005796   0x08005796   0x00000030   Code   RO         2941    i.S_IICSoft_SendAck  drv_hal_iic_soft.o
    0x080057c6   0x080057c6   0x00000030   Code   RO         2942    i.S_IICSoft_SendNAck  drv_hal_iic_soft.o
    0x080057f6   0x080057f6   0x0000000a   Code   RO         1288    i.S_JY901_Delay     ocd_jy901.o
    0x08005800   0x08005800   0x00000098   Code   RO         1289    i.S_JY901_ParamMatch  ocd_jy901.o
    0x08005898   0x08005898   0x0000004c   Code   RO         1290    i.S_JY901_SaveConfig  ocd_jy901.o
    0x080058e4   0x080058e4   0x00000028   Code   RO         1291    i.S_JY901_Setting   ocd_jy901.o
    0x0800590c   0x0800590c   0x00000014   Code   RO         1292    i.S_JY901_UnLock    ocd_jy901.o
    0x08005920   0x08005920   0x0000009a   Code   RO         1489    i.S_MS5837_CRC4     ocd_ms5837.o
    0x080059ba   0x080059ba   0x000000b2   Code   RO         1490    i.S_MS5837_GetCalibrationData  ocd_ms5837.o
    0x08005a6c   0x08005a6c   0x000000da   Code   RO         1491    i.S_MS5837_GetConversion  ocd_ms5837.o
    0x08005b46   0x08005b46   0x0000003a   Code   RO         1492    i.S_MS5837_Reset    ocd_ms5837.o
    0x08005b80   0x08005b80   0x000000c0   Code   RO          667    i.S_PWMHighLvTime_Function  task_reportdata.o
    0x08005c40   0x08005c40   0x000000f4   Code   RO         3036    i.S_PWM_CLKEnable   drv_hal_pwm.o
    0x08005d34   0x08005d34   0x00000234   Code   RO         3037    i.S_PWM_GPIOConfig  drv_hal_pwm.o
    0x08005f68   0x08005f68   0x000000b8   Code   RO         3038    i.S_PWM_ParamConfig  drv_hal_pwm.o
    0x08006020   0x08006020   0x00000b88   Code   RO         3039    i.S_PWM_ParamMatch  drv_hal_pwm.o
    0x08006ba8   0x08006ba8   0x00000080   Code   RO         3150    i.S_SPI_CLKEnable   drv_hal_spi.o
    0x08006c28   0x08006c28   0x00000074   Code   RO         3151    i.S_SPI_GPIOConfig  drv_hal_spi.o
    0x08006c9c   0x08006c9c   0x00000034   Code   RO         3152    i.S_SPI_ParamConfig  drv_hal_spi.o
    0x08006cd0   0x08006cd0   0x000000f4   Code   RO          609    i.S_Test_Motorsys_Function  task_test.o
    0x08006dc4   0x08006dc4   0x00000002   Code   RO         3341    i.S_Uart_CLKConfig  drv_hal_uart.o
    0x08006dc6   0x08006dc6   0x00000002   PAD
    0x08006dc8   0x08006dc8   0x000000d0   Code   RO         3342    i.S_Uart_CLKEnable  drv_hal_uart.o
    0x08006e98   0x08006e98   0x00000060   Code   RO         3343    i.S_Uart_DMAParamConfig  drv_hal_uart.o
    0x08006ef8   0x08006ef8   0x000000e4   Code   RO         3344    i.S_Uart_DMA_CLKEnable  drv_hal_uart.o
    0x08006fdc   0x08006fdc   0x00000114   Code   RO         3345    i.S_Uart_DMA_NVICConfig  drv_hal_uart.o
    0x080070f0   0x080070f0   0x00000168   Code   RO         3346    i.S_Uart_GPIOConfig  drv_hal_uart.o
    0x08007258   0x08007258   0x000000b0   Code   RO         3347    i.S_Uart_NVICConfig  drv_hal_uart.o
    0x08007308   0x08007308   0x00000038   Code   RO         3348    i.S_Uart_ParamConfig  drv_hal_uart.o
    0x08007340   0x08007340   0x00000344   Code   RO         3349    i.S_Uart_ParamMatch  drv_hal_uart.o
    0x08007684   0x08007684   0x00000010   Code   RO         7637    i.SysTick_Handler   board.o
    0x08007694   0x08007694   0x000000a4   Code   RO         7593    i.SystemCoreClockUpdate  system_stm32f1xx.o
    0x08007738   0x08007738   0x00000002   Code   RO         7594    i.SystemInit        system_stm32f1xx.o
    0x0800773a   0x0800773a   0x00000002   Code   RO          446    i.TIM2_IRQHandler   task_irq.o
    0x0800773c   0x0800773c   0x00000002   Code   RO          447    i.TIM3_IRQHandler   task_irq.o
    0x0800773e   0x0800773e   0x00000002   Code   RO          448    i.TIM4_IRQHandler   task_irq.o
    0x08007740   0x08007740   0x00000002   Code   RO          449    i.TIM5_IRQHandler   task_irq.o
    0x08007742   0x08007742   0x00000002   Code   RO          450    i.TIM6_IRQHandler   task_irq.o
    0x08007744   0x08007744   0x00000002   Code   RO          451    i.TIM7_IRQHandler   task_irq.o
    0x08007746   0x08007746   0x00000002   PAD
    0x08007748   0x08007748   0x0000009c   Code   RO         6059    i.TIM_Base_SetConfig  stm32f1xx_hal_tim.o
    0x080077e4   0x080077e4   0x00000022   Code   RO         6060    i.TIM_CCxChannelCmd  stm32f1xx_hal_tim.o
    0x08007806   0x08007806   0x00000002   PAD
    0x08007808   0x08007808   0x00000070   Code   RO         6072    i.TIM_OC1_SetConfig  stm32f1xx_hal_tim.o
    0x08007878   0x08007878   0x0000007c   Code   RO         6073    i.TIM_OC2_SetConfig  stm32f1xx_hal_tim.o
    0x080078f4   0x080078f4   0x00000078   Code   RO         6074    i.TIM_OC3_SetConfig  stm32f1xx_hal_tim.o
    0x0800796c   0x0800796c   0x00000054   Code   RO         6075    i.TIM_OC4_SetConfig  stm32f1xx_hal_tim.o
    0x080079c0   0x080079c0   0x00000114   Code   RO          756    i.Task_AD4111_Handle  task_ad4111.o
    0x08007ad4   0x08007ad4   0x0000001c   Code   RO          757    i.Task_AD4111_Sync  task_ad4111.o
    0x08007af0   0x08007af0   0x00000028   Code   RO          848    i.Task_DS1337_Handle  task_ds1337.o
    0x08007b18   0x08007b18   0x0000003c   Code   RO          849    i.Task_DS1337_SYNC  task_ds1337.o
    0x08007b54   0x08007b54   0x0000010c   Code   RO          820    i.Task_IMX6ULL_Handle  task_imx6ull.o
    0x08007c60   0x08007c60   0x00000364   Code   RO          794    i.Task_IPCcmd_Handle  task_ipccmd.o
    0x08007fc4   0x08007fc4   0x000000b0   Code   RO          703    i.Task_JY901_Handle  task_jy901.o
    0x08008074   0x08008074   0x0000003c   Code   RO          729    i.Task_MS5837_Handle  task_ms5837.o
    0x080080b0   0x080080b0   0x00000018   Code   RO          938    i.Task_MotorSys_Init  task_motorsys.o
    0x080080c8   0x080080c8   0x00000034   Code   RO          942    i.Task_MotorSys_Steer_Angle_Set  task_motorsys.o
    0x080080fc   0x080080fc   0x0000001c   Code   RO          943    i.Task_MotorSys_Thruster_SpeedSet  task_motorsys.o
    0x08008118   0x08008118   0x0000003c   Code   RO          668    i.Task_ReportData_Handle  task_reportdata.o
    0x08008154   0x08008154   0x00000008   Code   RO          611    i.Task_Test_Handle  task_test.o
    0x0800815c   0x0800815c   0x000000d0   Code   RO          578    i.Task_UserInit     task_userinit.o
    0x0800822c   0x0800822c   0x0000000a   Code   RO          371    i.TestThread        threadpool.o
    0x08008236   0x08008236   0x00000002   PAD
    0x08008238   0x08008238   0x0000001c   Code   RO          452    i.UART4_IRQHandler  task_irq.o
    0x08008254   0x08008254   0x00000002   Code   RO          453    i.UART5_IRQHandler  task_irq.o
    0x08008256   0x08008256   0x00000014   Code   RO         6986    i.UART_DMAAbortOnError  stm32f1xx_hal_uart.o
    0x0800826a   0x0800826a   0x00000050   Code   RO         6987    i.UART_DMAError     stm32f1xx_hal_uart.o
    0x080082ba   0x080082ba   0x00000046   Code   RO         6988    i.UART_DMAReceiveCplt  stm32f1xx_hal_uart.o
    0x08008300   0x08008300   0x0000000e   Code   RO         6990    i.UART_DMARxHalfCplt  stm32f1xx_hal_uart.o
    0x0800830e   0x0800830e   0x00000036   Code   RO         6992    i.UART_DMATransmitCplt  stm32f1xx_hal_uart.o
    0x08008344   0x08008344   0x0000000e   Code   RO         6994    i.UART_DMATxHalfCplt  stm32f1xx_hal_uart.o
    0x08008352   0x08008352   0x00000020   Code   RO         6996    i.UART_EndRxTransfer  stm32f1xx_hal_uart.o
    0x08008372   0x08008372   0x00000020   Code   RO         6997    i.UART_EndTransmit_IT  stm32f1xx_hal_uart.o
    0x08008392   0x08008392   0x00000014   Code   RO         6998    i.UART_EndTxTransfer  stm32f1xx_hal_uart.o
    0x080083a6   0x080083a6   0x000000a0   Code   RO         6999    i.UART_Receive_IT   stm32f1xx_hal_uart.o
    0x08008446   0x08008446   0x00000002   PAD
    0x08008448   0x08008448   0x000000fc   Code   RO         7000    i.UART_SetConfig    stm32f1xx_hal_uart.o
    0x08008544   0x08008544   0x00000060   Code   RO         7001    i.UART_Transmit_IT  stm32f1xx_hal_uart.o
    0x080085a4   0x080085a4   0x0000006c   Code   RO         7002    i.UART_WaitOnFlagUntilTimeout  stm32f1xx_hal_uart.o
    0x08008610   0x08008610   0x00000028   Code   RO          454    i.USART1_IRQHandler  task_irq.o
    0x08008638   0x08008638   0x00000024   Code   RO          455    i.USART2_IRQHandler  task_irq.o
    0x0800865c   0x0800865c   0x00000028   Code   RO          456    i.USART3_IRQHandler  task_irq.o
    0x08008684   0x08008684   0x00000004   Code   RO         2442    i.UsageFault_Handler  drv_hal.o
    0x08008688   0x08008688   0x0000027c   Code   RO          240    i.UserLogic_Code    usercode.o
    0x08008904   0x08008904   0x00000020   Code   RO         9586    i.__0printf         mc_w.l(printfa.o)
    0x08008924   0x08008924   0x0000002c   Code   RO         9591    i.__0vsnprintf      mc_w.l(printfa.o)
    0x08008950   0x08008950   0x00000010   Code   RO         4225    i.__NVIC_GetPriorityGrouping  stm32f1xx_hal_cortex.o
    0x08008960   0x08008960   0x00000028   Code   RO         4226    i.__NVIC_SetPriority  stm32f1xx_hal_cortex.o
    0x08008988   0x08008988   0x00000008   Code   RO         9716    i.__aeabi_errno_addr  mc_w.l(errno.o)
    0x08008990   0x08008990   0x00000010   Code   RO         9746    i.__mathlib_narrow  m_ws.l(narrow.o)
    0x080089a0   0x080089a0   0x000000bc   Code   RO         9747    i.__mathlib_tofloat  m_ws.l(narrow.o)
    0x08008a5c   0x08008a5c   0x0000000c   Code   RO         9717    i.__read_errno      mc_w.l(errno.o)
    0x08008a68   0x08008a68   0x0000004c   Code   RO         8172    i.__rt_ffs          kservice.o
    0x08008ab4   0x08008ab4   0x0000000e   Code   RO         9801    i.__scatterload_copy  mc_w.l(handlers.o)
    0x08008ac2   0x08008ac2   0x00000002   Code   RO         9802    i.__scatterload_null  mc_w.l(handlers.o)
    0x08008ac4   0x08008ac4   0x0000000e   Code   RO         9803    i.__scatterload_zeroinit  mc_w.l(handlers.o)
    0x08008ad2   0x08008ad2   0x00000002   PAD
    0x08008ad4   0x08008ad4   0x0000000c   Code   RO         9718    i.__set_errno       mc_w.l(errno.o)
    0x08008ae0   0x08008ae0   0x00000184   Code   RO         9593    i._fp_digits        mc_w.l(printfa.o)
    0x08008c64   0x08008c64   0x0000000e   Code   RO         9652    i._is_digit         mc_w.l(scanf_fp.o)
    0x08008c72   0x08008c72   0x00000002   PAD
    0x08008c74   0x08008c74   0x000006dc   Code   RO         9594    i._printf_core      mc_w.l(printfa.o)
    0x08009350   0x08009350   0x00000024   Code   RO         9595    i._printf_post_padding  mc_w.l(printfa.o)
    0x08009374   0x08009374   0x0000002e   Code   RO         9596    i._printf_pre_padding  mc_w.l(printfa.o)
    0x080093a2   0x080093a2   0x00000002   PAD
    0x080093a4   0x080093a4   0x0000009c   Code   RO         8713    i._rt_thread_init   thread.o
    0x08009440   0x08009440   0x00000042   Code   RO         8865    i._rt_timer_init    timer.o
    0x08009482   0x08009482   0x0000001c   Code   RO         8866    i._rt_timer_remove  timer.o
    0x0800949e   0x0800949e   0x00000016   Code   RO         9597    i._snputc           mc_w.l(printfa.o)
    0x080094b4   0x080094b4   0x0000001c   Code   RO         8714    i._thread_cleanup_execute  thread.o
    0x080094d0   0x080094d0   0x0000002a   Code   RO         9313    i.atof              m_ws.l(atof.o)
    0x080094fa   0x080094fa   0x00000002   PAD
    0x080094fc   0x080094fc   0x00000034   Code   RO         2444    i.fputc             drv_hal.o
    0x08009530   0x08009530   0x00000050   Code   RO         9614    i.free              mc_w.l(malloc.o)
    0x08009580   0x08009580   0x00000058   Code   RO         9789    i.frexp             m_ws.l(frexp.o)
    0x080095d8   0x080095d8   0x00000024   Code   RO            4    i.main              main.o
    0x080095fc   0x080095fc   0x0000000e   Code   RO         7734    i.main_thread_entry  components.o
    0x0800960a   0x0800960a   0x00000002   PAD
    0x0800960c   0x0800960c   0x0000006c   Code   RO         9615    i.malloc            mc_w.l(malloc.o)
    0x08009678   0x08009678   0x00000078   Code   RO         8349    i.plug_holes        mem.o
    0x080096f0   0x080096f0   0x00000198   Code   RO         8174    i.print_number      kservice.o
    0x08009888   0x08009888   0x00000030   Code   RO         7735    i.rt_application_init  components.o
    0x080098b8   0x080098b8   0x0000001c   Code   RO         7736    i.rt_components_board_init  components.o
    0x080098d4   0x080098d4   0x0000001c   Code   RO         7737    i.rt_components_init  components.o
    0x080098f0   0x080098f0   0x00000020   Code   RO         8635    i.rt_enter_critical  scheduler.o
    0x08009910   0x08009910   0x00000044   Code   RO         8636    i.rt_exit_critical  scheduler.o
    0x08009954   0x08009954   0x000000f8   Code   RO         8351    i.rt_free           mem.o
    0x08009a4c   0x08009a4c   0x00000008   Code   RO         7638    i.rt_heap_begin_get  board.o
    0x08009a54   0x08009a54   0x00000008   Code   RO         7639    i.rt_heap_end_get   board.o
    0x08009a5c   0x08009a5c   0x00000034   Code   RO         7640    i.rt_hw_board_init  board.o
    0x08009a90   0x08009a90   0x00000050   Code   RO         7641    i.rt_hw_console_output  board.o
    0x08009ae0   0x08009ae0   0x00000200   Code   RO         9005    i.rt_hw_hard_fault_exception  cpuport.o
    0x08009ce0   0x08009ce0   0x0000004c   Code   RO         9006    i.rt_hw_stack_init  cpuport.o
    0x08009d2c   0x08009d2c   0x00000034   Code   RO         8133    i.rt_interrupt_enter  irq.o
    0x08009d60   0x08009d60   0x00000034   Code   RO         8136    i.rt_interrupt_leave  irq.o
    0x08009d94   0x08009d94   0x00000014   Code   RO         7861    i.rt_ipc_list_resume  ipc.o
    0x08009da8   0x08009da8   0x0000006e   Code   RO         7863    i.rt_ipc_list_suspend  ipc.o
    0x08009e16   0x08009e16   0x00000010   Code   RO         7864    i.rt_ipc_object_init  ipc.o
    0x08009e26   0x08009e26   0x00000002   PAD
    0x08009e28   0x08009e28   0x00000030   Code   RO         8178    i.rt_kprintf        kservice.o
    0x08009e58   0x08009e58   0x00000006   Code   RO         7865    i.rt_list_init      ipc.o
    0x08009e5e   0x08009e5e   0x00000006   Code   RO         8637    i.rt_list_init      scheduler.o
    0x08009e64   0x08009e64   0x00000006   Code   RO         8867    i.rt_list_init      timer.o
    0x08009e6a   0x08009e6a   0x0000000e   Code   RO         8516    i.rt_list_insert_after  object.o
    0x08009e78   0x08009e78   0x0000000e   Code   RO         8715    i.rt_list_insert_after  thread.o
    0x08009e86   0x08009e86   0x0000000e   Code   RO         8868    i.rt_list_insert_after  timer.o
    0x08009e94   0x08009e94   0x0000000e   Code   RO         7866    i.rt_list_insert_before  ipc.o
    0x08009ea2   0x08009ea2   0x00000010   Code   RO         7867    i.rt_list_isempty   ipc.o
    0x08009eb2   0x08009eb2   0x00000010   Code   RO         8869    i.rt_list_isempty   timer.o
    0x08009ec2   0x08009ec2   0x00000012   Code   RO         8517    i.rt_list_remove    object.o
    0x08009ed4   0x08009ed4   0x00000012   Code   RO         8716    i.rt_list_remove    thread.o
    0x08009ee6   0x08009ee6   0x00000012   Code   RO         8870    i.rt_list_remove    timer.o
    0x08009ef8   0x08009ef8   0x00000188   Code   RO         8353    i.rt_malloc         mem.o
    0x0800a080   0x0800a080   0x0000007c   Code   RO         8182    i.rt_memcpy         kservice.o
    0x0800a0fc   0x0800a0fc   0x00000048   Code   RO         8184    i.rt_memset         kservice.o
    0x0800a144   0x0800a144   0x00000088   Code   RO         7877    i.rt_mq_create      ipc.o
    0x0800a1cc   0x0800a1cc   0x00000160   Code   RO         7881    i.rt_mq_recv        ipc.o
    0x0800a32c   0x0800a32c   0x00000016   Code   RO         7882    i.rt_mq_send        ipc.o
    0x0800a342   0x0800a342   0x00000002   PAD
    0x0800a344   0x0800a344   0x00000144   Code   RO         7883    i.rt_mq_send_wait   ipc.o
    0x0800a488   0x0800a488   0x0000006c   Code   RO         8518    i.rt_object_allocate  object.o
    0x0800a4f4   0x0800a4f4   0x0000003c   Code   RO         8520    i.rt_object_delete  object.o
    0x0800a530   0x0800a530   0x00000034   Code   RO         8521    i.rt_object_detach  object.o
    0x0800a564   0x0800a564   0x00000028   Code   RO         8524    i.rt_object_get_information  object.o
    0x0800a58c   0x0800a58c   0x0000006c   Code   RO         8528    i.rt_object_init    object.o
    0x0800a5f8   0x0800a5f8   0x00000012   Code   RO         8529    i.rt_object_is_systemobject  object.o
    0x0800a60a   0x0800a60a   0x00000002   PAD
    0x0800a60c   0x0800a60c   0x0000009c   Code   RO         8638    i.rt_schedule       scheduler.o
    0x0800a6a8   0x0800a6a8   0x00000050   Code   RO         8639    i.rt_schedule_insert_thread  scheduler.o
    0x0800a6f8   0x0800a6f8   0x00000054   Code   RO         8640    i.rt_schedule_remove_thread  scheduler.o
    0x0800a74c   0x0800a74c   0x0000002a   Code   RO         7893    i.rt_sem_create     ipc.o
    0x0800a776   0x0800a776   0x00000026   Code   RO         7896    i.rt_sem_init       ipc.o
    0x0800a79c   0x0800a79c   0x00000068   Code   RO         7897    i.rt_sem_release    ipc.o
    0x0800a804   0x0800a804   0x000000a0   Code   RO         7898    i.rt_sem_take       ipc.o
    0x0800a8a4   0x0800a8a4   0x000000b0   Code   RO         8186    i.rt_show_version   kservice.o
    0x0800a954   0x0800a954   0x000000e8   Code   RO         8871    i.rt_soft_timer_check  timer.o
    0x0800aa3c   0x0800aa3c   0x0000001c   Code   RO         8190    i.rt_strcmp         kservice.o
    0x0800aa58   0x0800aa58   0x00000012   Code   RO         8192    i.rt_strlen         kservice.o
    0x0800aa6a   0x0800aa6a   0x00000034   Code   RO         8194    i.rt_strncpy        kservice.o
    0x0800aa9e   0x0800aa9e   0x00000002   PAD
    0x0800aaa0   0x0800aaa0   0x000000f8   Code   RO         8357    i.rt_system_heap_init  mem.o
    0x0800ab98   0x0800ab98   0x0000004c   Code   RO         8642    i.rt_system_scheduler_init  scheduler.o
    0x0800abe4   0x0800abe4   0x00000030   Code   RO         8643    i.rt_system_scheduler_start  scheduler.o
    0x0800ac14   0x0800ac14   0x0000001c   Code   RO         8872    i.rt_system_timer_init  timer.o
    0x0800ac30   0x0800ac30   0x00000054   Code   RO         8873    i.rt_system_timer_thread_init  timer.o
    0x0800ac84   0x0800ac84   0x00000050   Code   RO         8718    i.rt_thread_create  thread.o
    0x0800acd4   0x0800acd4   0x0000000c   Code   RO         8719    i.rt_thread_delay   thread.o
    0x0800ace0   0x0800ace0   0x00000058   Code   RO         8723    i.rt_thread_exit    thread.o
    0x0800ad38   0x0800ad38   0x00000028   Code   RO         7808    i.rt_thread_idle_entry  idle.o
    0x0800ad60   0x0800ad60   0x00000060   Code   RO         7809    i.rt_thread_idle_excute  idle.o
    0x0800adc0   0x0800adc0   0x0000003c   Code   RO         7811    i.rt_thread_idle_init  idle.o
    0x0800adfc   0x0800adfc   0x00000034   Code   RO         8725    i.rt_thread_init    thread.o
    0x0800ae30   0x0800ae30   0x00000014   Code   RO         8727    i.rt_thread_mdelay  thread.o
    0x0800ae44   0x0800ae44   0x00000054   Code   RO         8728    i.rt_thread_resume  thread.o
    0x0800ae98   0x0800ae98   0x0000000c   Code   RO         8730    i.rt_thread_self    thread.o
    0x0800aea4   0x0800aea4   0x00000044   Code   RO         8731    i.rt_thread_sleep   thread.o
    0x0800aee8   0x0800aee8   0x0000002c   Code   RO         8732    i.rt_thread_startup  thread.o
    0x0800af14   0x0800af14   0x0000005c   Code   RO         8733    i.rt_thread_suspend  thread.o
    0x0800af70   0x0800af70   0x00000020   Code   RO         8735    i.rt_thread_timeout  thread.o
    0x0800af90   0x0800af90   0x00000044   Code   RO         8874    i.rt_thread_timer_entry  timer.o
    0x0800afd4   0x0800afd4   0x00000064   Code   RO         8736    i.rt_thread_yield   thread.o
    0x0800b038   0x0800b038   0x00000038   Code   RO         7696    i.rt_tick_from_millisecond  clock.o
    0x0800b070   0x0800b070   0x0000000c   Code   RO         7697    i.rt_tick_get       clock.o
    0x0800b07c   0x0800b07c   0x00000030   Code   RO         7698    i.rt_tick_increase  clock.o
    0x0800b0ac   0x0800b0ac   0x000000d0   Code   RO         8875    i.rt_timer_check    timer.o
    0x0800b17c   0x0800b17c   0x00000062   Code   RO         8876    i.rt_timer_control  timer.o
    0x0800b1de   0x0800b1de   0x00000028   Code   RO         8879    i.rt_timer_detach   timer.o
    0x0800b206   0x0800b206   0x0000002e   Code   RO         8882    i.rt_timer_init     timer.o
    0x0800b234   0x0800b234   0x0000002c   Code   RO         8883    i.rt_timer_list_next_timeout  timer.o
    0x0800b260   0x0800b260   0x00000140   Code   RO         8885    i.rt_timer_start    timer.o
    0x0800b3a0   0x0800b3a0   0x00000048   Code   RO         8886    i.rt_timer_stop     timer.o
    0x0800b3e8   0x0800b3e8   0x00000340   Code   RO         8197    i.rt_vsnprintf      kservice.o
    0x0800b728   0x0800b728   0x00000004   Code   RO         7738    i.rti_board_end     components.o
    0x0800b72c   0x0800b72c   0x00000004   Code   RO         7739    i.rti_board_start   components.o
    0x0800b730   0x0800b730   0x00000004   Code   RO         7740    i.rti_end           components.o
    0x0800b734   0x0800b734   0x00000004   Code   RO         7741    i.rti_start         components.o
    0x0800b738   0x0800b738   0x0000002a   Code   RO         7742    i.rtthread_startup  components.o
    0x0800b762   0x0800b762   0x00000026   Code   RO         8199    i.skip_atoi         kservice.o
    0x0800b788   0x0800b788   0x0000001c   Code   RO         9317    i.strtod            m_ws.l(strtod.o)
    0x0800b7a4   0x0800b7a4   0x00000014   Code   RO         9321    i.strtof            m_ws.l(strtof.o)
    0x0800b7b8   0x0800b7b8   0x000000ac   Code   RO         7642    i.uart_init         board.o
    0x0800b864   0x0800b864   0x0000000f   Data   RO          758    .constdata          task_ad4111.o
    0x0800b873   0x0800b873   0x0000000f   Data   RO         1293    .constdata          ocd_jy901.o
    0x0800b882   0x0800b882   0x00000018   Data   RO         7595    .constdata          system_stm32f1xx.o
    0x0800b89a   0x0800b89a   0x00000122   Data   RO         8201    .constdata          kservice.o
    0x0800b9bc   0x0800b9bc   0x00000081   Data   RO         9757    .constdata          mc_w.l(ctype_o.o)
    0x0800ba3d   0x0800ba3d   0x00000003   PAD
    0x0800ba40   0x0800ba40   0x00000004   Data   RO         9758    .constdata          mc_w.l(ctype_o.o)
    0x0800ba44   0x0800ba44   0x00000004   Data   RO         7743    .rti_fn.0           components.o
    0x0800ba48   0x0800ba48   0x00000004   Data   RO         7744    .rti_fn.0.end       components.o
    0x0800ba4c   0x0800ba4c   0x00000004   Data   RO         7645    .rti_fn.1           board.o
    0x0800ba50   0x0800ba50   0x00000004   Data   RO         7745    .rti_fn.1.end       components.o
    0x0800ba54   0x0800ba54   0x00000004   Data   RO         7746    .rti_fn.6.end       components.o
    0x0800ba58   0x0800ba58   0x00000020   Data   RO         9799    Region$$Table       anon$$obj.o


    Execution Region RW_IRAM1 (Exec base: 0x20000000, Load base: 0x0800ba78, Size: 0x00006d30, Max: 0x0000c000, ABSOLUTE, COMPRESSED[0x00000350])

    Exec Addr    Load Addr    Size         Type   Attr      Idx    E Section Name        Object

    0x20000000   COMPRESSED   0x0000003c   Data   RW          241    .data               usercode.o
    0x2000003c   COMPRESSED   0x00000004   PAD
    0x20000040   COMPRESSED   0x00001080   Data   RW          338    .data               config.o
    0x200010c0   COMPRESSED   0x00000014   Data   RW          670    .data               task_reportdata.o
    0x200010d4   COMPRESSED   0x0000000f   Data   RW          822    .data               task_imx6ull.o
    0x200010e3   COMPRESSED   0x00000001   PAD
    0x200010e4   COMPRESSED   0x0000000b   Data   RW          850    .data               task_ds1337.o
    0x200010ef   COMPRESSED   0x00000001   PAD
    0x200010f0   COMPRESSED   0x00000048   Data   RW         1493    .data               ocd_ms5837.o
    0x20001138   COMPRESSED   0x00000008   Data   RW         2446    .data               drv_hal.o
    0x20001140   COMPRESSED   0x00000004   Data   RW         3040    .data               drv_hal_pwm.o
    0x20001144   COMPRESSED   0x00000009   Data   RW         3533    .data               stm32f1xx_hal.o
    0x2000114d   COMPRESSED   0x00000003   PAD
    0x20001150   COMPRESSED   0x00000004   Data   RW         7596    .data               system_stm32f1xx.o
    0x20001154   COMPRESSED   0x00000004   Data   RW         7700    .data               clock.o
    0x20001158   COMPRESSED   0x00000009   Data   RW         8138    .data               irq.o
    0x20001161   COMPRESSED   0x00000003   PAD
    0x20001164   COMPRESSED   0x00000020   Data   RW         8359    .data               mem.o
    0x20001184   COMPRESSED   0x000000a4   Data   RW         8534    .data               object.o
    0x20001228   COMPRESSED   0x0000001c   Data   RW         8645    .data               scheduler.o
    0x20001244   COMPRESSED   0x0000000c   Data   RW         8737    .data               thread.o
    0x20001250   COMPRESSED   0x00000020   Data   RW         8888    .data               timer.o
    0x20001270   COMPRESSED   0x00000010   Data   RW         9007    .data               cpuport.o
    0x20001280   COMPRESSED   0x00000294   Data   RW         9065    .data               ocd_ad24bit-1K_SYNC.lib(ocd_ad24bit.o)
    0x20001514   COMPRESSED   0x00000004   Data   RW         9346    .data               mc_w.l(strtok.o)
    0x20001518   COMPRESSED   0x00000004   Data   RW         9714    .data               mc_w.l(mvars.o)
    0x2000151c   COMPRESSED   0x00000004   Data   RW         9715    .data               mc_w.l(mvars.o)
    0x20001520   COMPRESSED   0x00000004   Data   RW         9719    .data               mc_w.l(errno.o)
    0x20001524        -       0x0000008a   Zero   RW          669    .bss                task_reportdata.o
    0x200015ae   COMPRESSED   0x00000002   PAD
    0x200015b0        -       0x00000090   Zero   RW          821    .bss                task_imx6ull.o
    0x20001640        -       0x00000100   Zero   RW         2445    .bss                drv_hal.o
    0x20001740        -       0x00003c40   Zero   RW         7643    .bss                board.o
    0x20005380        -       0x00000190   Zero   RW         7813    .bss                idle.o
    0x20005510        -       0x00000080   Zero   RW         8200    .bss                kservice.o
    0x20005590        -       0x00000020   Zero   RW         8358    .bss                mem.o
    0x200055b0        -       0x00000100   Zero   RW         8644    .bss                scheduler.o
    0x200056b0        -       0x00000280   Zero   RW         8887    .bss                timer.o
    0x20005930        -       0x00001000   Zero   RW         7628    HEAP                startup_stm32f103xe.o
    0x20006930        -       0x00000400   Zero   RW         7627    STACK               startup_stm32f103xe.o


==============================================================================

Image component sizes


      Code (inc. data)   RO Data    RW Data    ZI Data      Debug   Object Name

       336         30          4          0      15424       3920   board.o
       116         12          0          4          0       1648   clock.o
       186         30         16          0          0       5588   components.o
         0          0          0       4224          0        900   config.o
       244         28          0          0          0        772   context_rvds.o
       588        328          0         16          0       3290   cpuport.o
       572        112          0          8        256       8037   drv_hal.o
        92          0          0          0          0       1098   drv_hal_delay.o
       696         44          0          0          0       3740   drv_hal_gpio.o
       636          0          0          0          0       8678   drv_hal_iic_soft.o
      4136       1300          0          4          0       6195   drv_hal_pwm.o
       380         60          0          0          0       3668   drv_hal_spi.o
      2630        254          0          0          0      10183   drv_hal_uart.o
       196         30          0          0        400       5178   idle.o
      1360         24          0          0          0      12792   ipc.o
       104         20          0          9          0       1674   irq.o
      1872        164        290          0        128       9976   kservice.o
        36         16          0          0          0     501391   main.o
      1008        234          0         32         32       3928   mem.o
       418         24          0        164          0       8536   object.o
       526          0          0          0          0       4066   ocd_ds3231.o
      1370        104         15          0          0       8435   ocd_jy901.o
      1636         76          0         72          0       4796   ocd_ms5837.o
       550         94          0         28        256       8302   scheduler.o
        36          8        304          0       5120        888   startup_stm32f103xe.o
       128         24          0          9          0       5555   stm32f1xx_hal.o
       344         22          0          0          0      30009   stm32f1xx_hal_cortex.o
      1778         28          0          0          0       5973   stm32f1xx_hal_dma.o
       860         40          0          0          0       3451   stm32f1xx_hal_gpio.o
      1784        110          0          0          0       6116   stm32f1xx_hal_rcc.o
      1432          6          0          0          0       6342   stm32f1xx_hal_spi.o
      1230         80          0          0          0       7650   stm32f1xx_hal_tim.o
      2082         38          0          0          0      16872   stm32f1xx_hal_uart.o
       166         22         24          4          0       2143   system_stm32f1xx.o
       384         74         15          0          0       2009   task_ad4111.o
       100         18          0         11          0       1584   task_ds1337.o
       268        114          0         15        144       1340   task_imx6ull.o
       868        122          0          0          0       1465   task_ipccmd.o
       194         42          0          0          0       6396   task_irq.o
       176         14          0          0          0        504   task_jy901.o
       104         12          0          0          0       1607   task_motorsys.o
        60         14          0          0          0        469   task_ms5837.o
       252         52          0         20        138       1960   task_reportdata.o
       252          0          0          0          0        967   task_test.o
       208         94          0          0          0        560   task_userinit.o
       900         56          0         12          0      13393   thread.o
       456        102          0          0          0       5078   threadpool.o
      1388        102          0         32        640      13587   timer.o
       636        314          0         60          0       8823   usercode.o

    ----------------------------------------------------------------------
     35808       4492        700       4736      22540     771532   Object Totals
         0          0         32          0          0          0   (incl. Generated)
        34          0          0         12          2          0   (incl. Padding)

    ----------------------------------------------------------------------

      Code (inc. data)   RO Data    RW Data    ZI Data      Debug   Library Member Name

        42          0          0          0          0         84   atof.o
        88          8          0          0          0         76   frexp.o
       204          4          0          0          0        168   narrow.o
        28          0          0          0          0         80   strtod.o
        20          0          0          0          0         76   strtof.o
        56          8          0          0          0         84   __0sscanf.o
        86          0          0          0          0          0   __dczerorl2.o
        28          0          0          0          0         68   _chval.o
       812          4          0          0          0        112   _scanf.o
       332          0          0          0          0         96   _scanf_int.o
       224          0          0          0          0         96   _scanf_str.o
        64          0          0          0          0         84   _sgetc.o
       158          0          0          0          0         92   _strtoul.o
        26          0          0          0          0         80   atoi.o
        28          0          0          0          0         76   calloc.o
         8          4        133          0          0         68   ctype_o.o
         0          0          0          0          0          0   entry.o
         0          0          0          0          0          0   entry10a.o
         0          0          0          0          0          0   entry11a.o
         8          4          0          0          0          0   entry2.o
         4          0          0          0          0          0   entry5.o
         0          0          0          0          0          0   entry7b.o
         0          0          0          0          0          0   entry8b.o
         8          4          0          0          0          0   entry9a.o
        32         16          0          4          0        204   errno.o
        30          0          0          0          0          0   handlers.o
        36          8          0          0          0         68   init.o
        18          0          0          0          0         76   isspace_o.o
         0          0          0          0          0          0   iusefp.o
        98          0          0          0          0         84   ldiv.o
        30          0          0          0          0         68   llshl.o
        36          0          0          0          0         68   llsshr.o
        32          0          0          0          0         68   llushr.o
       188         20          0          0          0        160   malloc.o
        36          0          0          0          0         68   memcpya.o
        36          0          0          0          0        108   memseta.o
         0          0          0          8          0          0   mvars.o
      2324         94          0          0          0        600   printfa.o
        40          8          0          0          0         84   scanf_char.o
       878         12          0          0          0        216   scanf_fp.o
        28          0          0          0          0         76   strcmp.o
        30          0          0          0          0         80   strncmp.o
       156         12          0          0          0        120   strtod.o
        26          0          0          0          0         80   strtof.o
        68          6          0          4          0         80   strtok.o
       112          0          0          0          0         88   strtol.o
        44          0          0          0          0         80   uidiv.o
        98          0          0          0          0         92   uldiv.o
        48          0          0          0          0         68   cdcmple.o
        48          0          0          0          0         68   cdrcmple.o
        20          0          0          0          0         68   cfcmple.o
        56          0          0          0          0         88   d2f.o
       334          0          0          0          0        148   dadd.o
       222          0          0          0          0        100   ddiv.o
       186          0          0          0          0        176   depilogue.o
        50          0          0          0          0         76   dfixui.o
        48          0          0          0          0         68   dfixul.o
        26          0          0          0          0         76   dfltui.o
        24          0          0          0          0         76   dfltul.o
       228          0          0          0          0         96   dmul.o
        46          0          0          0          0         80   dscalb.o
        38          0          0          0          0         68   f2d.o
       176          0          0          0          0        140   fadd.o
       124          0          0          0          0         88   fdiv.o
       110          0          0          0          0        168   fepilogue.o
        40          0          0          0          0         68   ffixui.o
        18          0          0          0          0         68   fflti.o
        44          0          0          0          0         92   ffltl.o
        10          0          0          0          0         68   ffltui.o
       100          0          0          0          0         76   fmul.o
         4          0          0          0          0         68   fpstat.o
      2480         44          0        660          0     427279   ocd_ad24bit.o

    ----------------------------------------------------------------------
     11092        256        136        676          0     433279   Library Totals
        12          0          3          0          0          0   (incl. Padding)

    ----------------------------------------------------------------------

      Code (inc. data)   RO Data    RW Data    ZI Data      Debug   Library Name

       382         12          0          0          0        484   m_ws.l
      6218        200        133         16          0       3424   mc_w.l
      2000          0          0          0          0       2092   mf_w.l
      2480         44          0        660          0     427279   ocd_ad24bit-1K_SYNC.lib

    ----------------------------------------------------------------------
     11092        256        136        676          0     433279   Library Totals

    ----------------------------------------------------------------------

==============================================================================


      Code (inc. data)   RO Data    RW Data    ZI Data      Debug   

     46900       4748        836       5412      22540    1185023   Grand Totals
     46900       4748        836        848      22540    1185023   ELF Image Totals (compressed)
     46900       4748        836        848          0          0   ROM Totals

==============================================================================

    Total RO  Size (Code + RO Data)                47736 (  46.62kB)
    Total RW  Size (RW Data + ZI Data)             27952 (  27.30kB)
    Total ROM Size (Code + RO Data + RW Data)      48584 (  47.45kB)

==============================================================================

