<html>
<body>
<pre>
<h1>µVision Build Log</h1>
<h2>Tool Versions:</h2>
IDE-Version: ¦ÌVision V5.28.0.0
Copyright (C) 2019 ARM Ltd and ARM Germany GmbH. All rights reserved.
License Information: 1 bcl, 1, LIC=R4HEV-PV6CB-8V71H-W697N-P01QZ-PPNWF
 
Tool Versions:
Toolchain:       MDK-ARM Professional  Version: 5.28.0.0
Toolchain Path:  F:\Keil_v5\ARM\ARMCC\Bin
C Compiler:      Armcc.exe V5.06 update 6 (build 750)
Assembler:       Armasm.exe V5.06 update 6 (build 750)
Linker/Locator:  ArmLink.exe V5.06 update 6 (build 750)
Library Manager: ArmAr.exe V5.06 update 6 (build 750)
Hex Converter:   FromElf.exe V5.06 update 6 (build 750)
CPU DLL:         SARMCM3.DLL V5.28.0.0
Dialog DLL:      DCM.DLL V1.17.3.0
Target DLL:      STLink\ST-LINKIII-KEIL_SWO.dll V3.0.6.0
Dialog DLL:      TCM.DLL V1.36.2.0
 
<h2>Project:</h2>
D:\STM32code\SGA_Crucis_RTOS\Project\STM32.uvprojx
Project File Date:  10/20/2022

<h2>Output:</h2>
*** Using Compiler 'V5.06 update 6 (build 750)', folder: 'F:\Keil_v5\ARM\ARMCC\Bin'
Build target 'Demo'
compiling task_sysinit.c...
compiling main.c...
compiling task_irq.c...
compiling usercode.c...
compiling task_motor.c...
compiling task_userinit.c...
compiling task_steer.c...
compiling task_motionmode.c...
compiling ocd_at24cxx.c...
compiling ocd_ads4111.c...
compiling bsp_io.c...
compiling ocd_ads1256.c...
compiling ocd_ds3231.c...
compiling ocd_fatfs.c...
compiling ocd_jy901.c...
compiling ocd_sdcard.c...
compiling drv_hal.c...
compiling ocd_oled.c...
compiling sga_func.c...
compiling drv_hal_adc.c...
compiling drv_hal_delay.c...
compiling drv_hal_gpio.c...
compiling drv_hal_iic_soft.c...
compiling drv_hal_pwm.c...
compiling drv_hal_spi.c...
compiling drv_hal_timer.c...
compiling drv_hal_uart.c...
compiling board.c...
linking...
Program Size: Code=23028 RO-data=688 RW-data=2316 ZI-data=17756  
".\Objects\STM32.axf" - 0 Error(s), 0 Warning(s).

<h2>Software Packages used:</h2>

Package Vendor: Keil
                http://www.keil.com/pack/Keil.STM32F1xx_DFP.2.4.0.pack
                Keil.STM32F1xx_DFP.2.4.0
                STMicroelectronics STM32F1 Series Device Support, Drivers and Examples

<h2>Collection of Component include folders:</h2>
  .\RTE\_Demo
  F:\Keil_v5\Keil\STM32F1xx_DFP\2.4.0\Device\Include

<h2>Collection of Component Files used:</h2>
Build Time Elapsed:  00:00:46
</pre>
</body>
</html>
